******************************************************************************
                  TI ARM Linker Unix v15.12.3                  
******************************************************************************
>> Linked Sun Jan 29 11:48:54 2017

OUTPUT FILE NAME:   <Arm_Controller.out>
ENTRY POINT SYMBOL: "_c_int00"  address: 00003c0d


MEMORY CONFIGURATION

         name            origin    length      used     unused   attr    fill
----------------------  --------  ---------  --------  --------  ----  --------
  FLASH                 00000000   00040000  00004570  0003ba90  R  X
  SRAM                  20000000   00008000  000005f4  00007a0c  RW X


SEGMENT ALLOCATION MAP

run origin  load origin   length   init length attrs members
----------  ----------- ---------- ----------- ----- -------
00000000    00000000    00004574   00004574    r-x
  00000000    00000000    0000026c   0000026c    r-- .intvecs
  0000026c    0000026c    00003ff0   00003ff0    r-x .text
  0000425c    0000425c    00000270   00000270    r-- .const
  000044d0    000044d0    000000a4   000000a4    r-- .cinit
20000000    20000000    000005f8   00000000    rw-
  20000000    20000000    00000200   00000000    rw- .stack
  20000200    20000200    000001fc   00000000    rw- .data
  200003fc    200003fc    000001f0   00000000    rw- .bss
  200005f0    200005f0    00000008   00000000    rw- .sysmem


SECTION ALLOCATION MAP

 output                                  attributes/
section   page    origin      length       input sections
--------  ----  ----------  ----------   ----------------
.intvecs   0    00000000    0000026c     
                  00000000    0000026c     tm4c123gh6pm_startup_ccs.obj (.intvecs)

.text      0    0000026c    00003ff0     
                  0000026c    00001110     rtsv7M4_T_le_v4SPD16_eabi.lib : _printfi.obj (.text)
                  0000137c    000003dc                                   : memory.obj (.text)
                  00001758    00000324                                   : trgdrv.obj (.text)
                  00001a7c    0000030c                                   : lowlev.obj (.text)
                  00001d88    0000025c     configuration.obj (.text)
                  00001fe4    0000023c     main.obj (.text)
                  00002220    000001f4     rtsv7M4_T_le_v4SPD16_eabi.lib : ull_div_t2.obj (.text)
                  00002414    000001c4                                   : fopen.obj (.text)
                  000025d8    000001b6                                   : fd_add_t2.obj (.text)
                  0000278e    00000136                                   : fd_div_t2.obj (.text)
                  000028c4    00000134                                   : fputs.obj (.text)
                  000029f8    00000132     driverlib.lib : gpio.obj (.text:GPIOPadConfigSet)
                  00002b2a    00000002     rtsv7M4_T_le_v4SPD16_eabi.lib : mpu_init.obj (.text)
                  00002b2c    0000012c     motor_run.obj (.text)
                  00002c58    00000118     loop_tests.obj (.text)
                  00002d70    00000110     driverlib.lib : sysctl.obj (.text:SysCtlClockGet)
                  00002e80    000000fc     rtsv7M4_T_le_v4SPD16_eabi.lib : fd_mul_t2.obj (.text)
                  00002f7c    000000fc                                   : s_scalbn.obj (.text)
                  00003078    000000f4     driverlib.lib : sysctl.obj (.text:SysCtlClockSet)
                  0000316c    000000dc     rtsv7M4_T_le_v4SPD16_eabi.lib : setvbuf.obj (.text)
                  00003248    000000c8                                   : fflush.obj (.text)
                  00003310    000000ac                                   : _io_perm.obj (.text)
                  000033bc    0000009c                                   : memcpy_t2.obj (.text)
                  00003458    00000098                                   : fclose.obj (.text)
                  000034f0    00000098                                   : fputc.obj (.text)
                  00003588    00000094     sensor_readings.obj (.text)
                  0000361c    00000086     rtsv7M4_T_le_v4SPD16_eabi.lib : fd_cmp_t2.obj (.text:__aeabi_cdcmple)
                  000036a2    00000086                                   : fd_cmp_t2.obj (.text:__aeabi_cdrcmple)
                  00003728    0000007a     driverlib.lib : adc.obj (.text:ADCSequenceStepConfigure)
                  000037a2    0000007a     rtsv7M4_T_le_v4SPD16_eabi.lib : memset_t2.obj (.text)
                  0000381c    00000070                                   : autoinit.obj (.text)
                  0000388c    0000006c                                   : fprintf.obj (.text)
                  000038f8    0000006a                                   : copy_decompress_rle.obj (.text)
                  00003962    00000002                                   : startup.obj (.text)
                  00003964    00000068     driverlib.lib : interrupt.obj (.text:IntEnable)
                  000039cc    00000068     rtsv7M4_T_le_v4SPD16_eabi.lib : trgmsg.obj (.text)
                  00003a34    00000064                                   : fseek.obj (.text)
                  00003a98    00000064                                   : s_frexp.obj (.text)
                  00003afc    00000060     driverlib.lib : timer.obj (.text:TimerConfigure)
                  00003b5c    00000058                   : adc.obj (.text:ADCSequenceConfigure)
                  00003bb4    00000056     rtsv7M4_T_le_v4SPD16_eabi.lib : ltoa.obj (.text)
                  00003c0a    00000002     --HOLE-- [fill = 0]
                  00003c0c    00000054                                   : boot.obj (.text)
                  00003c60    00000054                                   : exit.obj (.text)
                  00003cb4    0000004c                                   : atoi.obj (.text)
                  00003d00    0000004c                                   : cpy_tbl.obj (.text)
                  00003d4c    00000048     driverlib.lib : gpio.obj (.text:GPIOPinConfigure)
                  00003d94    00000048     rtsv7M4_T_le_v4SPD16_eabi.lib : fd_toi_t2.obj (.text)
                  00003ddc    00000044                                   : fd_tou_t2.obj (.text)
                  00003e20    00000038     driverlib.lib : sysctl.obj (.text:SysCtlPeripheralReady)
                  00003e58    00000034                   : sysctl.obj (.text:SysCtlPeripheralEnable)
                  00003e8c    00000030     rtsv7M4_T_le_v4SPD16_eabi.lib : strncpy.obj (.text)
                  00003ebc    0000002e     driverlib.lib : adc.obj (.text:ADCIntStatus)
                  00003eea    0000002e     rtsv7M4_T_le_v4SPD16_eabi.lib : i_tofd_t2.obj (.text)
                  00003f18    0000002a     driverlib.lib : gpio.obj (.text:GPIODirModeSet)
                  00003f42    00000022                   : pwm.obj (.text:PWMGenConfigure)
                  00003f64    00000020     rtsv7M4_T_le_v4SPD16_eabi.lib : memchr.obj (.text)
                  00003f84    00000020                                   : u_tofd_t2.obj (.text)
                  00003fa4    0000001e     driverlib.lib : adc.obj (.text:ADCSequenceDataGet)
                  00003fc2    0000001e                   : pwm.obj (.text:PWMPulseWidthSet)
                  00003fe0    0000001c     rtsv7M4_T_le_v4SPD16_eabi.lib : memccpy.obj (.text)
                  00003ffc    00000018     driverlib.lib : adc.obj (.text:ADCProcessorTrigger)
                  00004014    00000018                   : gpio.obj (.text:GPIOPinTypeGPIOOutput)
                  0000402c    00000018                   : sysctl.obj (.text:SysCtlPWMClockGet)
                  00004044    00000018     rtsv7M4_T_le_v4SPD16_eabi.lib : args_main.obj (.text)
                  0000405c    00000018                                   : strcmp.obj (.text)
                  00004074    00000016                                   : strchr.obj (.text)
                  0000408a    00000002     --HOLE-- [fill = 0]
                  0000408c    00000014     driverlib.lib : sysctl.obj (.text:SysCtlPWMClockSet)
                  000040a0    00000014     rtsv7M4_T_le_v4SPD16_eabi.lib : _lock.obj (.text)
                  000040b4    00000014                                   : s_copysign.obj (.text)
                  000040c8    00000014                                   : strcpy.obj (.text)
                  000040dc    00000014                                   : strlen.obj (.text)
                  000040f0    00000012     driverlib.lib : gpio.obj (.text:GPIOPinTypeADC)
                  00004102    00000012                   : gpio.obj (.text:GPIOPinTypePWM)
                  00004114    00000012                   : gpio.obj (.text:GPIOPinTypeQEI)
                  00004126    00000012                   : pwm.obj (.text:PWMGenPeriodGet)
                  00004138    00000012                   : pwm.obj (.text:PWMOutputState)
                  0000414a    00000012                   : timer.obj (.text:TimerLoadSet)
                  0000415c    00000010                   : interrupt.obj (.text:IntMasterEnable)
                  0000416c    00000010                   : pwm.obj (.text:PWMGenPeriodSet)
                  0000417c    00000010                   : qei.obj (.text:QEIVelocityConfigure)
                  0000418c    0000000e                   : adc.obj (.text:ADCSequenceEnable)
                  0000419a    0000000e                   : qei.obj (.text:QEIConfigure)
                  000041a8    0000000e                   : qei.obj (.text:QEIDirectionGet)
                  000041b6    0000000e                   : timer.obj (.text:TimerEnable)
                  000041c4    0000000e     rtsv7M4_T_le_v4SPD16_eabi.lib : copy_decompress_none.obj (.text:decompress:none)
                  000041d2    0000000c     driverlib.lib : cpu.obj (.text:CPUcpsie)
                  000041de    0000000c                   : pwm.obj (.text:PWMGenEnable)
                  000041ea    0000000c     tm4c123gh6pm_startup_ccs.obj (.text)
                  000041f6    0000000a     driverlib.lib : adc.obj (.text:ADCIntClear)
                  00004200    0000000a                   : qei.obj (.text:QEIDisable)
                  0000420a    0000000a                   : qei.obj (.text:QEIEnable)
                  00004214    0000000a                   : qei.obj (.text:QEIIntDisable)
                  0000421e    0000000a                   : qei.obj (.text:QEIVelocityDisable)
                  00004228    0000000a                   : qei.obj (.text:QEIVelocityEnable)
                  00004232    00000008                   : timer.obj (.text:TimerIntEnable)
                  0000423a    00000006                   : gpio.obj (.text:GPIOPinWrite)
                  00004240    00000006                   : sysctl.obj (.text:SysCtlDelay)
                  00004246    00000006     rtsv7M4_T_le_v4SPD16_eabi.lib : copy_decompress_rle.obj (.text:decompress:rle24)
                  0000424c    00000004     driverlib.lib : qei.obj (.text:QEIPositionGet)
                  00004250    00000004                   : qei.obj (.text:QEIPositionSet)
                  00004254    00000004                   : qei.obj (.text:QEIVelocityGet)
                  00004258    00000004     rtsv7M4_T_le_v4SPD16_eabi.lib : pre_init.obj (.text)

.const     0    0000425c    00000270     
                  0000425c    00000101     rtsv7M4_T_le_v4SPD16_eabi.lib : ctype.obj (.const:.string:_ctypes_)
                  0000435d    00000003     --HOLE-- [fill = 0]
                  00004360    00000090     driverlib.lib : gpio.obj (.const:g_pui32GPIOBaseAddrs)
                  000043f0    00000070                   : interrupt.obj (.const)
                  00004460    0000006c                   : sysctl.obj (.const:g_pui32Xtals)

.cinit     0    000044d0    000000a4     
                  000044d0    0000007e     (.cinit..data.load) [load image, compression = rle]
                  0000454e    00000002     --HOLE-- [fill = 0]
                  00004550    0000000b     (.cinit..bss.load) [load image, compression = rle]
                  0000455b    00000001     --HOLE-- [fill = 0]
                  0000455c    00000008     (__TI_handler_table)
                  00004564    00000010     (__TI_cinit_table)

.init_array 
*          0    00000000    00000000     UNINITIALIZED

.stack     0    20000000    00000200     UNINITIALIZED
                  20000000    00000200     --HOLE--

.data      0    20000200    000001fc     UNINITIALIZED
                  20000200    000000f0     rtsv7M4_T_le_v4SPD16_eabi.lib : defs.obj (.data:_ftable)
                  200002f0    000000d0                                   : lowlev.obj (.data:$O1$$)
                  200003c0    00000010                                   : defs.obj (.data)
                  200003d0    0000000c                                   : exit.obj (.data:$O1$$)
                  200003dc    0000000c                                   : memory.obj (.data:$O1$$)
                  200003e8    00000008                                   : _lock.obj (.data:$O1$$)
                  200003f0    00000004                                   : errno.obj (.data)
                  200003f4    00000004                                   : fopen.obj (.data)
                  200003f8    00000004                                   : stkdepth_vars.obj (.data)

.bss       0    200003fc    000001f0     UNINITIALIZED
                  200003fc    00000120     rtsv7M4_T_le_v4SPD16_eabi.lib : trgmsg.obj (.bss:_CIOBUF_)
                  2000051c    000000a0     (.common:__TI_tmpnams)
                  200005bc    00000008                                   : trgdrv.obj (.bss:parmbuf)
                  200005c4    00000004     (.common:fp)
                  200005c8    00000004     (.common:motor_input)
                  200005cc    00000004     (.common:pui32ADC0Value)
                  200005d0    00000004     (.common:toFileADCRead)
                  200005d4    00000004     (.common:torque_input)
                  200005d8    00000004     (.common:ui32QEIDirection)
                  200005dc    00000004     (.common:ui32QEIPosition)
                  200005e0    00000004     (.common:ui32QEIPositionInitial)
                  200005e4    00000004     (.common:ui32QEIVelocity)
                  200005e8    00000004     (.common:vel_input)

.sysmem    0    200005f0    00000008     UNINITIALIZED
                  200005f0    00000008     rtsv7M4_T_le_v4SPD16_eabi.lib : memory.obj (.sysmem)

MODULE SUMMARY

       Module                         code    ro data   rw data
       ------                         ----    -------   -------
    ./
       configuration.obj              604     0         40     
       tm4c123gh6pm_startup_ccs.obj   12      620       0      
       main.obj                       572     0         0      
       motor_run.obj                  300     0         0      
       loop_tests.obj                 280     0         0      
       sensor_readings.obj            148     0         0      
    +--+------------------------------+-------+---------+---------+
       Total:                         1916    620       40     
                                                               
    /home/felix/.wine/drive_c/ti/TivaWare_C_Series-2.1.3.156/driverlib/ccs/Debug/driverlib.lib
       sysctl.obj                     674     108       0      
       gpio.obj                       504     144       0      
       adc.obj                        334     0         0      
       interrupt.obj                  120     112       0      
       timer.obj                      136     0         0      
       pwm.obj                        128     0         0      
       qei.obj                        106     0         0      
       cpu.obj                        12      0         0      
    +--+------------------------------+-------+---------+---------+
       Total:                         2014    364       0      
                                                               
    /home/felix/ti/ccsv6/tools/compiler/arm_15.12.3.LTS/lib/rtsv7M4_T_le_v4SPD16_eabi.lib
       _printfi.obj                   4368    0         0      
       memory.obj                     988     0         12     
       lowlev.obj                     780     0         208    
       trgdrv.obj                     804     0         8      
       ull_div_t2.obj                 500     0         0      
       fopen.obj                      452     0         4      
       fd_add_t2.obj                  438     0         0      
       defs.obj                       0       0         416    
       trgmsg.obj                     104     0         288    
       fd_div_t2.obj                  310     0         0      
       fputs.obj                      308     0         0      
       fd_cmp_t2.obj                  268     0         0      
       ctype.obj                      0       257       0      
       fd_mul_t2.obj                  252     0         0      
       s_scalbn.obj                   252     0         0      
       setvbuf.obj                    220     0         0      
       fflush.obj                     200     0         0      
       _io_perm.obj                   172     0         0      
       memcpy_t2.obj                  156     0         0      
       fclose.obj                     152     0         0      
       fputc.obj                      152     0         0      
       memset_t2.obj                  122     0         0      
       autoinit.obj                   112     0         0      
       copy_decompress_rle.obj        112     0         0      
       fprintf.obj                    108     0         0      
       fseek.obj                      100     0         0      
       s_frexp.obj                    100     0         0      
       exit.obj                       84      0         12     
       ltoa.obj                       86      0         0      
       boot.obj                       84      0         0      
       atoi.obj                       76      0         0      
       cpy_tbl.obj                    76      0         0      
       fd_toi_t2.obj                  72      0         0      
       fd_tou_t2.obj                  68      0         0      
       strncpy.obj                    48      0         0      
       i_tofd_t2.obj                  46      0         0      
       memchr.obj                     32      0         0      
       u_tofd_t2.obj                  32      0         0      
       _lock.obj                      20      0         8      
       memccpy.obj                    28      0         0      
       args_main.obj                  24      0         0      
       strcmp.obj                     24      0         0      
       strchr.obj                     22      0         0      
       s_copysign.obj                 20      0         0      
       strcpy.obj                     20      0         0      
       strlen.obj                     20      0         0      
       copy_decompress_none.obj       14      0         0      
       errno.obj                      0       0         4      
       pre_init.obj                   4       0         0      
       stkdepth_vars.obj              0       0         4      
       mpu_init.obj                   2       0         0      
       startup.obj                    2       0         0      
    +--+------------------------------+-------+---------+---------+
       Total:                         12434   257       964    
                                                               
       Heap:                          0       0         8      
       Stack:                         0       0         512    
       Linker Generated:              0       161       0      
    +--+------------------------------+-------+---------+---------+
       Grand Total:                   16364   1402      1524   


LINKER GENERATED COPY TABLES

__TI_cinit_table @ 00004564 records: 2, size/record: 8, table size: 16
	.data: load addr=000044d0, load size=0000007e bytes, run addr=20000200, run size=000001fc bytes, compression=rle
	.bss: load addr=00004550, load size=0000000b bytes, run addr=200003fc, run size=000001f0 bytes, compression=rle


LINKER GENERATED HANDLER TABLE

__TI_handler_table @ 0000455c records: 2, size/record: 4, table size: 8
	index: 0, handler: __TI_decompress_rle24
	index: 1, handler: __TI_decompress_none


GLOBAL SYMBOLS: SORTED ALPHABETICALLY BY Name 

address   name                           
-------   ----                           
000041f7  ADCIntClear                    
00003ebd  ADCIntStatus                   
00003ffd  ADCProcessorTrigger            
00003b5d  ADCSequenceConfigure           
00003fa5  ADCSequenceDataGet             
0000418d  ADCSequenceEnable              
00003729  ADCSequenceStepConfigure       
00003c61  C$$EXIT                        
000039fb  C$$IO$$                        
000041d3  CPUcpsie                       
00003f19  GPIODirModeSet                 
000029f9  GPIOPadConfigSet               
00003d4d  GPIOPinConfigure               
000040f1  GPIOPinTypeADC                 
00004015  GPIOPinTypeGPIOOutput          
00004103  GPIOPinTypePWM                 
00004115  GPIOPinTypeQEI                 
0000423b  GPIOPinWrite                   
00001a2f  HOSTclock                      
000019f7  HOSTclose                      
000019b9  HOSTgetenv                     
0000195d  HOSTlseek                      
0000190b  HOSTopen                       
000018bf  HOSTread                       
00001861  HOSTrename                     
00001827  HOSTtime                       
000017dd  HOSTtime64                     
000017a5  HOSTunlink                     
00001759  HOSTwrite                      
00003965  IntEnable                      
0000415d  IntMasterEnable                
00003f43  PWMGenConfigure                
000041df  PWMGenEnable                   
00004127  PWMGenPeriodGet                
0000416d  PWMGenPeriodSet                
00004139  PWMOutputState                 
00003fc3  PWMPulseWidthSet               
0000419b  QEIConfigure                   
000041a9  QEIDirectionGet                
00004201  QEIDisable                     
0000420b  QEIEnable                      
00004215  QEIIntDisable                  
0000424d  QEIPositionGet                 
00004251  QEIPositionSet                 
0000417d  QEIVelocityConfigure           
0000421f  QEIVelocityDisable             
00004229  QEIVelocityEnable              
00004255  QEIVelocityGet                 
000041eb  ResetISR                       
UNDEFED   SHT$$INIT_ARRAY$$Base          
UNDEFED   SHT$$INIT_ARRAY$$Limit         
00002d71  SysCtlClockGet                 
00003079  SysCtlClockSet                 
00004241  SysCtlDelay                    
0000402d  SysCtlPWMClockGet              
0000408d  SysCtlPWMClockSet              
00003e59  SysCtlPeripheralEnable         
00003e21  SysCtlPeripheralReady          
00003afd  TimerConfigure                 
000041b7  TimerEnable                    
00004233  TimerIntEnable                 
000021b1  TimerIntHandler_Position       
00002189  TimerIntHandler_Torque         
0000219d  TimerIntHandler_Velocity       
0000414b  TimerLoadSet                   
200003fc  __CIOBUF_                      
20000200  __STACK_END                    
00000200  __STACK_SIZE                   
20000200  __STACK_TOP                    
00000008  __SYSMEM_SIZE                  
00004564  __TI_CINIT_Base                
00004574  __TI_CINIT_Limit               
0000455c  __TI_Handler_Table_Base        
00004564  __TI_Handler_Table_Limit       
0000381d  __TI_auto_init                 
000024dd  __TI_cleanup                   
200003d0  __TI_cleanup_ptr               
00003459  __TI_closefile                 
000041c5  __TI_decompress_none           
00004247  __TI_decompress_rle24          
00003249  __TI_doflush                   
200003d4  __TI_dtors_ptr                 
200003d8  __TI_enable_exit_profile_output
200003c0  __TI_ft_end                    
ffffffff  __TI_pprof_out_hndl            
00001077  __TI_printfi                   
ffffffff  __TI_prof_data_size            
ffffffff  __TI_prof_data_start           
00003373  __TI_rd_ok                     
000039ff  __TI_readmsg                   
00000000  __TI_static_base__             
2000051c  __TI_tmpnams                   
000039cd  __TI_writemsg                  
00003311  __TI_wrt_ok                    
0000361d  __aeabi_cdcmpeq                
0000361d  __aeabi_cdcmple                
000036a3  __aeabi_cdrcmple               
00003d95  __aeabi_d2iz                   
00003ddd  __aeabi_d2uiz                  
000025e3  __aeabi_dadd                   
0000278f  __aeabi_ddiv                   
00002e81  __aeabi_dmul                   
000025d9  __aeabi_dsub                   
00003eeb  __aeabi_i2d                    
000037a3  __aeabi_memclr                 
000037a3  __aeabi_memclr4                
000037a3  __aeabi_memclr8                
000033bd  __aeabi_memcpy                 
000033bd  __aeabi_memcpy4                
000033bd  __aeabi_memcpy8                
000037a5  __aeabi_memset                 
000037a5  __aeabi_memset4                
000037a5  __aeabi_memset8                
200003cc  __aeabi_stderr                 
200003c4  __aeabi_stdin                  
200003c8  __aeabi_stdout                 
00003f85  __aeabi_ui2d                   
00002221  __aeabi_uldivmod               
ffffffff  __binit__                      
ffffffff  __c_args__                     
00002b2b  __mpu_init                     
20000000  __stack                        
00004045  _args_main                     
00003c0d  _c_int00                       
0000425c  _ctypes_                       
20000200  _ftable                        
200003e8  _lock                          
000040af  _nop                           
000040a7  _register_lock                 
000040a1  _register_unlock               
200005f0  _sys_memory                    
00003963  _system_post_cinit             
00004259  _system_pre_init               
200003ec  _unlock                        
00003c65  abort                          
00001cdd  add_device                     
00003cb5  atoi                           
ffffffff  binit                          
00001725  calloc                         
00001c8d  close                          
00001f49  configure_ADC                  
00001e55  configure_gpio                 
00001f11  configure_motor                
00001d89  configure_pos_timer            
00001eaf  configure_qei                  
00001e11  configure_torque_timer         
00001f47  configure_uDMA                 
00001dcd  configure_vel_timer            
00003d01  copy_in                        
000040b5  copysign                       
000040b5  copysignl                      
200003f0  errno                          
00003c6d  exit                           
000034bf  fclose                         
00003295  fflush                         
00002533  fopen                          
200005c4  fp                             
00003895  fprintf                        
000034f1  fputc                          
000028c5  fputs                          
00001473  free                           
00002509  freopen                        
00003a99  frexp                          
00003a99  frexpl                         
00003a35  fseek                          
00000000  g_pfnVectors                   
000035b7  getCurrent                     
000035a9  getDirection                   
00003589  getPosition                    
00002d23  getSetPosition                 
00003597  getVelocity                    
00002f7d  ldexp                          
00002f7d  ldexpl                         
00001c69  lseek                          
00003bb5  ltoa                           
000021c9  main                           
200003f8  main_func_sp                   
0000140b  malloc                         
00001641  memalign                       
00003fe1  memccpy                        
00003f65  memchr                         
000033bd  memcpy                         
000037ab  memset                         
0000137d  minit                          
200005c8  motor_input                    
00002b2d  motor_run                      
00001bbb  open                           
00001fe5  pos_PI                         
00002ce1  pos_loop_test                  
00002c59  position_change_to             
200005cc  pui32ADC0Value                 
000034f1  putc                           
00003575  putchar                        
000029d1  puts                           
00001b97  read                           
00001535  realloc                        
00001b0d  remove                         
00001b6f  remove_device                  
00001b31  rename                         
00002f7d  scalbn                         
00002f7d  scalbnl                        
0000316d  setvbuf                        
00004075  strchr                         
0000405d  strcmp                         
000040c9  strcpy                         
000040dd  strlen                         
00003e8d  strncpy                        
200005d0  toFileADCRead                  
000020fd  torque_PI                      
200005d4  torque_input                   
200005d8  ui32QEIDirection               
200005dc  ui32QEIPosition                
200005e0  ui32QEIPositionInitial         
200005e4  ui32QEIVelocity                
00001b0d  unlink                         
00002071  vel_PI                         
200005e8  vel_input                      
00001a7d  write                          


GLOBAL SYMBOLS: SORTED BY Symbol Address 

address   name                           
-------   ----                           
00000000  __TI_static_base__             
00000000  g_pfnVectors                   
00000008  __SYSMEM_SIZE                  
00000200  __STACK_SIZE                   
00001077  __TI_printfi                   
0000137d  minit                          
0000140b  malloc                         
00001473  free                           
00001535  realloc                        
00001641  memalign                       
00001725  calloc                         
00001759  HOSTwrite                      
000017a5  HOSTunlink                     
000017dd  HOSTtime64                     
00001827  HOSTtime                       
00001861  HOSTrename                     
000018bf  HOSTread                       
0000190b  HOSTopen                       
0000195d  HOSTlseek                      
000019b9  HOSTgetenv                     
000019f7  HOSTclose                      
00001a2f  HOSTclock                      
00001a7d  write                          
00001b0d  remove                         
00001b0d  unlink                         
00001b31  rename                         
00001b6f  remove_device                  
00001b97  read                           
00001bbb  open                           
00001c69  lseek                          
00001c8d  close                          
00001cdd  add_device                     
00001d89  configure_pos_timer            
00001dcd  configure_vel_timer            
00001e11  configure_torque_timer         
00001e55  configure_gpio                 
00001eaf  configure_qei                  
00001f11  configure_motor                
00001f47  configure_uDMA                 
00001f49  configure_ADC                  
00001fe5  pos_PI                         
00002071  vel_PI                         
000020fd  torque_PI                      
00002189  TimerIntHandler_Torque         
0000219d  TimerIntHandler_Velocity       
000021b1  TimerIntHandler_Position       
000021c9  main                           
00002221  __aeabi_uldivmod               
000024dd  __TI_cleanup                   
00002509  freopen                        
00002533  fopen                          
000025d9  __aeabi_dsub                   
000025e3  __aeabi_dadd                   
0000278f  __aeabi_ddiv                   
000028c5  fputs                          
000029d1  puts                           
000029f9  GPIOPadConfigSet               
00002b2b  __mpu_init                     
00002b2d  motor_run                      
00002c59  position_change_to             
00002ce1  pos_loop_test                  
00002d23  getSetPosition                 
00002d71  SysCtlClockGet                 
00002e81  __aeabi_dmul                   
00002f7d  ldexp                          
00002f7d  ldexpl                         
00002f7d  scalbn                         
00002f7d  scalbnl                        
00003079  SysCtlClockSet                 
0000316d  setvbuf                        
00003249  __TI_doflush                   
00003295  fflush                         
00003311  __TI_wrt_ok                    
00003373  __TI_rd_ok                     
000033bd  __aeabi_memcpy                 
000033bd  __aeabi_memcpy4                
000033bd  __aeabi_memcpy8                
000033bd  memcpy                         
00003459  __TI_closefile                 
000034bf  fclose                         
000034f1  fputc                          
000034f1  putc                           
00003575  putchar                        
00003589  getPosition                    
00003597  getVelocity                    
000035a9  getDirection                   
000035b7  getCurrent                     
0000361d  __aeabi_cdcmpeq                
0000361d  __aeabi_cdcmple                
000036a3  __aeabi_cdrcmple               
00003729  ADCSequenceStepConfigure       
000037a3  __aeabi_memclr                 
000037a3  __aeabi_memclr4                
000037a3  __aeabi_memclr8                
000037a5  __aeabi_memset                 
000037a5  __aeabi_memset4                
000037a5  __aeabi_memset8                
000037ab  memset                         
0000381d  __TI_auto_init                 
00003895  fprintf                        
00003963  _system_post_cinit             
00003965  IntEnable                      
000039cd  __TI_writemsg                  
000039fb  C$$IO$$                        
000039ff  __TI_readmsg                   
00003a35  fseek                          
00003a99  frexp                          
00003a99  frexpl                         
00003afd  TimerConfigure                 
00003b5d  ADCSequenceConfigure           
00003bb5  ltoa                           
00003c0d  _c_int00                       
00003c61  C$$EXIT                        
00003c65  abort                          
00003c6d  exit                           
00003cb5  atoi                           
00003d01  copy_in                        
00003d4d  GPIOPinConfigure               
00003d95  __aeabi_d2iz                   
00003ddd  __aeabi_d2uiz                  
00003e21  SysCtlPeripheralReady          
00003e59  SysCtlPeripheralEnable         
00003e8d  strncpy                        
00003ebd  ADCIntStatus                   
00003eeb  __aeabi_i2d                    
00003f19  GPIODirModeSet                 
00003f43  PWMGenConfigure                
00003f65  memchr                         
00003f85  __aeabi_ui2d                   
00003fa5  ADCSequenceDataGet             
00003fc3  PWMPulseWidthSet               
00003fe1  memccpy                        
00003ffd  ADCProcessorTrigger            
00004015  GPIOPinTypeGPIOOutput          
0000402d  SysCtlPWMClockGet              
00004045  _args_main                     
0000405d  strcmp                         
00004075  strchr                         
0000408d  SysCtlPWMClockSet              
000040a1  _register_unlock               
000040a7  _register_lock                 
000040af  _nop                           
000040b5  copysign                       
000040b5  copysignl                      
000040c9  strcpy                         
000040dd  strlen                         
000040f1  GPIOPinTypeADC                 
00004103  GPIOPinTypePWM                 
00004115  GPIOPinTypeQEI                 
00004127  PWMGenPeriodGet                
00004139  PWMOutputState                 
0000414b  TimerLoadSet                   
0000415d  IntMasterEnable                
0000416d  PWMGenPeriodSet                
0000417d  QEIVelocityConfigure           
0000418d  ADCSequenceEnable              
0000419b  QEIConfigure                   
000041a9  QEIDirectionGet                
000041b7  TimerEnable                    
000041c5  __TI_decompress_none           
000041d3  CPUcpsie                       
000041df  PWMGenEnable                   
000041eb  ResetISR                       
000041f7  ADCIntClear                    
00004201  QEIDisable                     
0000420b  QEIEnable                      
00004215  QEIIntDisable                  
0000421f  QEIVelocityDisable             
00004229  QEIVelocityEnable              
00004233  TimerIntEnable                 
0000423b  GPIOPinWrite                   
00004241  SysCtlDelay                    
00004247  __TI_decompress_rle24          
0000424d  QEIPositionGet                 
00004251  QEIPositionSet                 
00004255  QEIVelocityGet                 
00004259  _system_pre_init               
0000425c  _ctypes_                       
0000455c  __TI_Handler_Table_Base        
00004564  __TI_CINIT_Base                
00004564  __TI_Handler_Table_Limit       
00004574  __TI_CINIT_Limit               
20000000  __stack                        
20000200  __STACK_END                    
20000200  __STACK_TOP                    
20000200  _ftable                        
200003c0  __TI_ft_end                    
200003c4  __aeabi_stdin                  
200003c8  __aeabi_stdout                 
200003cc  __aeabi_stderr                 
200003d0  __TI_cleanup_ptr               
200003d4  __TI_dtors_ptr                 
200003d8  __TI_enable_exit_profile_output
200003e8  _lock                          
200003ec  _unlock                        
200003f0  errno                          
200003f8  main_func_sp                   
200003fc  __CIOBUF_                      
2000051c  __TI_tmpnams                   
200005c4  fp                             
200005c8  motor_input                    
200005cc  pui32ADC0Value                 
200005d0  toFileADCRead                  
200005d4  torque_input                   
200005d8  ui32QEIDirection               
200005dc  ui32QEIPosition                
200005e0  ui32QEIPositionInitial         
200005e4  ui32QEIVelocity                
200005e8  vel_input                      
200005f0  _sys_memory                    
ffffffff  __TI_pprof_out_hndl            
ffffffff  __TI_prof_data_size            
ffffffff  __TI_prof_data_start           
ffffffff  __binit__                      
ffffffff  __c_args__                     
ffffffff  binit                          
UNDEFED   SHT$$INIT_ARRAY$$Base          
UNDEFED   SHT$$INIT_ARRAY$$Limit         

[218 symbols]
