******************************************************************************
                  TI ARM Linker PC v15.12.3                    
******************************************************************************
>> Linked Sat Jan 28 17:08:57 2017

OUTPUT FILE NAME:   <Arm_Controller.out>
ENTRY POINT SYMBOL: "_c_int00"  address: 00003bf9


MEMORY CONFIGURATION

         name            origin    length      used     unused   attr    fill
----------------------  --------  ---------  --------  --------  ----  --------
  FLASH                 00000000   00040000  0000453c  0003bac4  R  X
  SRAM                  20000000   00008000  000005f4  00007a0c  RW X


SEGMENT ALLOCATION MAP

run origin  load origin   length   init length attrs members
----------  ----------- ---------- ----------- ----- -------
00000000    00000000    0000453c   0000453c    r-x
  00000000    00000000    0000026c   0000026c    r-- .intvecs
  0000026c    0000026c    00003fbc   00003fbc    r-x .text
  00004228    00004228    00000270   00000270    r-- .const
  00004498    00004498    000000a4   000000a4    r-- .cinit
20000000    20000000    000005f8   00000000    rw-
  20000000    20000000    00000200   00000000    rw- .stack
  20000200    20000200    000001fc   00000000    rw- .data
  200003fc    200003fc    000001f0   00000000    rw- .bss
  200005f0    200005f0    00000008   00000000    rw- .sysmem


SECTION ALLOCATION MAP

 output                                  attributes/
section   page    origin      length       input sections
--------  ----  ----------  ----------   ----------------
.intvecs   0    00000000    0000026c     
                  00000000    0000026c     tm4c123gh6pm_startup_ccs.obj (.intvecs)

.text      0    0000026c    00003fbc     
                  0000026c    00001110     rtsv7M4_T_le_v4SPD16_eabi.lib : _printfi.obj (.text)
                  0000137c    000003dc                                   : memory.obj (.text)
                  00001758    00000324                                   : trgdrv.obj (.text)
                  00001a7c    0000030c                                   : lowlev.obj (.text)
                  00001d88    0000024c     configuration.obj (.text)
                  00001fd4    0000023c     main.obj (.text)
                  00002210    000001f4     rtsv7M4_T_le_v4SPD16_eabi.lib : ull_div_t2.obj (.text)
                  00002404    000001c4                                   : fopen.obj (.text)
                  000025c8    000001b6                                   : fd_add_t2.obj (.text)
                  0000277e    00000136                                   : fd_div_t2.obj (.text)
                  000028b4    00000134                                   : fputs.obj (.text)
                  000029e8    00000132     driverlib.lib : gpio.obj (.text:GPIOPadConfigSet)
                  00002b1a    00000002     rtsv7M4_T_le_v4SPD16_eabi.lib : mpu_init.obj (.text)
                  00002b1c    00000128     motor_run.obj (.text)
                  00002c44    00000118     loop_tests.obj (.text)
                  00002d5c    00000110     driverlib.lib : sysctl.obj (.text:SysCtlClockGet)
                  00002e6c    000000fc     rtsv7M4_T_le_v4SPD16_eabi.lib : fd_mul_t2.obj (.text)
                  00002f68    000000fc                                   : s_scalbn.obj (.text)
                  00003064    000000f4     driverlib.lib : sysctl.obj (.text:SysCtlClockSet)
                  00003158    000000dc     rtsv7M4_T_le_v4SPD16_eabi.lib : setvbuf.obj (.text)
                  00003234    000000c8                                   : fflush.obj (.text)
                  000032fc    000000ac                                   : _io_perm.obj (.text)
                  000033a8    0000009c                                   : memcpy_t2.obj (.text)
                  00003444    00000098                                   : fclose.obj (.text)
                  000034dc    00000098                                   : fputc.obj (.text)
                  00003574    00000094     sensor_readings.obj (.text)
                  00003608    00000086     rtsv7M4_T_le_v4SPD16_eabi.lib : fd_cmp_t2.obj (.text:__aeabi_cdcmple)
                  0000368e    00000086                                   : fd_cmp_t2.obj (.text:__aeabi_cdrcmple)
                  00003714    0000007a     driverlib.lib : adc.obj (.text:ADCSequenceStepConfigure)
                  0000378e    0000007a     rtsv7M4_T_le_v4SPD16_eabi.lib : memset_t2.obj (.text)
                  00003808    00000070                                   : autoinit.obj (.text)
                  00003878    0000006c                                   : fprintf.obj (.text)
                  000038e4    0000006a                                   : copy_decompress_rle.obj (.text)
                  0000394e    00000002                                   : startup.obj (.text)
                  00003950    00000068     driverlib.lib : interrupt.obj (.text:IntEnable)
                  000039b8    00000068     rtsv7M4_T_le_v4SPD16_eabi.lib : trgmsg.obj (.text)
                  00003a20    00000064                                   : fseek.obj (.text)
                  00003a84    00000064                                   : s_frexp.obj (.text)
                  00003ae8    00000060     driverlib.lib : timer.obj (.text:TimerConfigure)
                  00003b48    00000058                   : adc.obj (.text:ADCSequenceConfigure)
                  00003ba0    00000056     rtsv7M4_T_le_v4SPD16_eabi.lib : ltoa.obj (.text)
                  00003bf6    00000002     --HOLE-- [fill = 0]
                  00003bf8    00000054                                   : boot.obj (.text)
                  00003c4c    00000054                                   : exit.obj (.text)
                  00003ca0    0000004c                                   : atoi.obj (.text)
                  00003cec    0000004c                                   : cpy_tbl.obj (.text)
                  00003d38    00000048     driverlib.lib : gpio.obj (.text:GPIOPinConfigure)
                  00003d80    00000048     rtsv7M4_T_le_v4SPD16_eabi.lib : fd_toi_t2.obj (.text)
                  00003dc8    00000044                                   : fd_tou_t2.obj (.text)
                  00003e0c    00000038     driverlib.lib : sysctl.obj (.text:SysCtlPeripheralReady)
                  00003e44    00000034                   : sysctl.obj (.text:SysCtlPeripheralEnable)
                  00003e78    00000030     rtsv7M4_T_le_v4SPD16_eabi.lib : strncpy.obj (.text)
                  00003ea8    0000002e     driverlib.lib : adc.obj (.text:ADCIntStatus)
                  00003ed6    0000002e     rtsv7M4_T_le_v4SPD16_eabi.lib : i_tofd_t2.obj (.text)
                  00003f04    0000002a     driverlib.lib : gpio.obj (.text:GPIODirModeSet)
                  00003f2e    00000020     rtsv7M4_T_le_v4SPD16_eabi.lib : memchr.obj (.text)
                  00003f4e    00000020                                   : u_tofd_t2.obj (.text)
                  00003f6e    0000001e     driverlib.lib : adc.obj (.text:ADCSequenceDataGet)
                  00003f8c    0000001e                   : pwm.obj (.text:PWMPulseWidthSet)
                  00003faa    0000001c     rtsv7M4_T_le_v4SPD16_eabi.lib : memccpy.obj (.text)
                  00003fc6    00000018     driverlib.lib : adc.obj (.text:ADCProcessorTrigger)
                  00003fde    00000018                   : gpio.obj (.text:GPIOPinTypeGPIOOutput)
                  00003ff6    00000002     --HOLE-- [fill = 0]
                  00003ff8    00000018                   : sysctl.obj (.text:SysCtlPWMClockGet)
                  00004010    00000018     rtsv7M4_T_le_v4SPD16_eabi.lib : args_main.obj (.text)
                  00004028    00000018                                   : strcmp.obj (.text)
                  00004040    00000016                                   : strchr.obj (.text)
                  00004056    00000002     --HOLE-- [fill = 0]
                  00004058    00000014     driverlib.lib : sysctl.obj (.text:SysCtlPWMClockSet)
                  0000406c    00000014     rtsv7M4_T_le_v4SPD16_eabi.lib : _lock.obj (.text)
                  00004080    00000014                                   : s_copysign.obj (.text)
                  00004094    00000014                                   : strcpy.obj (.text)
                  000040a8    00000014                                   : strlen.obj (.text)
                  000040bc    00000012     driverlib.lib : gpio.obj (.text:GPIOPinTypeADC)
                  000040ce    00000012                   : gpio.obj (.text:GPIOPinTypePWM)
                  000040e0    00000012                   : gpio.obj (.text:GPIOPinTypeQEI)
                  000040f2    00000012                   : pwm.obj (.text:PWMGenPeriodGet)
                  00004104    00000012                   : pwm.obj (.text:PWMOutputState)
                  00004116    00000012                   : timer.obj (.text:TimerLoadSet)
                  00004128    00000010                   : interrupt.obj (.text:IntMasterEnable)
                  00004138    00000010                   : pwm.obj (.text:PWMGenPeriodSet)
                  00004148    00000010                   : qei.obj (.text:QEIVelocityConfigure)
                  00004158    0000000e                   : adc.obj (.text:ADCSequenceEnable)
                  00004166    0000000e                   : qei.obj (.text:QEIConfigure)
                  00004174    0000000e                   : qei.obj (.text:QEIDirectionGet)
                  00004182    0000000e                   : timer.obj (.text:TimerEnable)
                  00004190    0000000e     rtsv7M4_T_le_v4SPD16_eabi.lib : copy_decompress_none.obj (.text:decompress:none)
                  0000419e    0000000c     driverlib.lib : cpu.obj (.text:CPUcpsie)
                  000041aa    0000000c                   : pwm.obj (.text:PWMGenEnable)
                  000041b6    0000000c     tm4c123gh6pm_startup_ccs.obj (.text)
                  000041c2    0000000a     driverlib.lib : adc.obj (.text:ADCIntClear)
                  000041cc    0000000a                   : qei.obj (.text:QEIDisable)
                  000041d6    0000000a                   : qei.obj (.text:QEIEnable)
                  000041e0    0000000a                   : qei.obj (.text:QEIIntDisable)
                  000041ea    0000000a                   : qei.obj (.text:QEIVelocityDisable)
                  000041f4    0000000a                   : qei.obj (.text:QEIVelocityEnable)
                  000041fe    00000008                   : timer.obj (.text:TimerIntEnable)
                  00004206    00000006                   : gpio.obj (.text:GPIOPinWrite)
                  0000420c    00000006                   : sysctl.obj (.text:SysCtlDelay)
                  00004212    00000006     rtsv7M4_T_le_v4SPD16_eabi.lib : copy_decompress_rle.obj (.text:decompress:rle24)
                  00004218    00000004     driverlib.lib : qei.obj (.text:QEIPositionGet)
                  0000421c    00000004                   : qei.obj (.text:QEIPositionSet)
                  00004220    00000004                   : qei.obj (.text:QEIVelocityGet)
                  00004224    00000004     rtsv7M4_T_le_v4SPD16_eabi.lib : pre_init.obj (.text)

.const     0    00004228    00000270     
                  00004228    00000101     rtsv7M4_T_le_v4SPD16_eabi.lib : ctype.obj (.const:.string:_ctypes_)
                  00004329    00000003     --HOLE-- [fill = 0]
                  0000432c    00000090     driverlib.lib : gpio.obj (.const:g_pui32GPIOBaseAddrs)
                  000043bc    00000070                   : interrupt.obj (.const)
                  0000442c    0000006c                   : sysctl.obj (.const:g_pui32Xtals)

.cinit     0    00004498    000000a4     
                  00004498    0000007e     (.cinit..data.load) [load image, compression = rle]
                  00004516    00000002     --HOLE-- [fill = 0]
                  00004518    0000000b     (.cinit..bss.load) [load image, compression = rle]
                  00004523    00000001     --HOLE-- [fill = 0]
                  00004524    00000008     (__TI_handler_table)
                  0000452c    00000010     (__TI_cinit_table)

.init_array 
*          0    00000000    00000000     UNINITIALIZED

.stack     0    20000000    00000200     UNINITIALIZED
                  20000000    00000200     --HOLE--

.data      0    20000200    000001fc     UNINITIALIZED
                  20000200    000000f0     rtsv7M4_T_le_v4SPD16_eabi.lib : defs.obj (.data:_ftable)
                  200002f0    000000d0                                   : lowlev.obj (.data:$O1$$)
                  200003c0    00000010                                   : defs.obj (.data)
                  200003d0    0000000c                                   : exit.obj (.data:$O1$$)
                  200003dc    0000000c                                   : memory.obj (.data:$O1$$)
                  200003e8    00000008                                   : _lock.obj (.data:$O1$$)
                  200003f0    00000004                                   : errno.obj (.data)
                  200003f4    00000004                                   : fopen.obj (.data)
                  200003f8    00000004                                   : stkdepth_vars.obj (.data)

.bss       0    200003fc    000001f0     UNINITIALIZED
                  200003fc    00000120     rtsv7M4_T_le_v4SPD16_eabi.lib : trgmsg.obj (.bss:_CIOBUF_)
                  2000051c    000000a0     (.common:__TI_tmpnams)
                  200005bc    00000008                                   : trgdrv.obj (.bss:parmbuf)
                  200005c4    00000004     (.common:fp)
                  200005c8    00000004     (.common:motor_input)
                  200005cc    00000004     (.common:pui32ADC0Value)
                  200005d0    00000004     (.common:toFileADCRead)
                  200005d4    00000004     (.common:torque_input)
                  200005d8    00000004     (.common:ui32QEIDirection)
                  200005dc    00000004     (.common:ui32QEIPosition)
                  200005e0    00000004     (.common:ui32QEIPositionInitial)
                  200005e4    00000004     (.common:ui32QEIVelocity)
                  200005e8    00000004     (.common:vel_input)

.sysmem    0    200005f0    00000008     UNINITIALIZED
                  200005f0    00000008     rtsv7M4_T_le_v4SPD16_eabi.lib : memory.obj (.sysmem)

MODULE SUMMARY

       Module                         code    ro data   rw data
       ------                         ----    -------   -------
    .\
       tm4c123gh6pm_startup_ccs.obj   12      620       0      
       configuration.obj              588     0         40     
       main.obj                       572     0         0      
       motor_run.obj                  296     0         0      
       loop_tests.obj                 280     0         0      
       sensor_readings.obj            148     0         0      
    +--+------------------------------+-------+---------+---------+
       Total:                         1896    620       40     
                                                               
    C:/ti/TivaWare_C_Series-2.1.3.156/driverlib/ccs/Debug/driverlib.lib
       sysctl.obj                     674     108       0      
       gpio.obj                       504     144       0      
       adc.obj                        334     0         0      
       interrupt.obj                  120     112       0      
       timer.obj                      136     0         0      
       qei.obj                        106     0         0      
       pwm.obj                        94      0         0      
       cpu.obj                        12      0         0      
    +--+------------------------------+-------+---------+---------+
       Total:                         1980    364       0      
                                                               
    C:\ti\ccsv6\tools\compiler\arm_15.12.3.LTS\lib\rtsv7M4_T_le_v4SPD16_eabi.lib
       _printfi.obj                   4368    0         0      
       memory.obj                     988     0         12     
       lowlev.obj                     780     0         208    
       trgdrv.obj                     804     0         8      
       ull_div_t2.obj                 500     0         0      
       fopen.obj                      452     0         4      
       fd_add_t2.obj                  438     0         0      
       defs.obj                       0       0         416    
       trgmsg.obj                     104     0         288    
       fd_div_t2.obj                  310     0         0      
       fputs.obj                      308     0         0      
       fd_cmp_t2.obj                  268     0         0      
       ctype.obj                      0       257       0      
       fd_mul_t2.obj                  252     0         0      
       s_scalbn.obj                   252     0         0      
       setvbuf.obj                    220     0         0      
       fflush.obj                     200     0         0      
       _io_perm.obj                   172     0         0      
       memcpy_t2.obj                  156     0         0      
       fclose.obj                     152     0         0      
       fputc.obj                      152     0         0      
       memset_t2.obj                  122     0         0      
       autoinit.obj                   112     0         0      
       copy_decompress_rle.obj        112     0         0      
       fprintf.obj                    108     0         0      
       fseek.obj                      100     0         0      
       s_frexp.obj                    100     0         0      
       exit.obj                       84      0         12     
       ltoa.obj                       86      0         0      
       boot.obj                       84      0         0      
       atoi.obj                       76      0         0      
       cpy_tbl.obj                    76      0         0      
       fd_toi_t2.obj                  72      0         0      
       fd_tou_t2.obj                  68      0         0      
       strncpy.obj                    48      0         0      
       i_tofd_t2.obj                  46      0         0      
       memchr.obj                     32      0         0      
       u_tofd_t2.obj                  32      0         0      
       _lock.obj                      20      0         8      
       memccpy.obj                    28      0         0      
       args_main.obj                  24      0         0      
       strcmp.obj                     24      0         0      
       strchr.obj                     22      0         0      
       s_copysign.obj                 20      0         0      
       strcpy.obj                     20      0         0      
       strlen.obj                     20      0         0      
       copy_decompress_none.obj       14      0         0      
       errno.obj                      0       0         4      
       pre_init.obj                   4       0         0      
       stkdepth_vars.obj              0       0         4      
       mpu_init.obj                   2       0         0      
       startup.obj                    2       0         0      
    +--+------------------------------+-------+---------+---------+
       Total:                         12434   257       964    
                                                               
       Heap:                          0       0         8      
       Stack:                         0       0         512    
       Linker Generated:              0       161       0      
    +--+------------------------------+-------+---------+---------+
       Grand Total:                   16310   1402      1524   


LINKER GENERATED COPY TABLES

__TI_cinit_table @ 0000452c records: 2, size/record: 8, table size: 16
	.data: load addr=00004498, load size=0000007e bytes, run addr=20000200, run size=000001fc bytes, compression=rle
	.bss: load addr=00004518, load size=0000000b bytes, run addr=200003fc, run size=000001f0 bytes, compression=rle


LINKER GENERATED HANDLER TABLE

__TI_handler_table @ 00004524 records: 2, size/record: 4, table size: 8
	index: 0, handler: __TI_decompress_rle24
	index: 1, handler: __TI_decompress_none


GLOBAL SYMBOLS: SORTED ALPHABETICALLY BY Name 

address   name                           
-------   ----                           
000041c3  ADCIntClear                    
00003ea9  ADCIntStatus                   
00003fc7  ADCProcessorTrigger            
00003b49  ADCSequenceConfigure           
00003f6f  ADCSequenceDataGet             
00004159  ADCSequenceEnable              
00003715  ADCSequenceStepConfigure       
00003c4d  C$$EXIT                        
000039e7  C$$IO$$                        
0000419f  CPUcpsie                       
00003f05  GPIODirModeSet                 
000029e9  GPIOPadConfigSet               
00003d39  GPIOPinConfigure               
000040bd  GPIOPinTypeADC                 
00003fdf  GPIOPinTypeGPIOOutput          
000040cf  GPIOPinTypePWM                 
000040e1  GPIOPinTypeQEI                 
00004207  GPIOPinWrite                   
00001a2f  HOSTclock                      
000019f7  HOSTclose                      
000019b9  HOSTgetenv                     
0000195d  HOSTlseek                      
0000190b  HOSTopen                       
000018bf  HOSTread                       
00001861  HOSTrename                     
00001827  HOSTtime                       
000017dd  HOSTtime64                     
000017a5  HOSTunlink                     
00001759  HOSTwrite                      
00003951  IntEnable                      
00004129  IntMasterEnable                
000041ab  PWMGenEnable                   
000040f3  PWMGenPeriodGet                
00004139  PWMGenPeriodSet                
00004105  PWMOutputState                 
00003f8d  PWMPulseWidthSet               
00004167  QEIConfigure                   
00004175  QEIDirectionGet                
000041cd  QEIDisable                     
000041d7  QEIEnable                      
000041e1  QEIIntDisable                  
00004219  QEIPositionGet                 
0000421d  QEIPositionSet                 
00004149  QEIVelocityConfigure           
000041eb  QEIVelocityDisable             
000041f5  QEIVelocityEnable              
00004221  QEIVelocityGet                 
000041b7  ResetISR                       
UNDEFED   SHT$$INIT_ARRAY$$Base          
UNDEFED   SHT$$INIT_ARRAY$$Limit         
00002d5d  SysCtlClockGet                 
00003065  SysCtlClockSet                 
0000420d  SysCtlDelay                    
00003ff9  SysCtlPWMClockGet              
00004059  SysCtlPWMClockSet              
00003e45  SysCtlPeripheralEnable         
00003e0d  SysCtlPeripheralReady          
00003ae9  TimerConfigure                 
00004183  TimerEnable                    
000041ff  TimerIntEnable                 
000021a1  TimerIntHandler_Position       
00002179  TimerIntHandler_Torque         
0000218d  TimerIntHandler_Velocity       
00004117  TimerLoadSet                   
200003fc  __CIOBUF_                      
20000200  __STACK_END                    
00000200  __STACK_SIZE                   
20000200  __STACK_TOP                    
00000008  __SYSMEM_SIZE                  
0000452c  __TI_CINIT_Base                
0000453c  __TI_CINIT_Limit               
00004524  __TI_Handler_Table_Base        
0000452c  __TI_Handler_Table_Limit       
00003809  __TI_auto_init                 
000024cd  __TI_cleanup                   
200003d0  __TI_cleanup_ptr               
00003445  __TI_closefile                 
00004191  __TI_decompress_none           
00004213  __TI_decompress_rle24          
00003235  __TI_doflush                   
200003d4  __TI_dtors_ptr                 
200003d8  __TI_enable_exit_profile_output
200003c0  __TI_ft_end                    
ffffffff  __TI_pprof_out_hndl            
00001077  __TI_printfi                   
ffffffff  __TI_prof_data_size            
ffffffff  __TI_prof_data_start           
0000335f  __TI_rd_ok                     
000039eb  __TI_readmsg                   
00000000  __TI_static_base__             
2000051c  __TI_tmpnams                   
000039b9  __TI_writemsg                  
000032fd  __TI_wrt_ok                    
00003609  __aeabi_cdcmpeq                
00003609  __aeabi_cdcmple                
0000368f  __aeabi_cdrcmple               
00003d81  __aeabi_d2iz                   
00003dc9  __aeabi_d2uiz                  
000025d3  __aeabi_dadd                   
0000277f  __aeabi_ddiv                   
00002e6d  __aeabi_dmul                   
000025c9  __aeabi_dsub                   
00003ed7  __aeabi_i2d                    
0000378f  __aeabi_memclr                 
0000378f  __aeabi_memclr4                
0000378f  __aeabi_memclr8                
000033a9  __aeabi_memcpy                 
000033a9  __aeabi_memcpy4                
000033a9  __aeabi_memcpy8                
00003791  __aeabi_memset                 
00003791  __aeabi_memset4                
00003791  __aeabi_memset8                
200003cc  __aeabi_stderr                 
200003c4  __aeabi_stdin                  
200003c8  __aeabi_stdout                 
00003f4f  __aeabi_ui2d                   
00002211  __aeabi_uldivmod               
ffffffff  __binit__                      
ffffffff  __c_args__                     
00002b1b  __mpu_init                     
20000000  __stack                        
00004011  _args_main                     
00003bf9  _c_int00                       
00004228  _ctypes_                       
20000200  _ftable                        
200003e8  _lock                          
0000407b  _nop                           
00004073  _register_lock                 
0000406d  _register_unlock               
200005f0  _sys_memory                    
0000394f  _system_post_cinit             
00004225  _system_pre_init               
200003ec  _unlock                        
00003c51  abort                          
00001cdd  add_device                     
00003ca1  atoi                           
ffffffff  binit                          
00001725  calloc                         
00001c8d  close                          
00001f3d  configure_ADC                  
00001e55  configure_gpio                 
00001f11  configure_motor                
00001d89  configure_pos_timer            
00001eaf  configure_qei                  
00001e11  configure_torque_timer         
00001f3b  configure_uDMA                 
00001dcd  configure_vel_timer            
00003ced  copy_in                        
00004081  copysign                       
00004081  copysignl                      
200003f0  errno                          
00003c59  exit                           
000034ab  fclose                         
00003281  fflush                         
00002523  fopen                          
200005c4  fp                             
00003881  fprintf                        
000034dd  fputc                          
000028b5  fputs                          
00001473  free                           
000024f9  freopen                        
00003a85  frexp                          
00003a85  frexpl                         
00003a21  fseek                          
00000000  g_pfnVectors                   
000035a3  getCurrent                     
00003595  getDirection                   
00003575  getPosition                    
00002d0f  getSetPosition                 
00003583  getVelocity                    
00002f69  ldexp                          
00002f69  ldexpl                         
00001c69  lseek                          
00003ba1  ltoa                           
000021b9  main                           
200003f8  main_func_sp                   
0000140b  malloc                         
00001641  memalign                       
00003fab  memccpy                        
00003f2f  memchr                         
000033a9  memcpy                         
00003797  memset                         
0000137d  minit                          
200005c8  motor_input                    
00002b1d  motor_run                      
00001bbb  open                           
00001fd5  pos_PI                         
00002ccd  pos_loop_test                  
00002c45  position_change_to             
200005cc  pui32ADC0Value                 
000034dd  putc                           
00003561  putchar                        
000029c1  puts                           
00001b97  read                           
00001535  realloc                        
00001b0d  remove                         
00001b6f  remove_device                  
00001b31  rename                         
00002f69  scalbn                         
00002f69  scalbnl                        
00003159  setvbuf                        
00004041  strchr                         
00004029  strcmp                         
00004095  strcpy                         
000040a9  strlen                         
00003e79  strncpy                        
200005d0  toFileADCRead                  
000020ed  torque_PI                      
200005d4  torque_input                   
200005d8  ui32QEIDirection               
200005dc  ui32QEIPosition                
200005e0  ui32QEIPositionInitial         
200005e4  ui32QEIVelocity                
00001b0d  unlink                         
00002061  vel_PI                         
200005e8  vel_input                      
00001a7d  write                          


GLOBAL SYMBOLS: SORTED BY Symbol Address 

address   name                           
-------   ----                           
00000000  __TI_static_base__             
00000000  g_pfnVectors                   
00000008  __SYSMEM_SIZE                  
00000200  __STACK_SIZE                   
00001077  __TI_printfi                   
0000137d  minit                          
0000140b  malloc                         
00001473  free                           
00001535  realloc                        
00001641  memalign                       
00001725  calloc                         
00001759  HOSTwrite                      
000017a5  HOSTunlink                     
000017dd  HOSTtime64                     
00001827  HOSTtime                       
00001861  HOSTrename                     
000018bf  HOSTread                       
0000190b  HOSTopen                       
0000195d  HOSTlseek                      
000019b9  HOSTgetenv                     
000019f7  HOSTclose                      
00001a2f  HOSTclock                      
00001a7d  write                          
00001b0d  remove                         
00001b0d  unlink                         
00001b31  rename                         
00001b6f  remove_device                  
00001b97  read                           
00001bbb  open                           
00001c69  lseek                          
00001c8d  close                          
00001cdd  add_device                     
00001d89  configure_pos_timer            
00001dcd  configure_vel_timer            
00001e11  configure_torque_timer         
00001e55  configure_gpio                 
00001eaf  configure_qei                  
00001f11  configure_motor                
00001f3b  configure_uDMA                 
00001f3d  configure_ADC                  
00001fd5  pos_PI                         
00002061  vel_PI                         
000020ed  torque_PI                      
00002179  TimerIntHandler_Torque         
0000218d  TimerIntHandler_Velocity       
000021a1  TimerIntHandler_Position       
000021b9  main                           
00002211  __aeabi_uldivmod               
000024cd  __TI_cleanup                   
000024f9  freopen                        
00002523  fopen                          
000025c9  __aeabi_dsub                   
000025d3  __aeabi_dadd                   
0000277f  __aeabi_ddiv                   
000028b5  fputs                          
000029c1  puts                           
000029e9  GPIOPadConfigSet               
00002b1b  __mpu_init                     
00002b1d  motor_run                      
00002c45  position_change_to             
00002ccd  pos_loop_test                  
00002d0f  getSetPosition                 
00002d5d  SysCtlClockGet                 
00002e6d  __aeabi_dmul                   
00002f69  ldexp                          
00002f69  ldexpl                         
00002f69  scalbn                         
00002f69  scalbnl                        
00003065  SysCtlClockSet                 
00003159  setvbuf                        
00003235  __TI_doflush                   
00003281  fflush                         
000032fd  __TI_wrt_ok                    
0000335f  __TI_rd_ok                     
000033a9  __aeabi_memcpy                 
000033a9  __aeabi_memcpy4                
000033a9  __aeabi_memcpy8                
000033a9  memcpy                         
00003445  __TI_closefile                 
000034ab  fclose                         
000034dd  fputc                          
000034dd  putc                           
00003561  putchar                        
00003575  getPosition                    
00003583  getVelocity                    
00003595  getDirection                   
000035a3  getCurrent                     
00003609  __aeabi_cdcmpeq                
00003609  __aeabi_cdcmple                
0000368f  __aeabi_cdrcmple               
00003715  ADCSequenceStepConfigure       
0000378f  __aeabi_memclr                 
0000378f  __aeabi_memclr4                
0000378f  __aeabi_memclr8                
00003791  __aeabi_memset                 
00003791  __aeabi_memset4                
00003791  __aeabi_memset8                
00003797  memset                         
00003809  __TI_auto_init                 
00003881  fprintf                        
0000394f  _system_post_cinit             
00003951  IntEnable                      
000039b9  __TI_writemsg                  
000039e7  C$$IO$$                        
000039eb  __TI_readmsg                   
00003a21  fseek                          
00003a85  frexp                          
00003a85  frexpl                         
00003ae9  TimerConfigure                 
00003b49  ADCSequenceConfigure           
00003ba1  ltoa                           
00003bf9  _c_int00                       
00003c4d  C$$EXIT                        
00003c51  abort                          
00003c59  exit                           
00003ca1  atoi                           
00003ced  copy_in                        
00003d39  GPIOPinConfigure               
00003d81  __aeabi_d2iz                   
00003dc9  __aeabi_d2uiz                  
00003e0d  SysCtlPeripheralReady          
00003e45  SysCtlPeripheralEnable         
00003e79  strncpy                        
00003ea9  ADCIntStatus                   
00003ed7  __aeabi_i2d                    
00003f05  GPIODirModeSet                 
00003f2f  memchr                         
00003f4f  __aeabi_ui2d                   
00003f6f  ADCSequenceDataGet             
00003f8d  PWMPulseWidthSet               
00003fab  memccpy                        
00003fc7  ADCProcessorTrigger            
00003fdf  GPIOPinTypeGPIOOutput          
00003ff9  SysCtlPWMClockGet              
00004011  _args_main                     
00004029  strcmp                         
00004041  strchr                         
00004059  SysCtlPWMClockSet              
0000406d  _register_unlock               
00004073  _register_lock                 
0000407b  _nop                           
00004081  copysign                       
00004081  copysignl                      
00004095  strcpy                         
000040a9  strlen                         
000040bd  GPIOPinTypeADC                 
000040cf  GPIOPinTypePWM                 
000040e1  GPIOPinTypeQEI                 
000040f3  PWMGenPeriodGet                
00004105  PWMOutputState                 
00004117  TimerLoadSet                   
00004129  IntMasterEnable                
00004139  PWMGenPeriodSet                
00004149  QEIVelocityConfigure           
00004159  ADCSequenceEnable              
00004167  QEIConfigure                   
00004175  QEIDirectionGet                
00004183  TimerEnable                    
00004191  __TI_decompress_none           
0000419f  CPUcpsie                       
000041ab  PWMGenEnable                   
000041b7  ResetISR                       
000041c3  ADCIntClear                    
000041cd  QEIDisable                     
000041d7  QEIEnable                      
000041e1  QEIIntDisable                  
000041eb  QEIVelocityDisable             
000041f5  QEIVelocityEnable              
000041ff  TimerIntEnable                 
00004207  GPIOPinWrite                   
0000420d  SysCtlDelay                    
00004213  __TI_decompress_rle24          
00004219  QEIPositionGet                 
0000421d  QEIPositionSet                 
00004221  QEIVelocityGet                 
00004225  _system_pre_init               
00004228  _ctypes_                       
00004524  __TI_Handler_Table_Base        
0000452c  __TI_CINIT_Base                
0000452c  __TI_Handler_Table_Limit       
0000453c  __TI_CINIT_Limit               
20000000  __stack                        
20000200  __STACK_END                    
20000200  __STACK_TOP                    
20000200  _ftable                        
200003c0  __TI_ft_end                    
200003c4  __aeabi_stdin                  
200003c8  __aeabi_stdout                 
200003cc  __aeabi_stderr                 
200003d0  __TI_cleanup_ptr               
200003d4  __TI_dtors_ptr                 
200003d8  __TI_enable_exit_profile_output
200003e8  _lock                          
200003ec  _unlock                        
200003f0  errno                          
200003f8  main_func_sp                   
200003fc  __CIOBUF_                      
2000051c  __TI_tmpnams                   
200005c4  fp                             
200005c8  motor_input                    
200005cc  pui32ADC0Value                 
200005d0  toFileADCRead                  
200005d4  torque_input                   
200005d8  ui32QEIDirection               
200005dc  ui32QEIPosition                
200005e0  ui32QEIPositionInitial         
200005e4  ui32QEIVelocity                
200005e8  vel_input                      
200005f0  _sys_memory                    
ffffffff  __TI_pprof_out_hndl            
ffffffff  __TI_prof_data_size            
ffffffff  __TI_prof_data_start           
ffffffff  __binit__                      
ffffffff  __c_args__                     
ffffffff  binit                          
UNDEFED   SHT$$INIT_ARRAY$$Base          
UNDEFED   SHT$$INIT_ARRAY$$Limit         

[217 symbols]
