<?xml version="1.0"?>
<link_info>
   <banner>TI ARM Linker PC v15.12.3.LTS</banner>
   <copyright>Copyright (c) 1996-2015 Texas Instruments Incorporated</copyright>
   <link_time>0x588d1679</link_time>
   <link_errors>0x0</link_errors>
   <output_file>Arm_Controller.out</output_file>
   <entry_point>
      <name>_c_int00</name>
      <address>0x3bf9</address>
   </entry_point>
   <input_file_list>
      <input_file id="fl-2">
         <path>.\</path>
         <kind>object</kind>
         <file>configuration.obj</file>
         <name>configuration.obj</name>
      </input_file>
      <input_file id="fl-3">
         <path>.\</path>
         <kind>object</kind>
         <file>loop_tests.obj</file>
         <name>loop_tests.obj</name>
      </input_file>
      <input_file id="fl-4">
         <path>.\</path>
         <kind>object</kind>
         <file>main.obj</file>
         <name>main.obj</name>
      </input_file>
      <input_file id="fl-5">
         <path>.\</path>
         <kind>object</kind>
         <file>motor_run.obj</file>
         <name>motor_run.obj</name>
      </input_file>
      <input_file id="fl-6">
         <path>.\</path>
         <kind>object</kind>
         <file>sensor_readings.obj</file>
         <name>sensor_readings.obj</name>
      </input_file>
      <input_file id="fl-7">
         <path>.\</path>
         <kind>object</kind>
         <file>tm4c123gh6pm_startup_ccs.obj</file>
         <name>tm4c123gh6pm_startup_ccs.obj</name>
      </input_file>
      <input_file id="fl-d">
         <path>C:\ti\TivaWare_C_Series-2.1.3.156\driverlib\ccs\Debug\</path>
         <kind>archive</kind>
         <file>driverlib.lib</file>
         <name>adc.obj</name>
      </input_file>
      <input_file id="fl-e">
         <path>C:\ti\TivaWare_C_Series-2.1.3.156\driverlib\ccs\Debug\</path>
         <kind>archive</kind>
         <file>driverlib.lib</file>
         <name>gpio.obj</name>
      </input_file>
      <input_file id="fl-f">
         <path>C:\ti\TivaWare_C_Series-2.1.3.156\driverlib\ccs\Debug\</path>
         <kind>archive</kind>
         <file>driverlib.lib</file>
         <name>interrupt.obj</name>
      </input_file>
      <input_file id="fl-10">
         <path>C:\ti\TivaWare_C_Series-2.1.3.156\driverlib\ccs\Debug\</path>
         <kind>archive</kind>
         <file>driverlib.lib</file>
         <name>pwm.obj</name>
      </input_file>
      <input_file id="fl-11">
         <path>C:\ti\TivaWare_C_Series-2.1.3.156\driverlib\ccs\Debug\</path>
         <kind>archive</kind>
         <file>driverlib.lib</file>
         <name>qei.obj</name>
      </input_file>
      <input_file id="fl-12">
         <path>C:\ti\TivaWare_C_Series-2.1.3.156\driverlib\ccs\Debug\</path>
         <kind>archive</kind>
         <file>driverlib.lib</file>
         <name>sysctl.obj</name>
      </input_file>
      <input_file id="fl-13">
         <path>C:\ti\TivaWare_C_Series-2.1.3.156\driverlib\ccs\Debug\</path>
         <kind>archive</kind>
         <file>driverlib.lib</file>
         <name>timer.obj</name>
      </input_file>
      <input_file id="fl-14">
         <path>C:\ti\TivaWare_C_Series-2.1.3.156\driverlib\ccs\Debug\</path>
         <kind>archive</kind>
         <file>driverlib.lib</file>
         <name>cpu.obj</name>
      </input_file>
      <input_file id="fl-ca">
         <path>C:\ti\ccsv6\tools\compiler\arm_15.12.3.LTS\lib\</path>
         <kind>archive</kind>
         <file>rtsv7M4_T_le_v4SPD16_eabi.lib</file>
         <name>boot.obj</name>
      </input_file>
      <input_file id="fl-cb">
         <path>C:\ti\ccsv6\tools\compiler\arm_15.12.3.LTS\lib\</path>
         <kind>archive</kind>
         <file>rtsv7M4_T_le_v4SPD16_eabi.lib</file>
         <name>copy_decompress_none.obj</name>
      </input_file>
      <input_file id="fl-cc">
         <path>C:\ti\ccsv6\tools\compiler\arm_15.12.3.LTS\lib\</path>
         <kind>archive</kind>
         <file>rtsv7M4_T_le_v4SPD16_eabi.lib</file>
         <name>copy_decompress_rle.obj</name>
      </input_file>
      <input_file id="fl-cd">
         <path>C:\ti\ccsv6\tools\compiler\arm_15.12.3.LTS\lib\</path>
         <kind>archive</kind>
         <file>rtsv7M4_T_le_v4SPD16_eabi.lib</file>
         <name>copy_zero_init.obj</name>
      </input_file>
      <input_file id="fl-ce">
         <path>C:\ti\ccsv6\tools\compiler\arm_15.12.3.LTS\lib\</path>
         <kind>archive</kind>
         <file>rtsv7M4_T_le_v4SPD16_eabi.lib</file>
         <name>exit.obj</name>
      </input_file>
      <input_file id="fl-cf">
         <path>C:\ti\ccsv6\tools\compiler\arm_15.12.3.LTS\lib\</path>
         <kind>archive</kind>
         <file>rtsv7M4_T_le_v4SPD16_eabi.lib</file>
         <name>fd_add_t2.obj</name>
      </input_file>
      <input_file id="fl-d0">
         <path>C:\ti\ccsv6\tools\compiler\arm_15.12.3.LTS\lib\</path>
         <kind>archive</kind>
         <file>rtsv7M4_T_le_v4SPD16_eabi.lib</file>
         <name>fd_cmp_t2.obj</name>
      </input_file>
      <input_file id="fl-d1">
         <path>C:\ti\ccsv6\tools\compiler\arm_15.12.3.LTS\lib\</path>
         <kind>archive</kind>
         <file>rtsv7M4_T_le_v4SPD16_eabi.lib</file>
         <name>fd_div_t2.obj</name>
      </input_file>
      <input_file id="fl-d2">
         <path>C:\ti\ccsv6\tools\compiler\arm_15.12.3.LTS\lib\</path>
         <kind>archive</kind>
         <file>rtsv7M4_T_le_v4SPD16_eabi.lib</file>
         <name>fd_mul_t2.obj</name>
      </input_file>
      <input_file id="fl-d3">
         <path>C:\ti\ccsv6\tools\compiler\arm_15.12.3.LTS\lib\</path>
         <kind>archive</kind>
         <file>rtsv7M4_T_le_v4SPD16_eabi.lib</file>
         <name>fd_toi_t2.obj</name>
      </input_file>
      <input_file id="fl-d4">
         <path>C:\ti\ccsv6\tools\compiler\arm_15.12.3.LTS\lib\</path>
         <kind>archive</kind>
         <file>rtsv7M4_T_le_v4SPD16_eabi.lib</file>
         <name>fd_tou_t2.obj</name>
      </input_file>
      <input_file id="fl-d5">
         <path>C:\ti\ccsv6\tools\compiler\arm_15.12.3.LTS\lib\</path>
         <kind>archive</kind>
         <file>rtsv7M4_T_le_v4SPD16_eabi.lib</file>
         <name>fopen.obj</name>
      </input_file>
      <input_file id="fl-d6">
         <path>C:\ti\ccsv6\tools\compiler\arm_15.12.3.LTS\lib\</path>
         <kind>archive</kind>
         <file>rtsv7M4_T_le_v4SPD16_eabi.lib</file>
         <name>fprintf.obj</name>
      </input_file>
      <input_file id="fl-d7">
         <path>C:\ti\ccsv6\tools\compiler\arm_15.12.3.LTS\lib\</path>
         <kind>archive</kind>
         <file>rtsv7M4_T_le_v4SPD16_eabi.lib</file>
         <name>fputc.obj</name>
      </input_file>
      <input_file id="fl-d8">
         <path>C:\ti\ccsv6\tools\compiler\arm_15.12.3.LTS\lib\</path>
         <kind>archive</kind>
         <file>rtsv7M4_T_le_v4SPD16_eabi.lib</file>
         <name>fputs.obj</name>
      </input_file>
      <input_file id="fl-d9">
         <path>C:\ti\ccsv6\tools\compiler\arm_15.12.3.LTS\lib\</path>
         <kind>archive</kind>
         <file>rtsv7M4_T_le_v4SPD16_eabi.lib</file>
         <name>lowlev.obj</name>
      </input_file>
      <input_file id="fl-da">
         <path>C:\ti\ccsv6\tools\compiler\arm_15.12.3.LTS\lib\</path>
         <kind>archive</kind>
         <file>rtsv7M4_T_le_v4SPD16_eabi.lib</file>
         <name>memchr.obj</name>
      </input_file>
      <input_file id="fl-db">
         <path>C:\ti\ccsv6\tools\compiler\arm_15.12.3.LTS\lib\</path>
         <kind>archive</kind>
         <file>rtsv7M4_T_le_v4SPD16_eabi.lib</file>
         <name>memcpy_t2.obj</name>
      </input_file>
      <input_file id="fl-dc">
         <path>C:\ti\ccsv6\tools\compiler\arm_15.12.3.LTS\lib\</path>
         <kind>archive</kind>
         <file>rtsv7M4_T_le_v4SPD16_eabi.lib</file>
         <name>memset_t2.obj</name>
      </input_file>
      <input_file id="fl-dd">
         <path>C:\ti\ccsv6\tools\compiler\arm_15.12.3.LTS\lib\</path>
         <kind>archive</kind>
         <file>rtsv7M4_T_le_v4SPD16_eabi.lib</file>
         <name>mpu_init.obj</name>
      </input_file>
      <input_file id="fl-de">
         <path>C:\ti\ccsv6\tools\compiler\arm_15.12.3.LTS\lib\</path>
         <kind>archive</kind>
         <file>rtsv7M4_T_le_v4SPD16_eabi.lib</file>
         <name>pre_init.obj</name>
      </input_file>
      <input_file id="fl-df">
         <path>C:\ti\ccsv6\tools\compiler\arm_15.12.3.LTS\lib\</path>
         <kind>archive</kind>
         <file>rtsv7M4_T_le_v4SPD16_eabi.lib</file>
         <name>stkdepth_vars.obj</name>
      </input_file>
      <input_file id="fl-e0">
         <path>C:\ti\ccsv6\tools\compiler\arm_15.12.3.LTS\lib\</path>
         <kind>archive</kind>
         <file>rtsv7M4_T_le_v4SPD16_eabi.lib</file>
         <name>strchr.obj</name>
      </input_file>
      <input_file id="fl-e1">
         <path>C:\ti\ccsv6\tools\compiler\arm_15.12.3.LTS\lib\</path>
         <kind>archive</kind>
         <file>rtsv7M4_T_le_v4SPD16_eabi.lib</file>
         <name>strcmp.obj</name>
      </input_file>
      <input_file id="fl-e2">
         <path>C:\ti\ccsv6\tools\compiler\arm_15.12.3.LTS\lib\</path>
         <kind>archive</kind>
         <file>rtsv7M4_T_le_v4SPD16_eabi.lib</file>
         <name>strlen.obj</name>
      </input_file>
      <input_file id="fl-e3">
         <path>C:\ti\ccsv6\tools\compiler\arm_15.12.3.LTS\lib\</path>
         <kind>archive</kind>
         <file>rtsv7M4_T_le_v4SPD16_eabi.lib</file>
         <name>strncpy.obj</name>
      </input_file>
      <input_file id="fl-e4">
         <path>C:\ti\ccsv6\tools\compiler\arm_15.12.3.LTS\lib\</path>
         <kind>archive</kind>
         <file>rtsv7M4_T_le_v4SPD16_eabi.lib</file>
         <name>trgdrv.obj</name>
      </input_file>
      <input_file id="fl-e5">
         <path>C:\ti\ccsv6\tools\compiler\arm_15.12.3.LTS\lib\</path>
         <kind>archive</kind>
         <file>rtsv7M4_T_le_v4SPD16_eabi.lib</file>
         <name>trgmsg.obj</name>
      </input_file>
      <input_file id="fl-e6">
         <path>C:\ti\ccsv6\tools\compiler\arm_15.12.3.LTS\lib\</path>
         <kind>archive</kind>
         <file>rtsv7M4_T_le_v4SPD16_eabi.lib</file>
         <name>u_tofd_t2.obj</name>
      </input_file>
      <input_file id="fl-e7">
         <path>C:\ti\ccsv6\tools\compiler\arm_15.12.3.LTS\lib\</path>
         <kind>archive</kind>
         <file>rtsv7M4_T_le_v4SPD16_eabi.lib</file>
         <name>_io_perm.obj</name>
      </input_file>
      <input_file id="fl-e8">
         <path>C:\ti\ccsv6\tools\compiler\arm_15.12.3.LTS\lib\</path>
         <kind>archive</kind>
         <file>rtsv7M4_T_le_v4SPD16_eabi.lib</file>
         <name>_lock.obj</name>
      </input_file>
      <input_file id="fl-e9">
         <path>C:\ti\ccsv6\tools\compiler\arm_15.12.3.LTS\lib\</path>
         <kind>archive</kind>
         <file>rtsv7M4_T_le_v4SPD16_eabi.lib</file>
         <name>_printfi.obj</name>
      </input_file>
      <input_file id="fl-ea">
         <path>C:\ti\ccsv6\tools\compiler\arm_15.12.3.LTS\lib\</path>
         <kind>archive</kind>
         <file>rtsv7M4_T_le_v4SPD16_eabi.lib</file>
         <name>args_main.obj</name>
      </input_file>
      <input_file id="fl-eb">
         <path>C:\ti\ccsv6\tools\compiler\arm_15.12.3.LTS\lib\</path>
         <kind>archive</kind>
         <file>rtsv7M4_T_le_v4SPD16_eabi.lib</file>
         <name>atoi.obj</name>
      </input_file>
      <input_file id="fl-ec">
         <path>C:\ti\ccsv6\tools\compiler\arm_15.12.3.LTS\lib\</path>
         <kind>archive</kind>
         <file>rtsv7M4_T_le_v4SPD16_eabi.lib</file>
         <name>autoinit.obj</name>
      </input_file>
      <input_file id="fl-ed">
         <path>C:\ti\ccsv6\tools\compiler\arm_15.12.3.LTS\lib\</path>
         <kind>archive</kind>
         <file>rtsv7M4_T_le_v4SPD16_eabi.lib</file>
         <name>cpy_tbl.obj</name>
      </input_file>
      <input_file id="fl-ee">
         <path>C:\ti\ccsv6\tools\compiler\arm_15.12.3.LTS\lib\</path>
         <kind>archive</kind>
         <file>rtsv7M4_T_le_v4SPD16_eabi.lib</file>
         <name>ctype.obj</name>
      </input_file>
      <input_file id="fl-ef">
         <path>C:\ti\ccsv6\tools\compiler\arm_15.12.3.LTS\lib\</path>
         <kind>archive</kind>
         <file>rtsv7M4_T_le_v4SPD16_eabi.lib</file>
         <name>defs.obj</name>
      </input_file>
      <input_file id="fl-f0">
         <path>C:\ti\ccsv6\tools\compiler\arm_15.12.3.LTS\lib\</path>
         <kind>archive</kind>
         <file>rtsv7M4_T_le_v4SPD16_eabi.lib</file>
         <name>fclose.obj</name>
      </input_file>
      <input_file id="fl-f1">
         <path>C:\ti\ccsv6\tools\compiler\arm_15.12.3.LTS\lib\</path>
         <kind>archive</kind>
         <file>rtsv7M4_T_le_v4SPD16_eabi.lib</file>
         <name>fflush.obj</name>
      </input_file>
      <input_file id="fl-f2">
         <path>C:\ti\ccsv6\tools\compiler\arm_15.12.3.LTS\lib\</path>
         <kind>archive</kind>
         <file>rtsv7M4_T_le_v4SPD16_eabi.lib</file>
         <name>fseek.obj</name>
      </input_file>
      <input_file id="fl-f3">
         <path>C:\ti\ccsv6\tools\compiler\arm_15.12.3.LTS\lib\</path>
         <kind>archive</kind>
         <file>rtsv7M4_T_le_v4SPD16_eabi.lib</file>
         <name>i_tofd_t2.obj</name>
      </input_file>
      <input_file id="fl-f4">
         <path>C:\ti\ccsv6\tools\compiler\arm_15.12.3.LTS\lib\</path>
         <kind>archive</kind>
         <file>rtsv7M4_T_le_v4SPD16_eabi.lib</file>
         <name>ltoa.obj</name>
      </input_file>
      <input_file id="fl-f5">
         <path>C:\ti\ccsv6\tools\compiler\arm_15.12.3.LTS\lib\</path>
         <kind>archive</kind>
         <file>rtsv7M4_T_le_v4SPD16_eabi.lib</file>
         <name>memccpy.obj</name>
      </input_file>
      <input_file id="fl-f6">
         <path>C:\ti\ccsv6\tools\compiler\arm_15.12.3.LTS\lib\</path>
         <kind>archive</kind>
         <file>rtsv7M4_T_le_v4SPD16_eabi.lib</file>
         <name>memory.obj</name>
      </input_file>
      <input_file id="fl-f7">
         <path>C:\ti\ccsv6\tools\compiler\arm_15.12.3.LTS\lib\</path>
         <kind>archive</kind>
         <file>rtsv7M4_T_le_v4SPD16_eabi.lib</file>
         <name>remove.obj</name>
      </input_file>
      <input_file id="fl-f8">
         <path>C:\ti\ccsv6\tools\compiler\arm_15.12.3.LTS\lib\</path>
         <kind>archive</kind>
         <file>rtsv7M4_T_le_v4SPD16_eabi.lib</file>
         <name>s_frexp.obj</name>
      </input_file>
      <input_file id="fl-f9">
         <path>C:\ti\ccsv6\tools\compiler\arm_15.12.3.LTS\lib\</path>
         <kind>archive</kind>
         <file>rtsv7M4_T_le_v4SPD16_eabi.lib</file>
         <name>s_scalbn.obj</name>
      </input_file>
      <input_file id="fl-fa">
         <path>C:\ti\ccsv6\tools\compiler\arm_15.12.3.LTS\lib\</path>
         <kind>archive</kind>
         <file>rtsv7M4_T_le_v4SPD16_eabi.lib</file>
         <name>setvbuf.obj</name>
      </input_file>
      <input_file id="fl-fb">
         <path>C:\ti\ccsv6\tools\compiler\arm_15.12.3.LTS\lib\</path>
         <kind>archive</kind>
         <file>rtsv7M4_T_le_v4SPD16_eabi.lib</file>
         <name>startup.obj</name>
      </input_file>
      <input_file id="fl-fc">
         <path>C:\ti\ccsv6\tools\compiler\arm_15.12.3.LTS\lib\</path>
         <kind>archive</kind>
         <file>rtsv7M4_T_le_v4SPD16_eabi.lib</file>
         <name>strcpy.obj</name>
      </input_file>
      <input_file id="fl-fd">
         <path>C:\ti\ccsv6\tools\compiler\arm_15.12.3.LTS\lib\</path>
         <kind>archive</kind>
         <file>rtsv7M4_T_le_v4SPD16_eabi.lib</file>
         <name>ull_div_t2.obj</name>
      </input_file>
      <input_file id="fl-fe">
         <path>C:\ti\ccsv6\tools\compiler\arm_15.12.3.LTS\lib\</path>
         <kind>archive</kind>
         <file>rtsv7M4_T_le_v4SPD16_eabi.lib</file>
         <name>errno.obj</name>
      </input_file>
      <input_file id="fl-ff">
         <path>C:\ti\ccsv6\tools\compiler\arm_15.12.3.LTS\lib\</path>
         <kind>archive</kind>
         <file>rtsv7M4_T_le_v4SPD16_eabi.lib</file>
         <name>s_copysign.obj</name>
      </input_file>
   </input_file_list>
   <object_component_list>
      <object_component id="oc-f">
         <name>.intvecs</name>
         <load_address>0x0</load_address>
         <run_address>0x0</run_address>
         <size>0x26c</size>
         <input_file_ref idref="fl-7"/>
      </object_component>
      <object_component id="oc-2a2">
         <name>.text</name>
         <load_address>0x26c</load_address>
         <run_address>0x26c</run_address>
         <size>0x1110</size>
         <input_file_ref idref="fl-e9"/>
      </object_component>
      <object_component id="oc-31f">
         <name>.text</name>
         <load_address>0x137c</load_address>
         <run_address>0x137c</run_address>
         <size>0x3dc</size>
         <input_file_ref idref="fl-f6"/>
      </object_component>
      <object_component id="oc-39d">
         <name>.text</name>
         <load_address>0x1758</load_address>
         <run_address>0x1758</run_address>
         <size>0x324</size>
         <input_file_ref idref="fl-e4"/>
      </object_component>
      <object_component id="oc-281">
         <name>.text</name>
         <load_address>0x1a7c</load_address>
         <run_address>0x1a7c</run_address>
         <size>0x30c</size>
         <input_file_ref idref="fl-d9"/>
      </object_component>
      <object_component id="oc-10b">
         <name>.text</name>
         <load_address>0x1d88</load_address>
         <run_address>0x1d88</run_address>
         <size>0x24c</size>
         <input_file_ref idref="fl-2"/>
      </object_component>
      <object_component id="oc-b2">
         <name>.text</name>
         <load_address>0x1fd4</load_address>
         <run_address>0x1fd4</run_address>
         <size>0x23c</size>
         <input_file_ref idref="fl-4"/>
      </object_component>
      <object_component id="oc-34b">
         <name>.text</name>
         <load_address>0x2210</load_address>
         <run_address>0x2210</run_address>
         <size>0x1f4</size>
         <input_file_ref idref="fl-fd"/>
      </object_component>
      <object_component id="oc-180">
         <name>.text</name>
         <load_address>0x2404</load_address>
         <run_address>0x2404</run_address>
         <size>0x1c4</size>
         <input_file_ref idref="fl-d5"/>
      </object_component>
      <object_component id="oc-ea">
         <name>.text</name>
         <load_address>0x25c8</load_address>
         <run_address>0x25c8</run_address>
         <size>0x1b6</size>
         <input_file_ref idref="fl-cf"/>
      </object_component>
      <object_component id="oc-176">
         <name>.text</name>
         <load_address>0x277e</load_address>
         <run_address>0x277e</run_address>
         <size>0x136</size>
         <input_file_ref idref="fl-d1"/>
      </object_component>
      <object_component id="oc-29c">
         <name>.text</name>
         <load_address>0x28b4</load_address>
         <run_address>0x28b4</run_address>
         <size>0x134</size>
         <input_file_ref idref="fl-d8"/>
      </object_component>
      <object_component id="oc-2cd">
         <name>.text:GPIOPadConfigSet</name>
         <load_address>0x29e8</load_address>
         <run_address>0x29e8</run_address>
         <size>0x132</size>
         <input_file_ref idref="fl-e"/>
      </object_component>
      <object_component id="oc-5c">
         <name>.text</name>
         <load_address>0x2b1a</load_address>
         <run_address>0x2b1a</run_address>
         <size>0x2</size>
         <input_file_ref idref="fl-dd"/>
      </object_component>
      <object_component id="oc-111">
         <name>.text</name>
         <load_address>0x2b1c</load_address>
         <run_address>0x2b1c</run_address>
         <size>0x128</size>
         <input_file_ref idref="fl-5"/>
      </object_component>
      <object_component id="oc-ff">
         <name>.text</name>
         <load_address>0x2c44</load_address>
         <run_address>0x2c44</run_address>
         <size>0x118</size>
         <input_file_ref idref="fl-3"/>
      </object_component>
      <object_component id="oc-19d">
         <name>.text:SysCtlClockGet</name>
         <load_address>0x2d5c</load_address>
         <run_address>0x2d5c</run_address>
         <size>0x110</size>
         <input_file_ref idref="fl-12"/>
      </object_component>
      <object_component id="oc-ef">
         <name>.text</name>
         <load_address>0x2e6c</load_address>
         <run_address>0x2e6c</run_address>
         <size>0xfc</size>
         <input_file_ref idref="fl-d2"/>
      </object_component>
      <object_component id="oc-361">
         <name>.text</name>
         <load_address>0x2f68</load_address>
         <run_address>0x2f68</run_address>
         <size>0xfc</size>
         <input_file_ref idref="fl-f9"/>
      </object_component>
      <object_component id="oc-105">
         <name>.text:SysCtlClockSet</name>
         <load_address>0x3064</load_address>
         <run_address>0x3064</run_address>
         <size>0xf4</size>
         <input_file_ref idref="fl-12"/>
      </object_component>
      <object_component id="oc-3bc">
         <name>.text</name>
         <load_address>0x3158</load_address>
         <run_address>0x3158</run_address>
         <size>0xdc</size>
         <input_file_ref idref="fl-fa"/>
      </object_component>
      <object_component id="oc-319">
         <name>.text</name>
         <load_address>0x3234</load_address>
         <run_address>0x3234</run_address>
         <size>0xc8</size>
         <input_file_ref idref="fl-f1"/>
      </object_component>
      <object_component id="oc-335">
         <name>.text</name>
         <load_address>0x32fc</load_address>
         <run_address>0x32fc</run_address>
         <size>0xac</size>
         <input_file_ref idref="fl-e7"/>
      </object_component>
      <object_component id="oc-37">
         <name>.text</name>
         <load_address>0x33a8</load_address>
         <run_address>0x33a8</run_address>
         <size>0x9c</size>
         <input_file_ref idref="fl-db"/>
      </object_component>
      <object_component id="oc-287">
         <name>.text</name>
         <load_address>0x3444</load_address>
         <run_address>0x3444</run_address>
         <size>0x98</size>
         <input_file_ref idref="fl-f0"/>
      </object_component>
      <object_component id="oc-296">
         <name>.text</name>
         <load_address>0x34dc</load_address>
         <run_address>0x34dc</run_address>
         <size>0x98</size>
         <input_file_ref idref="fl-d7"/>
      </object_component>
      <object_component id="oc-f9">
         <name>.text</name>
         <load_address>0x3574</load_address>
         <run_address>0x3574</run_address>
         <size>0x94</size>
         <input_file_ref idref="fl-6"/>
      </object_component>
      <object_component id="oc-17b">
         <name>.text:__aeabi_cdcmple</name>
         <load_address>0x3608</load_address>
         <run_address>0x3608</run_address>
         <size>0x86</size>
         <input_file_ref idref="fl-d0"/>
      </object_component>
      <object_component id="oc-234">
         <name>.text:__aeabi_cdrcmple</name>
         <load_address>0x368e</load_address>
         <run_address>0x368e</run_address>
         <size>0x86</size>
         <input_file_ref idref="fl-d0"/>
      </object_component>
      <object_component id="oc-221">
         <name>.text:ADCSequenceStepConfigure</name>
         <load_address>0x3714</load_address>
         <run_address>0x3714</run_address>
         <size>0x7a</size>
         <input_file_ref idref="fl-d"/>
      </object_component>
      <object_component id="oc-50">
         <name>.text</name>
         <load_address>0x378e</load_address>
         <run_address>0x378e</run_address>
         <size>0x7a</size>
         <input_file_ref idref="fl-dc"/>
      </object_component>
      <object_component id="oc-68">
         <name>.text</name>
         <load_address>0x3808</load_address>
         <run_address>0x3808</run_address>
         <size>0x70</size>
         <input_file_ref idref="fl-ec"/>
      </object_component>
      <object_component id="oc-186">
         <name>.text</name>
         <load_address>0x3878</load_address>
         <run_address>0x3878</run_address>
         <size>0x6c</size>
         <input_file_ref idref="fl-d6"/>
      </object_component>
      <object_component id="oc-43">
         <name>.text</name>
         <load_address>0x38e4</load_address>
         <run_address>0x38e4</run_address>
         <size>0x6a</size>
         <input_file_ref idref="fl-cc"/>
      </object_component>
      <object_component id="oc-aa">
         <name>.text</name>
         <load_address>0x394e</load_address>
         <run_address>0x394e</run_address>
         <size>0x2</size>
         <input_file_ref idref="fl-fb"/>
      </object_component>
      <object_component id="oc-1a9">
         <name>.text:IntEnable</name>
         <load_address>0x3950</load_address>
         <run_address>0x3950</run_address>
         <size>0x68</size>
         <input_file_ref idref="fl-f"/>
      </object_component>
      <object_component id="oc-3f6">
         <name>.text</name>
         <load_address>0x39b8</load_address>
         <run_address>0x39b8</run_address>
         <size>0x68</size>
         <input_file_ref idref="fl-e5"/>
      </object_component>
      <object_component id="oc-3b6">
         <name>.text</name>
         <load_address>0x3a20</load_address>
         <run_address>0x3a20</run_address>
         <size>0x64</size>
         <input_file_ref idref="fl-f2"/>
      </object_component>
      <object_component id="oc-35b">
         <name>.text</name>
         <load_address>0x3a84</load_address>
         <run_address>0x3a84</run_address>
         <size>0x64</size>
         <input_file_ref idref="fl-f8"/>
      </object_component>
      <object_component id="oc-197">
         <name>.text:TimerConfigure</name>
         <load_address>0x3ae8</load_address>
         <run_address>0x3ae8</run_address>
         <size>0x60</size>
         <input_file_ref idref="fl-13"/>
      </object_component>
      <object_component id="oc-21b">
         <name>.text:ADCSequenceConfigure</name>
         <load_address>0x3b48</load_address>
         <run_address>0x3b48</run_address>
         <size>0x58</size>
         <input_file_ref idref="fl-d"/>
      </object_component>
      <object_component id="oc-350">
         <name>.text</name>
         <load_address>0x3ba0</load_address>
         <run_address>0x3ba0</run_address>
         <size>0x56</size>
         <input_file_ref idref="fl-f4"/>
      </object_component>
      <object_component id="oc-24">
         <name>.text</name>
         <load_address>0x3bf8</load_address>
         <run_address>0x3bf8</run_address>
         <size>0x54</size>
         <input_file_ref idref="fl-ca"/>
      </object_component>
      <object_component id="oc-74">
         <name>.text</name>
         <load_address>0x3c4c</load_address>
         <run_address>0x3c4c</run_address>
         <size>0x54</size>
         <input_file_ref idref="fl-ce"/>
      </object_component>
      <object_component id="oc-36d">
         <name>.text</name>
         <load_address>0x3ca0</load_address>
         <run_address>0x3ca0</run_address>
         <size>0x4c</size>
         <input_file_ref idref="fl-eb"/>
      </object_component>
      <object_component id="oc-a4">
         <name>.text</name>
         <load_address>0x3cec</load_address>
         <run_address>0x3cec</run_address>
         <size>0x4c</size>
         <input_file_ref idref="fl-ed"/>
      </object_component>
      <object_component id="oc-1cd">
         <name>.text:GPIOPinConfigure</name>
         <load_address>0x3d38</load_address>
         <run_address>0x3d38</run_address>
         <size>0x48</size>
         <input_file_ref idref="fl-e"/>
      </object_component>
      <object_component id="oc-245">
         <name>.text</name>
         <load_address>0x3d80</load_address>
         <run_address>0x3d80</run_address>
         <size>0x48</size>
         <input_file_ref idref="fl-d3"/>
      </object_component>
      <object_component id="oc-f4">
         <name>.text</name>
         <load_address>0x3dc8</load_address>
         <run_address>0x3dc8</run_address>
         <size>0x44</size>
         <input_file_ref idref="fl-d4"/>
      </object_component>
      <object_component id="oc-1c1">
         <name>.text:SysCtlPeripheralReady</name>
         <load_address>0x3e0c</load_address>
         <run_address>0x3e0c</run_address>
         <size>0x38</size>
         <input_file_ref idref="fl-12"/>
      </object_component>
      <object_component id="oc-191">
         <name>.text:SysCtlPeripheralEnable</name>
         <load_address>0x3e44</load_address>
         <run_address>0x3e44</run_address>
         <size>0x34</size>
         <input_file_ref idref="fl-12"/>
      </object_component>
      <object_component id="oc-308">
         <name>.text</name>
         <load_address>0x3e78</load_address>
         <run_address>0x3e78</run_address>
         <size>0x30</size>
         <input_file_ref idref="fl-e3"/>
      </object_component>
      <object_component id="oc-163">
         <name>.text:ADCIntStatus</name>
         <load_address>0x3ea8</load_address>
         <run_address>0x3ea8</run_address>
         <size>0x2e</size>
         <input_file_ref idref="fl-d"/>
      </object_component>
      <object_component id="oc-356">
         <name>.text</name>
         <load_address>0x3ed6</load_address>
         <run_address>0x3ed6</run_address>
         <size>0x2e</size>
         <input_file_ref idref="fl-f3"/>
      </object_component>
      <object_component id="oc-2d3">
         <name>.text:GPIODirModeSet</name>
         <load_address>0x3f04</load_address>
         <run_address>0x3f04</run_address>
         <size>0x2a</size>
         <input_file_ref idref="fl-e"/>
      </object_component>
      <object_component id="oc-343">
         <name>.text</name>
         <load_address>0x3f2e</load_address>
         <run_address>0x3f2e</run_address>
         <size>0x20</size>
         <input_file_ref idref="fl-da"/>
      </object_component>
      <object_component id="oc-e5">
         <name>.text</name>
         <load_address>0x3f4e</load_address>
         <run_address>0x3f4e</run_address>
         <size>0x20</size>
         <input_file_ref idref="fl-e6"/>
      </object_component>
      <object_component id="oc-169">
         <name>.text:ADCSequenceDataGet</name>
         <load_address>0x3f6e</load_address>
         <run_address>0x3f6e</run_address>
         <size>0x1e</size>
         <input_file_ref idref="fl-d"/>
      </object_component>
      <object_component id="oc-24a">
         <name>.text:PWMPulseWidthSet</name>
         <load_address>0x3f8c</load_address>
         <run_address>0x3f8c</run_address>
         <size>0x1e</size>
         <input_file_ref idref="fl-10"/>
      </object_component>
      <object_component id="oc-367">
         <name>.text</name>
         <load_address>0x3faa</load_address>
         <run_address>0x3faa</run_address>
         <size>0x1c</size>
         <input_file_ref idref="fl-f5"/>
      </object_component>
      <object_component id="oc-15d">
         <name>.text:ADCProcessorTrigger</name>
         <load_address>0x3fc6</load_address>
         <run_address>0x3fc6</run_address>
         <size>0x18</size>
         <input_file_ref idref="fl-d"/>
      </object_component>
      <object_component id="oc-1c7">
         <name>.text:GPIOPinTypeGPIOOutput</name>
         <load_address>0x3fde</load_address>
         <run_address>0x3fde</run_address>
         <size>0x18</size>
         <input_file_ref idref="fl-e"/>
      </object_component>
      <object_component id="oc-22e">
         <name>.text:SysCtlPWMClockGet</name>
         <load_address>0x3ff8</load_address>
         <run_address>0x3ff8</run_address>
         <size>0x18</size>
         <input_file_ref idref="fl-12"/>
      </object_component>
      <object_component id="oc-6e">
         <name>.text</name>
         <load_address>0x4010</load_address>
         <run_address>0x4010</run_address>
         <size>0x18</size>
         <input_file_ref idref="fl-ea"/>
      </object_component>
      <object_component id="oc-2fc">
         <name>.text</name>
         <load_address>0x4028</load_address>
         <run_address>0x4028</run_address>
         <size>0x18</size>
         <input_file_ref idref="fl-e1"/>
      </object_component>
      <object_component id="oc-302">
         <name>.text</name>
         <load_address>0x4040</load_address>
         <run_address>0x4040</run_address>
         <size>0x16</size>
         <input_file_ref idref="fl-e0"/>
      </object_component>
      <object_component id="oc-209">
         <name>.text:SysCtlPWMClockSet</name>
         <load_address>0x4058</load_address>
         <run_address>0x4058</run_address>
         <size>0x14</size>
         <input_file_ref idref="fl-12"/>
      </object_component>
      <object_component id="oc-12e">
         <name>.text</name>
         <load_address>0x406c</load_address>
         <run_address>0x406c</run_address>
         <size>0x14</size>
         <input_file_ref idref="fl-e8"/>
      </object_component>
      <object_component id="oc-3d7">
         <name>.text</name>
         <load_address>0x4080</load_address>
         <run_address>0x4080</run_address>
         <size>0x14</size>
         <input_file_ref idref="fl-ff"/>
      </object_component>
      <object_component id="oc-3fc">
         <name>.text</name>
         <load_address>0x4094</load_address>
         <run_address>0x4094</run_address>
         <size>0x14</size>
         <input_file_ref idref="fl-fc"/>
      </object_component>
      <object_component id="oc-33d">
         <name>.text</name>
         <load_address>0x40a8</load_address>
         <run_address>0x40a8</run_address>
         <size>0x14</size>
         <input_file_ref idref="fl-e2"/>
      </object_component>
      <object_component id="oc-215">
         <name>.text:GPIOPinTypeADC</name>
         <load_address>0x40bc</load_address>
         <run_address>0x40bc</run_address>
         <size>0x12</size>
         <input_file_ref idref="fl-e"/>
      </object_component>
      <object_component id="oc-20f">
         <name>.text:GPIOPinTypePWM</name>
         <load_address>0x40ce</load_address>
         <run_address>0x40ce</run_address>
         <size>0x12</size>
         <input_file_ref idref="fl-e"/>
      </object_component>
      <object_component id="oc-1d3">
         <name>.text:GPIOPinTypeQEI</name>
         <load_address>0x40e0</load_address>
         <run_address>0x40e0</run_address>
         <size>0x12</size>
         <input_file_ref idref="fl-e"/>
      </object_component>
      <object_component id="oc-23f">
         <name>.text:PWMGenPeriodGet</name>
         <load_address>0x40f2</load_address>
         <run_address>0x40f2</run_address>
         <size>0x12</size>
         <input_file_ref idref="fl-10"/>
      </object_component>
      <object_component id="oc-250">
         <name>.text:PWMOutputState</name>
         <load_address>0x4104</load_address>
         <run_address>0x4104</run_address>
         <size>0x12</size>
         <input_file_ref idref="fl-10"/>
      </object_component>
      <object_component id="oc-1a3">
         <name>.text:TimerLoadSet</name>
         <load_address>0x4116</load_address>
         <run_address>0x4116</run_address>
         <size>0x12</size>
         <input_file_ref idref="fl-13"/>
      </object_component>
      <object_component id="oc-1b5">
         <name>.text:IntMasterEnable</name>
         <load_address>0x4128</load_address>
         <run_address>0x4128</run_address>
         <size>0x10</size>
         <input_file_ref idref="fl-f"/>
      </object_component>
      <object_component id="oc-239">
         <name>.text:PWMGenPeriodSet</name>
         <load_address>0x4138</load_address>
         <run_address>0x4138</run_address>
         <size>0x10</size>
         <input_file_ref idref="fl-10"/>
      </object_component>
      <object_component id="oc-1f1">
         <name>.text:QEIVelocityConfigure</name>
         <load_address>0x4148</load_address>
         <run_address>0x4148</run_address>
         <size>0x10</size>
         <input_file_ref idref="fl-11"/>
      </object_component>
      <object_component id="oc-227">
         <name>.text:ADCSequenceEnable</name>
         <load_address>0x4158</load_address>
         <run_address>0x4158</run_address>
         <size>0xe</size>
         <input_file_ref idref="fl-d"/>
      </object_component>
      <object_component id="oc-1eb">
         <name>.text:QEIConfigure</name>
         <load_address>0x4166</load_address>
         <run_address>0x4166</run_address>
         <size>0xe</size>
         <input_file_ref idref="fl-11"/>
      </object_component>
      <object_component id="oc-151">
         <name>.text:QEIDirectionGet</name>
         <load_address>0x4174</load_address>
         <run_address>0x4174</run_address>
         <size>0xe</size>
         <input_file_ref idref="fl-11"/>
      </object_component>
      <object_component id="oc-1bb">
         <name>.text:TimerEnable</name>
         <load_address>0x4182</load_address>
         <run_address>0x4182</run_address>
         <size>0xe</size>
         <input_file_ref idref="fl-13"/>
      </object_component>
      <object_component id="oc-12">
         <name>.text:decompress:none</name>
         <load_address>0x4190</load_address>
         <run_address>0x4190</run_address>
         <size>0xe</size>
         <input_file_ref idref="fl-cb"/>
      </object_component>
      <object_component id="oc-2c4">
         <name>.text:CPUcpsie</name>
         <load_address>0x419e</load_address>
         <run_address>0x419e</run_address>
         <size>0xc</size>
         <input_file_ref idref="fl-14"/>
      </object_component>
      <object_component id="oc-256">
         <name>.text:PWMGenEnable</name>
         <load_address>0x41aa</load_address>
         <run_address>0x41aa</run_address>
         <size>0xc</size>
         <input_file_ref idref="fl-10"/>
      </object_component>
      <object_component id="oc-2e">
         <name>.text</name>
         <load_address>0x41b6</load_address>
         <run_address>0x41b6</run_address>
         <size>0xc</size>
         <input_file_ref idref="fl-7"/>
      </object_component>
      <object_component id="oc-157">
         <name>.text:ADCIntClear</name>
         <load_address>0x41c2</load_address>
         <run_address>0x41c2</run_address>
         <size>0xa</size>
         <input_file_ref idref="fl-d"/>
      </object_component>
      <object_component id="oc-1d9">
         <name>.text:QEIDisable</name>
         <load_address>0x41cc</load_address>
         <run_address>0x41cc</run_address>
         <size>0xa</size>
         <input_file_ref idref="fl-11"/>
      </object_component>
      <object_component id="oc-1fd">
         <name>.text:QEIEnable</name>
         <load_address>0x41d6</load_address>
         <run_address>0x41d6</run_address>
         <size>0xa</size>
         <input_file_ref idref="fl-11"/>
      </object_component>
      <object_component id="oc-1e5">
         <name>.text:QEIIntDisable</name>
         <load_address>0x41e0</load_address>
         <run_address>0x41e0</run_address>
         <size>0xa</size>
         <input_file_ref idref="fl-11"/>
      </object_component>
      <object_component id="oc-1df">
         <name>.text:QEIVelocityDisable</name>
         <load_address>0x41ea</load_address>
         <run_address>0x41ea</run_address>
         <size>0xa</size>
         <input_file_ref idref="fl-11"/>
      </object_component>
      <object_component id="oc-203">
         <name>.text:QEIVelocityEnable</name>
         <load_address>0x41f4</load_address>
         <run_address>0x41f4</run_address>
         <size>0xa</size>
         <input_file_ref idref="fl-11"/>
      </object_component>
      <object_component id="oc-1af">
         <name>.text:TimerIntEnable</name>
         <load_address>0x41fe</load_address>
         <run_address>0x41fe</run_address>
         <size>0x8</size>
         <input_file_ref idref="fl-13"/>
      </object_component>
      <object_component id="oc-25c">
         <name>.text:GPIOPinWrite</name>
         <load_address>0x4206</load_address>
         <run_address>0x4206</run_address>
         <size>0x6</size>
         <input_file_ref idref="fl-e"/>
      </object_component>
      <object_component id="oc-16f">
         <name>.text:SysCtlDelay</name>
         <load_address>0x420c</load_address>
         <run_address>0x420c</run_address>
         <size>0x6</size>
         <input_file_ref idref="fl-12"/>
      </object_component>
      <object_component id="oc-18">
         <name>.text:decompress:rle24</name>
         <load_address>0x4212</load_address>
         <run_address>0x4212</run_address>
         <size>0x6</size>
         <input_file_ref idref="fl-cc"/>
      </object_component>
      <object_component id="oc-145">
         <name>.text:QEIPositionGet</name>
         <load_address>0x4218</load_address>
         <run_address>0x4218</run_address>
         <size>0x4</size>
         <input_file_ref idref="fl-11"/>
      </object_component>
      <object_component id="oc-1f7">
         <name>.text:QEIPositionSet</name>
         <load_address>0x421c</load_address>
         <run_address>0x421c</run_address>
         <size>0x4</size>
         <input_file_ref idref="fl-11"/>
      </object_component>
      <object_component id="oc-14b">
         <name>.text:QEIVelocityGet</name>
         <load_address>0x4220</load_address>
         <run_address>0x4220</run_address>
         <size>0x4</size>
         <input_file_ref idref="fl-11"/>
      </object_component>
      <object_component id="oc-62">
         <name>.text</name>
         <load_address>0x4224</load_address>
         <run_address>0x4224</run_address>
         <size>0x4</size>
         <input_file_ref idref="fl-de"/>
      </object_component>
      <object_component id="oc-3e4">
         <name>.const:.string:_ctypes_</name>
         <load_address>0x4228</load_address>
         <run_address>0x4228</run_address>
         <size>0x101</size>
         <input_file_ref idref="fl-ee"/>
      </object_component>
      <object_component id="oc-2db">
         <name>.const:g_pui32GPIOBaseAddrs</name>
         <load_address>0x432c</load_address>
         <run_address>0x432c</run_address>
         <size>0x90</size>
         <input_file_ref idref="fl-e"/>
      </object_component>
      <object_component id="oc-2be">
         <name>.const</name>
         <load_address>0x43bc</load_address>
         <run_address>0x43bc</run_address>
         <size>0x70</size>
         <input_file_ref idref="fl-f"/>
      </object_component>
      <object_component id="oc-2b9">
         <name>.const:g_pui32Xtals</name>
         <load_address>0x442c</load_address>
         <run_address>0x442c</run_address>
         <size>0x6c</size>
         <input_file_ref idref="fl-12"/>
      </object_component>
      <object_component id="oc-467">
         <name>.cinit..data.load</name>
         <load_address>0x4498</load_address>
         <run_address>0x4498</run_address>
         <size>0x7e</size>
      </object_component>
      <object_component id="oc-468">
         <name>.cinit..bss.load</name>
         <load_address>0x4518</load_address>
         <run_address>0x4518</run_address>
         <size>0xb</size>
      </object_component>
      <object_component id="oc-465">
         <name>__TI_handler_table</name>
         <load_address>0x4524</load_address>
         <run_address>0x4524</run_address>
         <size>0x8</size>
      </object_component>
      <object_component id="oc-466">
         <name>__TI_cinit_table</name>
         <load_address>0x452c</load_address>
         <run_address>0x452c</run_address>
         <size>0x10</size>
      </object_component>
      <object_component id="oc-ba">
         <name>.data:$O1$$</name>
         <load_address>0x200003d0</load_address>
         <run_address>0x200003d0</run_address>
         <size>0xc</size>
         <input_file_ref idref="fl-ce"/>
      </object_component>
      <object_component id="oc-293">
         <name>.data</name>
         <load_address>0x200003f4</load_address>
         <run_address>0x200003f4</run_address>
         <size>0x4</size>
         <input_file_ref idref="fl-d5"/>
      </object_component>
      <object_component id="oc-30e">
         <name>.data:$O1$$</name>
         <load_address>0x200002f0</load_address>
         <run_address>0x200002f0</run_address>
         <size>0xd0</size>
         <input_file_ref idref="fl-d9"/>
      </object_component>
      <object_component id="oc-7a">
         <name>.data</name>
         <load_address>0x200003f8</load_address>
         <run_address>0x200003f8</run_address>
         <size>0x4</size>
         <input_file_ref idref="fl-df"/>
      </object_component>
      <object_component id="oc-bd">
         <name>.data:$O1$$</name>
         <load_address>0x200003e8</load_address>
         <run_address>0x200003e8</run_address>
         <size>0x8</size>
         <input_file_ref idref="fl-e8"/>
      </object_component>
      <object_component id="oc-28d">
         <name>.data:_ftable</name>
         <load_address>0x20000200</load_address>
         <run_address>0x20000200</run_address>
         <size>0xf0</size>
         <input_file_ref idref="fl-ef"/>
      </object_component>
      <object_component id="oc-290">
         <name>.data</name>
         <load_address>0x200003c0</load_address>
         <run_address>0x200003c0</run_address>
         <size>0x10</size>
         <input_file_ref idref="fl-ef"/>
      </object_component>
      <object_component id="oc-3ae">
         <name>.data:$O1$$</name>
         <load_address>0x200003dc</load_address>
         <run_address>0x200003dc</run_address>
         <size>0xc</size>
         <input_file_ref idref="fl-f6"/>
      </object_component>
      <object_component id="oc-3dd">
         <name>.data</name>
         <load_address>0x200003f0</load_address>
         <run_address>0x200003f0</run_address>
         <size>0x4</size>
         <input_file_ref idref="fl-fe"/>
      </object_component>
      <object_component id="oc-402">
         <name>.bss:parmbuf</name>
         <uninitialized>true</uninitialized>
         <run_address>0x200005bc</run_address>
         <size>0x8</size>
         <input_file_ref idref="fl-e4"/>
      </object_component>
      <object_component id="oc-42f">
         <name>.bss:_CIOBUF_</name>
         <uninitialized>true</uninitialized>
         <run_address>0x200003fc</run_address>
         <size>0x120</size>
         <input_file_ref idref="fl-e5"/>
      </object_component>
      <object_component id="oc-172">
         <name>.common:ui32QEIDirection</name>
         <uninitialized>true</uninitialized>
         <run_address>0x200005d8</run_address>
         <size>0x4</size>
      </object_component>
      <object_component id="oc-170">
         <name>.common:ui32QEIPosition</name>
         <uninitialized>true</uninitialized>
         <run_address>0x200005dc</run_address>
         <size>0x4</size>
      </object_component>
      <object_component id="oc-171">
         <name>.common:ui32QEIVelocity</name>
         <uninitialized>true</uninitialized>
         <run_address>0x200005e4</run_address>
         <size>0x4</size>
      </object_component>
      <object_component id="oc-18c">
         <name>.common:ui32QEIPositionInitial</name>
         <uninitialized>true</uninitialized>
         <run_address>0x200005e0</run_address>
         <size>0x4</size>
      </object_component>
      <object_component id="oc-117">
         <name>.common:vel_input</name>
         <uninitialized>true</uninitialized>
         <run_address>0x200005e8</run_address>
         <size>0x4</size>
      </object_component>
      <object_component id="oc-122">
         <name>.common:torque_input</name>
         <uninitialized>true</uninitialized>
         <run_address>0x200005d4</run_address>
         <size>0x4</size>
      </object_component>
      <object_component id="oc-123">
         <name>.common:motor_input</name>
         <uninitialized>true</uninitialized>
         <run_address>0x200005c8</run_address>
         <size>0x4</size>
      </object_component>
      <object_component id="oc-173">
         <name>.common:pui32ADC0Value</name>
         <uninitialized>true</uninitialized>
         <run_address>0x200005cc</run_address>
         <size>0x4</size>
      </object_component>
      <object_component id="oc-174">
         <name>.common:toFileADCRead</name>
         <uninitialized>true</uninitialized>
         <run_address>0x200005d0</run_address>
         <size>0x4</size>
      </object_component>
      <object_component id="oc-18d">
         <name>.common:fp</name>
         <uninitialized>true</uninitialized>
         <run_address>0x200005c4</run_address>
         <size>0x4</size>
      </object_component>
      <object_component id="oc-325">
         <name>.common:__TI_tmpnams</name>
         <uninitialized>true</uninitialized>
         <run_address>0x2000051c</run_address>
         <size>0xa0</size>
      </object_component>
      <object_component id="oc-2b">
         <name>.sysmem</name>
         <uninitialized>true</uninitialized>
         <run_address>0x200005f0</run_address>
         <size>0x8</size>
         <input_file_ref idref="fl-f6"/>
      </object_component>
      <object_component id="oc-46a">
         <name>.sysmem</name>
         <uninitialized>true</uninitialized>
         <run_address>0x200005f0</run_address>
         <size>0x0</size>
      </object_component>
      <object_component id="oc-2a">
         <name>.stack</name>
         <uninitialized>true</uninitialized>
         <run_address>0x20000000</run_address>
         <size>0x0</size>
         <input_file_ref idref="fl-ca"/>
      </object_component>
      <object_component id="oc-469">
         <name>.stack</name>
         <uninitialized>true</uninitialized>
         <run_address>0x20000000</run_address>
         <size>0x0</size>
      </object_component>
      <object_component id="oc-118">
         <name>.debug_info</name>
         <load_address>0x0</load_address>
         <run_address>0x0</run_address>
         <size>0x872</size>
         <input_file_ref idref="fl-2"/>
      </object_component>
      <object_component id="oc-10c">
         <name>.debug_info</name>
         <load_address>0x872</load_address>
         <run_address>0x872</run_address>
         <size>0x943</size>
         <input_file_ref idref="fl-2"/>
      </object_component>
      <object_component id="oc-265">
         <name>.debug_info</name>
         <load_address>0x11b5</load_address>
         <run_address>0x11b5</run_address>
         <size>0xc8</size>
         <input_file_ref idref="fl-2"/>
      </object_component>
      <object_component id="oc-d1">
         <name>.debug_info</name>
         <load_address>0x127d</load_address>
         <run_address>0x127d</run_address>
         <size>0x8b</size>
         <input_file_ref idref="fl-2"/>
      </object_component>
      <object_component id="oc-85">
         <name>.debug_info</name>
         <load_address>0x1308</load_address>
         <run_address>0x1308</run_address>
         <size>0x18b</size>
         <input_file_ref idref="fl-2"/>
      </object_component>
      <object_component id="oc-2aa">
         <name>.debug_info</name>
         <load_address>0x1493</load_address>
         <run_address>0x1493</run_address>
         <size>0x4e</size>
         <input_file_ref idref="fl-2"/>
      </object_component>
      <object_component id="oc-11a">
         <name>.debug_info</name>
         <load_address>0x14e1</load_address>
         <run_address>0x14e1</run_address>
         <size>0x402</size>
         <input_file_ref idref="fl-3"/>
      </object_component>
      <object_component id="oc-100">
         <name>.debug_info</name>
         <load_address>0x18e3</load_address>
         <run_address>0x18e3</run_address>
         <size>0x3da</size>
         <input_file_ref idref="fl-3"/>
      </object_component>
      <object_component id="oc-92">
         <name>.debug_info</name>
         <load_address>0x1cbd</load_address>
         <run_address>0x1cbd</run_address>
         <size>0x84</size>
         <input_file_ref idref="fl-3"/>
      </object_component>
      <object_component id="oc-11c">
         <name>.debug_info</name>
         <load_address>0x1d41</load_address>
         <run_address>0x1d41</run_address>
         <size>0x452</size>
         <input_file_ref idref="fl-4"/>
      </object_component>
      <object_component id="oc-b3">
         <name>.debug_info</name>
         <load_address>0x2193</load_address>
         <run_address>0x2193</run_address>
         <size>0x782</size>
         <input_file_ref idref="fl-4"/>
      </object_component>
      <object_component id="oc-11e">
         <name>.debug_info</name>
         <load_address>0x2915</load_address>
         <run_address>0x2915</run_address>
         <size>0x483</size>
         <input_file_ref idref="fl-5"/>
      </object_component>
      <object_component id="oc-112">
         <name>.debug_info</name>
         <load_address>0x2d98</load_address>
         <run_address>0x2d98</run_address>
         <size>0x391</size>
         <input_file_ref idref="fl-5"/>
      </object_component>
      <object_component id="oc-120">
         <name>.debug_info</name>
         <load_address>0x3129</load_address>
         <run_address>0x3129</run_address>
         <size>0x4bc</size>
         <input_file_ref idref="fl-6"/>
      </object_component>
      <object_component id="oc-fa">
         <name>.debug_info</name>
         <load_address>0x35e5</load_address>
         <run_address>0x35e5</run_address>
         <size>0x30b</size>
         <input_file_ref idref="fl-6"/>
      </object_component>
      <object_component id="oc-36">
         <name>.debug_info</name>
         <load_address>0x38f0</load_address>
         <run_address>0x38f0</run_address>
         <size>0x102</size>
         <input_file_ref idref="fl-7"/>
      </object_component>
      <object_component id="oc-10">
         <name>.debug_info</name>
         <load_address>0x39f2</load_address>
         <run_address>0x39f2</run_address>
         <size>0xed</size>
         <input_file_ref idref="fl-7"/>
      </object_component>
      <object_component id="oc-2f">
         <name>.debug_info</name>
         <load_address>0x3adf</load_address>
         <run_address>0x3adf</run_address>
         <size>0x269</size>
         <input_file_ref idref="fl-7"/>
      </object_component>
      <object_component id="oc-27a">
         <name>.debug_info</name>
         <load_address>0x3d48</load_address>
         <run_address>0x3d48</run_address>
         <size>0x23d</size>
         <input_file_ref idref="fl-d"/>
      </object_component>
      <object_component id="oc-222">
         <name>.debug_info</name>
         <load_address>0x3f85</load_address>
         <run_address>0x3f85</run_address>
         <size>0x333</size>
         <input_file_ref idref="fl-d"/>
      </object_component>
      <object_component id="oc-228">
         <name>.debug_info</name>
         <load_address>0x42b8</load_address>
         <run_address>0x42b8</run_address>
         <size>0x2a0</size>
         <input_file_ref idref="fl-d"/>
      </object_component>
      <object_component id="oc-16a">
         <name>.debug_info</name>
         <load_address>0x4558</load_address>
         <run_address>0x4558</run_address>
         <size>0x2ff</size>
         <input_file_ref idref="fl-d"/>
      </object_component>
      <object_component id="oc-21c">
         <name>.debug_info</name>
         <load_address>0x4857</load_address>
         <run_address>0x4857</run_address>
         <size>0x326</size>
         <input_file_ref idref="fl-d"/>
      </object_component>
      <object_component id="oc-15e">
         <name>.debug_info</name>
         <load_address>0x4b7d</load_address>
         <run_address>0x4b7d</run_address>
         <size>0x2a4</size>
         <input_file_ref idref="fl-d"/>
      </object_component>
      <object_component id="oc-164">
         <name>.debug_info</name>
         <load_address>0x4e21</load_address>
         <run_address>0x4e21</run_address>
         <size>0x2e7</size>
         <input_file_ref idref="fl-d"/>
      </object_component>
      <object_component id="oc-158">
         <name>.debug_info</name>
         <load_address>0x5108</load_address>
         <run_address>0x5108</run_address>
         <size>0x294</size>
         <input_file_ref idref="fl-d"/>
      </object_component>
      <object_component id="oc-2da">
         <name>.debug_info</name>
         <load_address>0x539c</load_address>
         <run_address>0x539c</run_address>
         <size>0x230</size>
         <input_file_ref idref="fl-e"/>
      </object_component>
      <object_component id="oc-2dc">
         <name>.debug_info</name>
         <load_address>0x55cc</load_address>
         <run_address>0x55cc</run_address>
         <size>0x15b</size>
         <input_file_ref idref="fl-e"/>
      </object_component>
      <object_component id="oc-25f">
         <name>.debug_info</name>
         <load_address>0x5727</load_address>
         <run_address>0x5727</run_address>
         <size>0x2a3</size>
         <input_file_ref idref="fl-e"/>
      </object_component>
      <object_component id="oc-2d6">
         <name>.debug_info</name>
         <load_address>0x59ca</load_address>
         <run_address>0x59ca</run_address>
         <size>0x2b3</size>
         <input_file_ref idref="fl-e"/>
      </object_component>
      <object_component id="oc-2d0">
         <name>.debug_info</name>
         <load_address>0x5c7d</load_address>
         <run_address>0x5c7d</run_address>
         <size>0x316</size>
         <input_file_ref idref="fl-e"/>
      </object_component>
      <object_component id="oc-1d6">
         <name>.debug_info</name>
         <load_address>0x5f93</load_address>
         <run_address>0x5f93</run_address>
         <size>0x279</size>
         <input_file_ref idref="fl-e"/>
      </object_component>
      <object_component id="oc-212">
         <name>.debug_info</name>
         <load_address>0x620c</load_address>
         <run_address>0x620c</run_address>
         <size>0x279</size>
         <input_file_ref idref="fl-e"/>
      </object_component>
      <object_component id="oc-1ca">
         <name>.debug_info</name>
         <load_address>0x6485</load_address>
         <run_address>0x6485</run_address>
         <size>0x2b7</size>
         <input_file_ref idref="fl-e"/>
      </object_component>
      <object_component id="oc-218">
         <name>.debug_info</name>
         <load_address>0x673c</load_address>
         <run_address>0x673c</run_address>
         <size>0x279</size>
         <input_file_ref idref="fl-e"/>
      </object_component>
      <object_component id="oc-1d0">
         <name>.debug_info</name>
         <load_address>0x69b5</load_address>
         <run_address>0x69b5</run_address>
         <size>0x280</size>
         <input_file_ref idref="fl-e"/>
      </object_component>
      <object_component id="oc-2c2">
         <name>.debug_info</name>
         <load_address>0x6c35</load_address>
         <run_address>0x6c35</run_address>
         <size>0x20e</size>
         <input_file_ref idref="fl-f"/>
      </object_component>
      <object_component id="oc-2bf">
         <name>.debug_info</name>
         <load_address>0x6e43</load_address>
         <run_address>0x6e43</run_address>
         <size>0x210</size>
         <input_file_ref idref="fl-f"/>
      </object_component>
      <object_component id="oc-1b9">
         <name>.debug_info</name>
         <load_address>0x7053</load_address>
         <run_address>0x7053</run_address>
         <size>0x23e</size>
         <input_file_ref idref="fl-f"/>
      </object_component>
      <object_component id="oc-1ab">
         <name>.debug_info</name>
         <load_address>0x7291</load_address>
         <run_address>0x7291</run_address>
         <size>0x268</size>
         <input_file_ref idref="fl-f"/>
      </object_component>
      <object_component id="oc-2f1">
         <name>.debug_info</name>
         <load_address>0x74f9</load_address>
         <run_address>0x74f9</run_address>
         <size>0x1ed</size>
         <input_file_ref idref="fl-10"/>
      </object_component>
      <object_component id="oc-24b">
         <name>.debug_info</name>
         <load_address>0x76e6</load_address>
         <run_address>0x76e6</run_address>
         <size>0x2f6</size>
         <input_file_ref idref="fl-10"/>
      </object_component>
      <object_component id="oc-251">
         <name>.debug_info</name>
         <load_address>0x79dc</load_address>
         <run_address>0x79dc</run_address>
         <size>0x2c4</size>
         <input_file_ref idref="fl-10"/>
      </object_component>
      <object_component id="oc-23a">
         <name>.debug_info</name>
         <load_address>0x7ca0</load_address>
         <run_address>0x7ca0</run_address>
         <size>0x2b6</size>
         <input_file_ref idref="fl-10"/>
      </object_component>
      <object_component id="oc-240">
         <name>.debug_info</name>
         <load_address>0x7f56</load_address>
         <run_address>0x7f56</run_address>
         <size>0x280</size>
         <input_file_ref idref="fl-10"/>
      </object_component>
      <object_component id="oc-257">
         <name>.debug_info</name>
         <load_address>0x81d6</load_address>
         <run_address>0x81d6</run_address>
         <size>0x276</size>
         <input_file_ref idref="fl-10"/>
      </object_component>
      <object_component id="oc-276">
         <name>.debug_info</name>
         <load_address>0x844c</load_address>
         <run_address>0x844c</run_address>
         <size>0x1e8</size>
         <input_file_ref idref="fl-11"/>
      </object_component>
      <object_component id="oc-14c">
         <name>.debug_info</name>
         <load_address>0x8634</load_address>
         <run_address>0x8634</run_address>
         <size>0x250</size>
         <input_file_ref idref="fl-11"/>
      </object_component>
      <object_component id="oc-204">
         <name>.debug_info</name>
         <load_address>0x8884</load_address>
         <run_address>0x8884</run_address>
         <size>0x252</size>
         <input_file_ref idref="fl-11"/>
      </object_component>
      <object_component id="oc-1e0">
         <name>.debug_info</name>
         <load_address>0x8ad6</load_address>
         <run_address>0x8ad6</run_address>
         <size>0x254</size>
         <input_file_ref idref="fl-11"/>
      </object_component>
      <object_component id="oc-1f2">
         <name>.debug_info</name>
         <load_address>0x8d2a</load_address>
         <run_address>0x8d2a</run_address>
         <size>0x2cc</size>
         <input_file_ref idref="fl-11"/>
      </object_component>
      <object_component id="oc-1f8">
         <name>.debug_info</name>
         <load_address>0x8ff6</load_address>
         <run_address>0x8ff6</run_address>
         <size>0x28b</size>
         <input_file_ref idref="fl-11"/>
      </object_component>
      <object_component id="oc-146">
         <name>.debug_info</name>
         <load_address>0x9281</load_address>
         <run_address>0x9281</run_address>
         <size>0x24d</size>
         <input_file_ref idref="fl-11"/>
      </object_component>
      <object_component id="oc-1e6">
         <name>.debug_info</name>
         <load_address>0x94ce</load_address>
         <run_address>0x94ce</run_address>
         <size>0x28c</size>
         <input_file_ref idref="fl-11"/>
      </object_component>
      <object_component id="oc-1fe">
         <name>.debug_info</name>
         <load_address>0x975a</load_address>
         <run_address>0x975a</run_address>
         <size>0x23f</size>
         <input_file_ref idref="fl-11"/>
      </object_component>
      <object_component id="oc-1da">
         <name>.debug_info</name>
         <load_address>0x9999</load_address>
         <run_address>0x9999</run_address>
         <size>0x241</size>
         <input_file_ref idref="fl-11"/>
      </object_component>
      <object_component id="oc-152">
         <name>.debug_info</name>
         <load_address>0x9bda</load_address>
         <run_address>0x9bda</run_address>
         <size>0x24f</size>
         <input_file_ref idref="fl-11"/>
      </object_component>
      <object_component id="oc-1ec">
         <name>.debug_info</name>
         <load_address>0x9e29</load_address>
         <run_address>0x9e29</run_address>
         <size>0x2cd</size>
         <input_file_ref idref="fl-11"/>
      </object_component>
      <object_component id="oc-190">
         <name>.debug_info</name>
         <load_address>0xa0f6</load_address>
         <run_address>0xa0f6</run_address>
         <size>0x298</size>
         <input_file_ref idref="fl-12"/>
      </object_component>
      <object_component id="oc-2ba">
         <name>.debug_info</name>
         <load_address>0xa38e</load_address>
         <run_address>0xa38e</run_address>
         <size>0x14d</size>
         <input_file_ref idref="fl-12"/>
      </object_component>
      <object_component id="oc-1c4">
         <name>.debug_info</name>
         <load_address>0xa4db</load_address>
         <run_address>0xa4db</run_address>
         <size>0x27f</size>
         <input_file_ref idref="fl-12"/>
      </object_component>
      <object_component id="oc-195">
         <name>.debug_info</name>
         <load_address>0xa75a</load_address>
         <run_address>0xa75a</run_address>
         <size>0x27d</size>
         <input_file_ref idref="fl-12"/>
      </object_component>
      <object_component id="oc-20d">
         <name>.debug_info</name>
         <load_address>0xa9d7</load_address>
         <run_address>0xa9d7</run_address>
         <size>0x263</size>
         <input_file_ref idref="fl-12"/>
      </object_component>
      <object_component id="oc-232">
         <name>.debug_info</name>
         <load_address>0xac3a</load_address>
         <run_address>0xac3a</run_address>
         <size>0x22d</size>
         <input_file_ref idref="fl-12"/>
      </object_component>
      <object_component id="oc-109">
         <name>.debug_info</name>
         <load_address>0xae67</load_address>
         <run_address>0xae67</run_address>
         <size>0x2db</size>
         <input_file_ref idref="fl-12"/>
      </object_component>
      <object_component id="oc-1a1">
         <name>.debug_info</name>
         <load_address>0xb142</load_address>
         <run_address>0xb142</run_address>
         <size>0x2b5</size>
         <input_file_ref idref="fl-12"/>
      </object_component>
      <object_component id="oc-2b1">
         <name>.debug_info</name>
         <load_address>0xb3f7</load_address>
         <run_address>0xb3f7</run_address>
         <size>0x5f</size>
         <input_file_ref idref="fl-12"/>
      </object_component>
      <object_component id="oc-2b8">
         <name>.debug_info</name>
         <load_address>0xb456</load_address>
         <run_address>0xb456</run_address>
         <size>0x223</size>
         <input_file_ref idref="fl-13"/>
      </object_component>
      <object_component id="oc-1a4">
         <name>.debug_info</name>
         <load_address>0xb679</load_address>
         <run_address>0xb679</run_address>
         <size>0x2ba</size>
         <input_file_ref idref="fl-13"/>
      </object_component>
      <object_component id="oc-1b0">
         <name>.debug_info</name>
         <load_address>0xb933</load_address>
         <run_address>0xb933</run_address>
         <size>0x294</size>
         <input_file_ref idref="fl-13"/>
      </object_component>
      <object_component id="oc-1bc">
         <name>.debug_info</name>
         <load_address>0xbbc7</load_address>
         <run_address>0xbbc7</run_address>
         <size>0x27f</size>
         <input_file_ref idref="fl-13"/>
      </object_component>
      <object_component id="oc-198">
         <name>.debug_info</name>
         <load_address>0xbe46</load_address>
         <run_address>0xbe46</run_address>
         <size>0x28c</size>
         <input_file_ref idref="fl-13"/>
      </object_component>
      <object_component id="oc-2c7">
         <name>.debug_info</name>
         <load_address>0xc0d2</load_address>
         <run_address>0xc0d2</run_address>
         <size>0x212</size>
         <input_file_ref idref="fl-14"/>
      </object_component>
      <object_component id="oc-25">
         <name>.debug_info</name>
         <load_address>0xc2e4</load_address>
         <run_address>0xc2e4</run_address>
         <size>0x161</size>
         <input_file_ref idref="fl-ca"/>
      </object_component>
      <object_component id="oc-42">
         <name>.debug_info</name>
         <load_address>0xc445</load_address>
         <run_address>0xc445</run_address>
         <size>0x141</size>
         <input_file_ref idref="fl-cb"/>
      </object_component>
      <object_component id="oc-14">
         <name>.debug_info</name>
         <load_address>0xc586</load_address>
         <run_address>0xc586</run_address>
         <size>0x1e0</size>
         <input_file_ref idref="fl-cb"/>
      </object_component>
      <object_component id="oc-3d">
         <name>.debug_info</name>
         <load_address>0xc766</load_address>
         <run_address>0xc766</run_address>
         <size>0x46</size>
         <input_file_ref idref="fl-cb"/>
      </object_component>
      <object_component id="oc-8b">
         <name>.debug_info</name>
         <load_address>0xc7ac</load_address>
         <run_address>0xc7ac</run_address>
         <size>0x2c</size>
         <input_file_ref idref="fl-cb"/>
      </object_component>
      <object_component id="oc-4a">
         <name>.debug_info</name>
         <load_address>0xc7d8</load_address>
         <run_address>0xc7d8</run_address>
         <size>0x135</size>
         <input_file_ref idref="fl-cc"/>
      </object_component>
      <object_component id="oc-44">
         <name>.debug_info</name>
         <load_address>0xc90d</load_address>
         <run_address>0xc90d</run_address>
         <size>0x248</size>
         <input_file_ref idref="fl-cc"/>
      </object_component>
      <object_component id="oc-1b">
         <name>.debug_info</name>
         <load_address>0xcb55</load_address>
         <run_address>0xcb55</run_address>
         <size>0x1b2</size>
         <input_file_ref idref="fl-cc"/>
      </object_component>
      <object_component id="oc-4b">
         <name>.debug_info</name>
         <load_address>0xcd07</load_address>
         <run_address>0xcd07</run_address>
         <size>0x39</size>
         <input_file_ref idref="fl-cc"/>
      </object_component>
      <object_component id="oc-9a">
         <name>.debug_info</name>
         <load_address>0xcd40</load_address>
         <run_address>0xcd40</run_address>
         <size>0x2c</size>
         <input_file_ref idref="fl-cc"/>
      </object_component>
      <object_component id="oc-c1">
         <name>.debug_info</name>
         <load_address>0xcd6c</load_address>
         <run_address>0xcd6c</run_address>
         <size>0x235</size>
         <input_file_ref idref="fl-ce"/>
      </object_component>
      <object_component id="oc-bb">
         <name>.debug_info</name>
         <load_address>0xcfa1</load_address>
         <run_address>0xcfa1</run_address>
         <size>0x186</size>
         <input_file_ref idref="fl-ce"/>
      </object_component>
      <object_component id="oc-76">
         <name>.debug_info</name>
         <load_address>0xd127</load_address>
         <run_address>0xd127</run_address>
         <size>0x215</size>
         <input_file_ref idref="fl-ce"/>
      </object_component>
      <object_component id="oc-ec">
         <name>.debug_info</name>
         <load_address>0xd33c</load_address>
         <run_address>0xd33c</run_address>
         <size>0x145</size>
         <input_file_ref idref="fl-cf"/>
      </object_component>
      <object_component id="oc-17c">
         <name>.debug_info</name>
         <load_address>0xd481</load_address>
         <run_address>0xd481</run_address>
         <size>0x121</size>
         <input_file_ref idref="fl-d0"/>
      </object_component>
      <object_component id="oc-236">
         <name>.debug_info</name>
         <load_address>0xd5a2</load_address>
         <run_address>0xd5a2</run_address>
         <size>0x123</size>
         <input_file_ref idref="fl-d0"/>
      </object_component>
      <object_component id="oc-177">
         <name>.debug_info</name>
         <load_address>0xd6c5</load_address>
         <run_address>0xd6c5</run_address>
         <size>0x133</size>
         <input_file_ref idref="fl-d1"/>
      </object_component>
      <object_component id="oc-f0">
         <name>.debug_info</name>
         <load_address>0xd7f8</load_address>
         <run_address>0xd7f8</run_address>
         <size>0x133</size>
         <input_file_ref idref="fl-d2"/>
      </object_component>
      <object_component id="oc-247">
         <name>.debug_info</name>
         <load_address>0xd92b</load_address>
         <run_address>0xd92b</run_address>
         <size>0x127</size>
         <input_file_ref idref="fl-d3"/>
      </object_component>
      <object_component id="oc-f5">
         <name>.debug_info</name>
         <load_address>0xda52</load_address>
         <run_address>0xda52</run_address>
         <size>0x132</size>
         <input_file_ref idref="fl-d4"/>
      </object_component>
      <object_component id="oc-295">
         <name>.debug_info</name>
         <load_address>0xdb84</load_address>
         <run_address>0xdb84</run_address>
         <size>0x23d</size>
         <input_file_ref idref="fl-d5"/>
      </object_component>
      <object_component id="oc-181">
         <name>.debug_info</name>
         <load_address>0xddc1</load_address>
         <run_address>0xddc1</run_address>
         <size>0x456</size>
         <input_file_ref idref="fl-d5"/>
      </object_component>
      <object_component id="oc-330">
         <name>.debug_info</name>
         <load_address>0xe217</load_address>
         <run_address>0xe217</run_address>
         <size>0xae</size>
         <input_file_ref idref="fl-d5"/>
      </object_component>
      <object_component id="oc-c7">
         <name>.debug_info</name>
         <load_address>0xe2c5</load_address>
         <run_address>0xe2c5</run_address>
         <size>0x2c</size>
         <input_file_ref idref="fl-d5"/>
      </object_component>
      <object_component id="oc-2a9">
         <name>.debug_info</name>
         <load_address>0xe2f1</load_address>
         <run_address>0xe2f1</run_address>
         <size>0x20b</size>
         <input_file_ref idref="fl-d6"/>
      </object_component>
      <object_component id="oc-187">
         <name>.debug_info</name>
         <load_address>0xe4fc</load_address>
         <run_address>0xe4fc</run_address>
         <size>0x2ac</size>
         <input_file_ref idref="fl-d6"/>
      </object_component>
      <object_component id="oc-33c">
         <name>.debug_info</name>
         <load_address>0xe7a8</load_address>
         <run_address>0xe7a8</run_address>
         <size>0x1df</size>
         <input_file_ref idref="fl-d7"/>
      </object_component>
      <object_component id="oc-298">
         <name>.debug_info</name>
         <load_address>0xe987</load_address>
         <run_address>0xe987</run_address>
         <size>0x240</size>
         <input_file_ref idref="fl-d7"/>
      </object_component>
      <object_component id="oc-34a">
         <name>.debug_info</name>
         <load_address>0xebc7</load_address>
         <run_address>0xebc7</run_address>
         <size>0x2a3</size>
         <input_file_ref idref="fl-d8"/>
      </object_component>
      <object_component id="oc-29d">
         <name>.debug_info</name>
         <load_address>0xee6a</load_address>
         <run_address>0xee6a</run_address>
         <size>0x35a</size>
         <input_file_ref idref="fl-d8"/>
      </object_component>
      <object_component id="oc-312">
         <name>.debug_info</name>
         <load_address>0xf1c4</load_address>
         <run_address>0xf1c4</run_address>
         <size>0x4a1</size>
         <input_file_ref idref="fl-d9"/>
      </object_component>
      <object_component id="oc-30f">
         <name>.debug_info</name>
         <load_address>0xf665</load_address>
         <run_address>0xf665</run_address>
         <size>0x117</size>
         <input_file_ref idref="fl-d9"/>
      </object_component>
      <object_component id="oc-282">
         <name>.debug_info</name>
         <load_address>0xf77c</load_address>
         <run_address>0xf77c</run_address>
         <size>0xb0c</size>
         <input_file_ref idref="fl-d9"/>
      </object_component>
      <object_component id="oc-3a7">
         <name>.debug_info</name>
         <load_address>0x10288</load_address>
         <run_address>0x10288</run_address>
         <size>0x120</size>
         <input_file_ref idref="fl-d9"/>
      </object_component>
      <object_component id="oc-37a">
         <name>.debug_info</name>
         <load_address>0x103a8</load_address>
         <run_address>0x103a8</run_address>
         <size>0x2c</size>
         <input_file_ref idref="fl-d9"/>
      </object_component>
      <object_component id="oc-314">
         <name>.debug_info</name>
         <load_address>0x103d4</load_address>
         <run_address>0x103d4</run_address>
         <size>0x2c</size>
         <input_file_ref idref="fl-d9"/>
      </object_component>
      <object_component id="oc-3c9">
         <name>.debug_info</name>
         <load_address>0x10400</load_address>
         <run_address>0x10400</run_address>
         <size>0x101</size>
         <input_file_ref idref="fl-da"/>
      </object_component>
      <object_component id="oc-347">
         <name>.debug_info</name>
         <load_address>0x10501</load_address>
         <run_address>0x10501</run_address>
         <size>0x243</size>
         <input_file_ref idref="fl-da"/>
      </object_component>
      <object_component id="oc-3a">
         <name>.debug_info</name>
         <load_address>0x10744</load_address>
         <run_address>0x10744</run_address>
         <size>0x112</size>
         <input_file_ref idref="fl-db"/>
      </object_component>
      <object_component id="oc-53">
         <name>.debug_info</name>
         <load_address>0x10856</load_address>
         <run_address>0x10856</run_address>
         <size>0x140</size>
         <input_file_ref idref="fl-dc"/>
      </object_component>
      <object_component id="oc-60">
         <name>.debug_info</name>
         <load_address>0x10996</load_address>
         <run_address>0x10996</run_address>
         <size>0x139</size>
         <input_file_ref idref="fl-dd"/>
      </object_component>
      <object_component id="oc-64">
         <name>.debug_info</name>
         <load_address>0x10acf</load_address>
         <run_address>0x10acf</run_address>
         <size>0x149</size>
         <input_file_ref idref="fl-de"/>
      </object_component>
      <object_component id="oc-7b">
         <name>.debug_info</name>
         <load_address>0x10c18</load_address>
         <run_address>0x10c18</run_address>
         <size>0x10a</size>
         <input_file_ref idref="fl-df"/>
      </object_component>
      <object_component id="oc-39a">
         <name>.debug_info</name>
         <load_address>0x10d22</load_address>
         <run_address>0x10d22</run_address>
         <size>0xf6</size>
         <input_file_ref idref="fl-e0"/>
      </object_component>
      <object_component id="oc-303">
         <name>.debug_info</name>
         <load_address>0x10e18</load_address>
         <run_address>0x10e18</run_address>
[...]
         <name>SysCtlPWMClockSet</name>
         <value>0x4059</value>
         <object_component_ref idref="oc-209"/>
      </symbol>
      <symbol id="sm-2ff">
         <name>SysCtlPeripheralReady</name>
         <value>0x3e0d</value>
         <object_component_ref idref="oc-1c1"/>
      </symbol>
      <symbol id="sm-32b">
         <name>TimerLoadSet</name>
         <value>0x4117</value>
         <object_component_ref idref="oc-1a3"/>
      </symbol>
      <symbol id="sm-32c">
         <name>TimerEnable</name>
         <value>0x4183</value>
         <object_component_ref idref="oc-1bb"/>
      </symbol>
      <symbol id="sm-32d">
         <name>TimerIntEnable</name>
         <value>0x41ff</value>
         <object_component_ref idref="oc-1af"/>
      </symbol>
      <symbol id="sm-32e">
         <name>TimerConfigure</name>
         <value>0x3ae9</value>
         <object_component_ref idref="oc-197"/>
      </symbol>
      <symbol id="sm-338">
         <name>CPUcpsie</name>
         <value>0x419f</value>
         <object_component_ref idref="oc-2c4"/>
      </symbol>
      <symbol id="sm-349">
         <name>_c_int00</name>
         <value>0x3bf9</value>
         <object_component_ref idref="oc-24"/>
      </symbol>
      <symbol id="sm-34a">
         <name>__stack</name>
         <value>0x20000000</value>
         <object_component_ref idref="oc-2a"/>
      </symbol>
      <symbol id="sm-361">
         <name>__TI_decompress_none</name>
         <value>0x4191</value>
         <object_component_ref idref="oc-12"/>
      </symbol>
      <symbol id="sm-389">
         <name>__TI_decompress_rle24</name>
         <value>0x4213</value>
         <object_component_ref idref="oc-18"/>
      </symbol>
      <symbol id="sm-3ab">
         <name>C$$EXIT</name>
         <value>0x3c4d</value>
         <object_component_ref idref="oc-74"/>
      </symbol>
      <symbol id="sm-3ac">
         <name>abort</name>
         <value>0x3c51</value>
         <object_component_ref idref="oc-74"/>
      </symbol>
      <symbol id="sm-3ad">
         <name>exit</name>
         <value>0x3c59</value>
         <object_component_ref idref="oc-74"/>
      </symbol>
      <symbol id="sm-3ae">
         <name>__TI_dtors_ptr</name>
         <value>0x200003d4</value>
         <object_component_ref idref="oc-ba"/>
      </symbol>
      <symbol id="sm-3af">
         <name>__TI_cleanup_ptr</name>
         <value>0x200003d0</value>
         <object_component_ref idref="oc-ba"/>
      </symbol>
      <symbol id="sm-3b0">
         <name>__TI_enable_exit_profile_output</name>
         <value>0x200003d8</value>
         <object_component_ref idref="oc-ba"/>
      </symbol>
      <symbol id="sm-3c7">
         <name>__aeabi_dsub</name>
         <value>0x25c9</value>
         <object_component_ref idref="oc-ea"/>
      </symbol>
      <symbol id="sm-3c8">
         <name>__aeabi_dadd</name>
         <value>0x25d3</value>
         <object_component_ref idref="oc-ea"/>
      </symbol>
      <symbol id="sm-3ea">
         <name>__aeabi_cdcmpeq</name>
         <value>0x3609</value>
         <object_component_ref idref="oc-17b"/>
      </symbol>
      <symbol id="sm-3eb">
         <name>__aeabi_cdcmple</name>
         <value>0x3609</value>
         <object_component_ref idref="oc-17b"/>
      </symbol>
      <symbol id="sm-3ec">
         <name>__aeabi_cdrcmple</name>
         <value>0x368f</value>
         <object_component_ref idref="oc-234"/>
      </symbol>
      <symbol id="sm-400">
         <name>__aeabi_ddiv</name>
         <value>0x277f</value>
         <object_component_ref idref="oc-176"/>
      </symbol>
      <symbol id="sm-40b">
         <name>__aeabi_dmul</name>
         <value>0x2e6d</value>
         <object_component_ref idref="oc-ef"/>
      </symbol>
      <symbol id="sm-415">
         <name>__aeabi_d2iz</name>
         <value>0x3d81</value>
         <object_component_ref idref="oc-245"/>
      </symbol>
      <symbol id="sm-41f">
         <name>__aeabi_d2uiz</name>
         <value>0x3dc9</value>
         <object_component_ref idref="oc-f4"/>
      </symbol>
      <symbol id="sm-45b">
         <name>__TI_cleanup</name>
         <value>0x24cd</value>
         <object_component_ref idref="oc-180"/>
      </symbol>
      <symbol id="sm-45c">
         <name>freopen</name>
         <value>0x24f9</value>
         <object_component_ref idref="oc-180"/>
      </symbol>
      <symbol id="sm-45d">
         <name>fopen</name>
         <value>0x2523</value>
         <object_component_ref idref="oc-180"/>
      </symbol>
      <symbol id="sm-475">
         <name>fprintf</name>
         <value>0x3881</value>
         <object_component_ref idref="oc-186"/>
      </symbol>
      <symbol id="sm-48c">
         <name>putc</name>
         <value>0x34dd</value>
         <object_component_ref idref="oc-296"/>
      </symbol>
      <symbol id="sm-48d">
         <name>fputc</name>
         <value>0x34dd</value>
         <object_component_ref idref="oc-296"/>
      </symbol>
      <symbol id="sm-48e">
         <name>putchar</name>
         <value>0x3561</value>
         <object_component_ref idref="oc-296"/>
      </symbol>
      <symbol id="sm-4b0">
         <name>puts</name>
         <value>0x29c1</value>
         <object_component_ref idref="oc-29c"/>
      </symbol>
      <symbol id="sm-4b1">
         <name>fputs</name>
         <value>0x28b5</value>
         <object_component_ref idref="oc-29c"/>
      </symbol>
      <symbol id="sm-504">
         <name>open</name>
         <value>0x1bbb</value>
         <object_component_ref idref="oc-281"/>
      </symbol>
      <symbol id="sm-505">
         <name>add_device</name>
         <value>0x1cdd</value>
         <object_component_ref idref="oc-281"/>
      </symbol>
      <symbol id="sm-506">
         <name>remove_device</name>
         <value>0x1b6f</value>
         <object_component_ref idref="oc-281"/>
      </symbol>
      <symbol id="sm-507">
         <name>lseek</name>
         <value>0x1c69</value>
         <object_component_ref idref="oc-281"/>
      </symbol>
      <symbol id="sm-508">
         <name>read</name>
         <value>0x1b97</value>
         <object_component_ref idref="oc-281"/>
      </symbol>
      <symbol id="sm-509">
         <name>rename</name>
         <value>0x1b31</value>
         <object_component_ref idref="oc-281"/>
      </symbol>
      <symbol id="sm-50a">
         <name>write</name>
         <value>0x1a7d</value>
         <object_component_ref idref="oc-281"/>
      </symbol>
      <symbol id="sm-50b">
         <name>close</name>
         <value>0x1c8d</value>
         <object_component_ref idref="oc-281"/>
      </symbol>
      <symbol id="sm-50c">
         <name>unlink</name>
         <value>0x1b0d</value>
         <object_component_ref idref="oc-281"/>
      </symbol>
      <symbol id="sm-51c">
         <name>memchr</name>
         <value>0x3f2f</value>
         <object_component_ref idref="oc-343"/>
      </symbol>
      <symbol id="sm-537">
         <name>memcpy</name>
         <value>0x33a9</value>
         <object_component_ref idref="oc-37"/>
      </symbol>
      <symbol id="sm-538">
         <name>__aeabi_memcpy</name>
         <value>0x33a9</value>
         <object_component_ref idref="oc-37"/>
      </symbol>
      <symbol id="sm-539">
         <name>__aeabi_memcpy8</name>
         <value>0x33a9</value>
         <object_component_ref idref="oc-37"/>
      </symbol>
      <symbol id="sm-53a">
         <name>__aeabi_memcpy4</name>
         <value>0x33a9</value>
         <object_component_ref idref="oc-37"/>
      </symbol>
      <symbol id="sm-549">
         <name>__aeabi_memset</name>
         <value>0x3791</value>
         <object_component_ref idref="oc-50"/>
      </symbol>
      <symbol id="sm-54a">
         <name>memset</name>
         <value>0x3797</value>
         <object_component_ref idref="oc-50"/>
      </symbol>
      <symbol id="sm-54b">
         <name>__aeabi_memset8</name>
         <value>0x3791</value>
         <object_component_ref idref="oc-50"/>
      </symbol>
      <symbol id="sm-54c">
         <name>__aeabi_memset4</name>
         <value>0x3791</value>
         <object_component_ref idref="oc-50"/>
      </symbol>
      <symbol id="sm-54d">
         <name>__aeabi_memclr8</name>
         <value>0x378f</value>
         <object_component_ref idref="oc-50"/>
      </symbol>
      <symbol id="sm-54e">
         <name>__aeabi_memclr4</name>
         <value>0x378f</value>
         <object_component_ref idref="oc-50"/>
      </symbol>
      <symbol id="sm-54f">
         <name>__aeabi_memclr</name>
         <value>0x378f</value>
         <object_component_ref idref="oc-50"/>
      </symbol>
      <symbol id="sm-559">
         <name>__mpu_init</name>
         <value>0x2b1b</value>
         <object_component_ref idref="oc-5c"/>
      </symbol>
      <symbol id="sm-563">
         <name>_system_pre_init</name>
         <value>0x4225</value>
         <object_component_ref idref="oc-62"/>
      </symbol>
      <symbol id="sm-56b">
         <name>main_func_sp</name>
         <value>0x200003f8</value>
         <object_component_ref idref="oc-7a"/>
      </symbol>
      <symbol id="sm-57b">
         <name>strchr</name>
         <value>0x4041</value>
         <object_component_ref idref="oc-302"/>
      </symbol>
      <symbol id="sm-58a">
         <name>strcmp</name>
         <value>0x4029</value>
         <object_component_ref idref="oc-2fc"/>
      </symbol>
      <symbol id="sm-598">
         <name>strlen</name>
         <value>0x40a9</value>
         <object_component_ref idref="oc-33d"/>
      </symbol>
      <symbol id="sm-5a8">
         <name>strncpy</name>
         <value>0x3e79</value>
         <object_component_ref idref="oc-308"/>
      </symbol>
      <symbol id="sm-5d0">
         <name>HOSTgetenv</name>
         <value>0x19b9</value>
         <object_component_ref idref="oc-39d"/>
      </symbol>
      <symbol id="sm-5d1">
         <name>HOSTrename</name>
         <value>0x1861</value>
         <object_component_ref idref="oc-39d"/>
      </symbol>
      <symbol id="sm-5d2">
         <name>HOSTclose</name>
         <value>0x19f7</value>
         <object_component_ref idref="oc-39d"/>
      </symbol>
      <symbol id="sm-5d3">
         <name>HOSTtime64</name>
         <value>0x17dd</value>
         <object_component_ref idref="oc-39d"/>
      </symbol>
      <symbol id="sm-5d4">
         <name>HOSTunlink</name>
         <value>0x17a5</value>
         <object_component_ref idref="oc-39d"/>
      </symbol>
      <symbol id="sm-5d5">
         <name>HOSTlseek</name>
         <value>0x195d</value>
         <object_component_ref idref="oc-39d"/>
      </symbol>
      <symbol id="sm-5d6">
         <name>HOSTopen</name>
         <value>0x190b</value>
         <object_component_ref idref="oc-39d"/>
      </symbol>
      <symbol id="sm-5d7">
         <name>HOSTclock</name>
         <value>0x1a2f</value>
         <object_component_ref idref="oc-39d"/>
      </symbol>
      <symbol id="sm-5d8">
         <name>HOSTwrite</name>
         <value>0x1759</value>
         <object_component_ref idref="oc-39d"/>
      </symbol>
      <symbol id="sm-5d9">
         <name>HOSTread</name>
         <value>0x18bf</value>
         <object_component_ref idref="oc-39d"/>
      </symbol>
      <symbol id="sm-5da">
         <name>HOSTtime</name>
         <value>0x1827</value>
         <object_component_ref idref="oc-39d"/>
      </symbol>
      <symbol id="sm-5f5">
         <name>__TI_readmsg</name>
         <value>0x39eb</value>
         <object_component_ref idref="oc-3f6"/>
      </symbol>
      <symbol id="sm-5f6">
         <name>C$$IO$$</name>
         <value>0x39e7</value>
         <object_component_ref idref="oc-3f6"/>
      </symbol>
      <symbol id="sm-5f7">
         <name>__CIOBUF_</name>
         <value>0x200003fc</value>
         <object_component_ref idref="oc-42f"/>
      </symbol>
      <symbol id="sm-5f8">
         <name>__TI_writemsg</name>
         <value>0x39b9</value>
         <object_component_ref idref="oc-3f6"/>
      </symbol>
      <symbol id="sm-602">
         <name>__aeabi_ui2d</name>
         <value>0x3f4f</value>
         <object_component_ref idref="oc-e5"/>
      </symbol>
      <symbol id="sm-620">
         <name>__TI_wrt_ok</name>
         <value>0x32fd</value>
         <object_component_ref idref="oc-335"/>
      </symbol>
      <symbol id="sm-621">
         <name>__TI_rd_ok</name>
         <value>0x335f</value>
         <object_component_ref idref="oc-335"/>
      </symbol>
      <symbol id="sm-63a">
         <name>_nop</name>
         <value>0x407b</value>
         <object_component_ref idref="oc-12e"/>
      </symbol>
      <symbol id="sm-63b">
         <name>_lock</name>
         <value>0x200003e8</value>
         <object_component_ref idref="oc-bd"/>
      </symbol>
      <symbol id="sm-63c">
         <name>_unlock</name>
         <value>0x200003ec</value>
         <object_component_ref idref="oc-bd"/>
      </symbol>
      <symbol id="sm-63d">
         <name>_register_lock</name>
         <value>0x4073</value>
         <object_component_ref idref="oc-12e"/>
      </symbol>
      <symbol id="sm-63e">
         <name>_register_unlock</name>
         <value>0x406d</value>
         <object_component_ref idref="oc-12e"/>
      </symbol>
      <symbol id="sm-745">
         <name>__TI_printfi</name>
         <value>0x1077</value>
         <object_component_ref idref="oc-2a2"/>
      </symbol>
      <symbol id="sm-759">
         <name>_args_main</name>
         <value>0x4011</value>
         <object_component_ref idref="oc-6e"/>
      </symbol>
      <symbol id="sm-76f">
         <name>atoi</name>
         <value>0x3ca1</value>
         <object_component_ref idref="oc-36d"/>
      </symbol>
      <symbol id="sm-794">
         <name>__TI_auto_init</name>
         <value>0x3809</value>
         <object_component_ref idref="oc-68"/>
      </symbol>
      <symbol id="sm-7ae">
         <name>copy_in</name>
         <value>0x3ced</value>
         <object_component_ref idref="oc-a4"/>
      </symbol>
      <symbol id="sm-7b9">
         <name>_ctypes_</name>
         <value>0x4228</value>
         <object_component_ref idref="oc-3e4"/>
      </symbol>
      <symbol id="sm-7ce">
         <name>__TI_tmpnams</name>
         <value>0x2000051c</value>
      </symbol>
      <symbol id="sm-7cf">
         <name>__aeabi_stdout</name>
         <value>0x200003c8</value>
         <object_component_ref idref="oc-290"/>
      </symbol>
      <symbol id="sm-7d0">
         <name>__aeabi_stderr</name>
         <value>0x200003cc</value>
         <object_component_ref idref="oc-290"/>
      </symbol>
      <symbol id="sm-7d1">
         <name>__aeabi_stdin</name>
         <value>0x200003c4</value>
         <object_component_ref idref="oc-290"/>
      </symbol>
      <symbol id="sm-7d2">
         <name>_ftable</name>
         <value>0x20000200</value>
         <object_component_ref idref="oc-28d"/>
      </symbol>
      <symbol id="sm-7d3">
         <name>__TI_ft_end</name>
         <value>0x200003c0</value>
         <object_component_ref idref="oc-290"/>
      </symbol>
      <symbol id="sm-7e9">
         <name>__TI_closefile</name>
         <value>0x3445</value>
         <object_component_ref idref="oc-287"/>
      </symbol>
      <symbol id="sm-7ea">
         <name>fclose</name>
         <value>0x34ab</value>
         <object_component_ref idref="oc-287"/>
      </symbol>
      <symbol id="sm-804">
         <name>__TI_doflush</name>
         <value>0x3235</value>
         <object_component_ref idref="oc-319"/>
      </symbol>
      <symbol id="sm-805">
         <name>fflush</name>
         <value>0x3281</value>
         <object_component_ref idref="oc-319"/>
      </symbol>
      <symbol id="sm-817">
         <name>fseek</name>
         <value>0x3a21</value>
         <object_component_ref idref="oc-3b6"/>
      </symbol>
      <symbol id="sm-821">
         <name>__aeabi_i2d</name>
         <value>0x3ed7</value>
         <object_component_ref idref="oc-356"/>
      </symbol>
      <symbol id="sm-830">
         <name>ltoa</name>
         <value>0x3ba1</value>
         <object_component_ref idref="oc-350"/>
      </symbol>
      <symbol id="sm-840">
         <name>memccpy</name>
         <value>0x3fab</value>
         <object_component_ref idref="oc-367"/>
      </symbol>
      <symbol id="sm-8af">
         <name>_sys_memory</name>
         <value>0x200005f0</value>
         <object_component_ref idref="oc-2b"/>
      </symbol>
      <symbol id="sm-8b0">
         <name>free</name>
         <value>0x1473</value>
         <object_component_ref idref="oc-31f"/>
      </symbol>
      <symbol id="sm-8b1">
         <name>realloc</name>
         <value>0x1535</value>
         <object_component_ref idref="oc-31f"/>
      </symbol>
      <symbol id="sm-8b2">
         <name>memalign</name>
         <value>0x1641</value>
         <object_component_ref idref="oc-31f"/>
      </symbol>
      <symbol id="sm-8b3">
         <name>calloc</name>
         <value>0x1725</value>
         <object_component_ref idref="oc-31f"/>
      </symbol>
      <symbol id="sm-8b4">
         <name>malloc</name>
         <value>0x140b</value>
         <object_component_ref idref="oc-31f"/>
      </symbol>
      <symbol id="sm-8b5">
         <name>minit</name>
         <value>0x137d</value>
         <object_component_ref idref="oc-31f"/>
      </symbol>
      <symbol id="sm-8d1">
         <name>frexpl</name>
         <value>0x3a85</value>
         <object_component_ref idref="oc-35b"/>
      </symbol>
      <symbol id="sm-8d2">
         <name>frexp</name>
         <value>0x3a85</value>
         <object_component_ref idref="oc-35b"/>
      </symbol>
      <symbol id="sm-8ef">
         <name>scalbn</name>
         <value>0x2f69</value>
         <object_component_ref idref="oc-361"/>
      </symbol>
      <symbol id="sm-8f0">
         <name>scalbnl</name>
         <value>0x2f69</value>
         <object_component_ref idref="oc-361"/>
      </symbol>
      <symbol id="sm-8f1">
         <name>ldexpl</name>
         <value>0x2f69</value>
         <object_component_ref idref="oc-361"/>
      </symbol>
      <symbol id="sm-8f2">
         <name>ldexp</name>
         <value>0x2f69</value>
         <object_component_ref idref="oc-361"/>
      </symbol>
      <symbol id="sm-90e">
         <name>setvbuf</name>
         <value>0x3159</value>
         <object_component_ref idref="oc-3bc"/>
      </symbol>
      <symbol id="sm-918">
         <name>_system_post_cinit</name>
         <value>0x394f</value>
         <object_component_ref idref="oc-aa"/>
      </symbol>
      <symbol id="sm-926">
         <name>strcpy</name>
         <value>0x4095</value>
         <object_component_ref idref="oc-3fc"/>
      </symbol>
      <symbol id="sm-942">
         <name>__aeabi_uldivmod</name>
         <value>0x2211</value>
         <object_component_ref idref="oc-34b"/>
      </symbol>
      <symbol id="sm-94a">
         <name>errno</name>
         <value>0x200003f0</value>
         <object_component_ref idref="oc-3dd"/>
      </symbol>
      <symbol id="sm-954">
         <name>copysign</name>
         <value>0x4081</value>
         <object_component_ref idref="oc-3d7"/>
      </symbol>
      <symbol id="sm-955">
         <name>copysignl</name>
         <value>0x4081</value>
         <object_component_ref idref="oc-3d7"/>
      </symbol>
      <symbol id="sm-956">
         <name>__TI_static_base__</name>
         <value>0x0</value>
      </symbol>
      <symbol id="sm-959">
         <name>SHT$$INIT_ARRAY$$Limit</name>
         <value>0x0</value>
      </symbol>
      <symbol id="sm-95a">
         <name>SHT$$INIT_ARRAY$$Base</name>
         <value>0x0</value>
      </symbol>
      <symbol id="sm-95b">
         <name>remove</name>
         <value>0x1b0d</value>
      </symbol>
   </symbol_table>
   <title>Link successful</title>
</link_info>
