******************************************************************************
                  TI ARM Linker Unix v15.12.1                  
******************************************************************************
>> Linked Sun Jan 22 17:02:27 2017

OUTPUT FILE NAME:   <Arm_Controller.out>
ENTRY POINT SYMBOL: "_c_int00"  address: 000035ad


MEMORY CONFIGURATION

         name            origin    length      used     unused   attr    fill
----------------------  --------  ---------  --------  --------  ----  --------
  FLASH                 00000000   00040000  00003b99  0003c467  R  X
  SRAM                  20000000   00008000  000005f4  00007a0c  RW X


SEGMENT ALLOCATION MAP

run origin  load origin   length   init length attrs members
----------  ----------- ---------- ----------- ----- -------
00000000    00000000    00003b9c   00003b9c    r-x
  00000000    00000000    0000026c   0000026c    r-- .intvecs
  0000026c    0000026c    00003788   00003788    r-x .text
  000039f4    000039f4    00000101   00000101    r-- .const
  00003af8    00003af8    000000a4   000000a4    r-- .cinit
20000000    20000000    000005f8   00000000    rw-
  20000000    20000000    00000200   00000000    rw- .stack
  20000200    20000200    000001fc   00000000    rw- .data
  200003fc    200003fc    000001f0   00000000    rw- .bss
  200005f0    200005f0    00000008   00000000    rw- .sysmem


SECTION ALLOCATION MAP

 output                                  attributes/
section   page    origin      length       input sections
--------  ----  ----------  ----------   ----------------
.intvecs   0    00000000    0000026c     
                  00000000    0000026c     tm4c123gh6pm_startup_ccs.obj (.intvecs)

.text      0    0000026c    00003788     
                  0000026c    00001110     rtsv7M4_T_le_v4SPD16_eabi.lib : _printfi.obj (.text)
                  0000137c    000003dc                                   : memory.obj (.text)
                  00001758    00000324                                   : trgdrv.obj (.text)
                  00001a7c    0000030c                                   : lowlev.obj (.text)
                  00001d88    00000218     main.obj (.text)
                  00001fa0    000001f4     rtsv7M4_T_le_v4SPD16_eabi.lib : ull_div_t2.obj (.text)
                  00002194    000001c4                                   : fopen.obj (.text)
                  00002358    000001b6                                   : fd_add_t2.obj (.text)
                  0000250e    00000136                                   : fd_div_t2.obj (.text)
                  00002644    00000134                                   : fputs.obj (.text)
                  00002778    00000128     motor_run.obj (.text)
                  000028a0    00000118     loop_tests.obj (.text)
                  000029b8    000000fc     rtsv7M4_T_le_v4SPD16_eabi.lib : fd_mul_t2.obj (.text)
                  00002ab4    000000fc                                   : s_scalbn.obj (.text)
                  00002bb0    000000f4     driverlib.lib : sysctl.obj (.text:SysCtlClockSet)
                  00002ca4    000000dc     rtsv7M4_T_le_v4SPD16_eabi.lib : setvbuf.obj (.text)
                  00002d80    000000c8                                   : fflush.obj (.text)
                  00002e48    000000ac                                   : _io_perm.obj (.text)
                  00002ef4    0000009c                                   : memcpy_t2.obj (.text)
                  00002f90    00000098                                   : fclose.obj (.text)
                  00003028    00000098                                   : fputc.obj (.text)
                  000030c0    00000094     sensor_readings.obj (.text)
                  00003154    00000086     rtsv7M4_T_le_v4SPD16_eabi.lib : fd_cmp_t2.obj (.text:__aeabi_cdcmple)
                  000031da    00000086                                   : fd_cmp_t2.obj (.text:__aeabi_cdrcmple)
                  00003260    0000007a                                   : memset_t2.obj (.text)
                  000032da    00000002                                   : mpu_init.obj (.text)
                  000032dc    00000070                                   : autoinit.obj (.text)
                  0000334c    0000006c                                   : fprintf.obj (.text)
                  000033b8    0000006a                                   : copy_decompress_rle.obj (.text)
                  00003422    00000002                                   : startup.obj (.text)
                  00003424    00000068                                   : trgmsg.obj (.text)
                  0000348c    00000064                                   : fseek.obj (.text)
                  000034f0    00000064                                   : s_frexp.obj (.text)
                  00003554    00000056                                   : ltoa.obj (.text)
                  000035aa    00000002     --HOLE-- [fill = 0]
                  000035ac    00000054                                   : boot.obj (.text)
                  00003600    00000054                                   : exit.obj (.text)
                  00003654    0000004c                                   : atoi.obj (.text)
                  000036a0    0000004c                                   : cpy_tbl.obj (.text)
                  000036ec    00000048                                   : fd_toi_t2.obj (.text)
                  00003734    00000044                                   : fd_tou_t2.obj (.text)
                  00003778    00000030                                   : strncpy.obj (.text)
                  000037a8    0000002e     driverlib.lib : adc.obj (.text:ADCIntStatus)
                  000037d6    0000002e     rtsv7M4_T_le_v4SPD16_eabi.lib : i_tofd_t2.obj (.text)
                  00003804    00000020                                   : memchr.obj (.text)
                  00003824    00000020                                   : u_tofd_t2.obj (.text)
                  00003844    0000001e     driverlib.lib : adc.obj (.text:ADCSequenceDataGet)
                  00003862    0000001e                   : pwm.obj (.text:PWMPulseWidthSet)
                  00003880    0000001c     rtsv7M4_T_le_v4SPD16_eabi.lib : memccpy.obj (.text)
                  0000389c    00000018     driverlib.lib : adc.obj (.text:ADCProcessorTrigger)
                  000038b4    00000018                   : sysctl.obj (.text:SysCtlPWMClockGet)
                  000038cc    00000018     rtsv7M4_T_le_v4SPD16_eabi.lib : args_main.obj (.text)
                  000038e4    00000018                                   : strcmp.obj (.text)
                  000038fc    00000016                                   : strchr.obj (.text)
                  00003912    00000002     --HOLE-- [fill = 0]
                  00003914    00000014                                   : _lock.obj (.text)
                  00003928    00000014                                   : s_copysign.obj (.text)
                  0000393c    00000014                                   : strcpy.obj (.text)
                  00003950    00000014                                   : strlen.obj (.text)
                  00003964    00000012     driverlib.lib : pwm.obj (.text:PWMGenPeriodGet)
                  00003976    00000012                   : pwm.obj (.text:PWMOutputState)
                  00003988    00000010                   : pwm.obj (.text:PWMGenPeriodSet)
                  00003998    0000000e                   : qei.obj (.text:QEIDirectionGet)
                  000039a6    0000000e     rtsv7M4_T_le_v4SPD16_eabi.lib : copy_decompress_none.obj (.text:decompress:none)
                  000039b4    0000000c     driverlib.lib : pwm.obj (.text:PWMGenEnable)
                  000039c0    0000000c     tm4c123gh6pm_startup_ccs.obj (.text)
                  000039cc    0000000a     driverlib.lib : adc.obj (.text:ADCIntClear)
                  000039d6    00000006                   : gpio.obj (.text:GPIOPinWrite)
                  000039dc    00000006                   : sysctl.obj (.text:SysCtlDelay)
                  000039e2    00000006     rtsv7M4_T_le_v4SPD16_eabi.lib : copy_decompress_rle.obj (.text:decompress:rle24)
                  000039e8    00000004     driverlib.lib : qei.obj (.text:QEIPositionGet)
                  000039ec    00000004                   : qei.obj (.text:QEIVelocityGet)
                  000039f0    00000004     rtsv7M4_T_le_v4SPD16_eabi.lib : pre_init.obj (.text)

.const     0    000039f4    00000101     
                  000039f4    00000101     rtsv7M4_T_le_v4SPD16_eabi.lib : ctype.obj (.const:.string:_ctypes_)

.cinit     0    00003af8    000000a4     
                  00003af8    0000007e     (.cinit..data.load) [load image, compression = rle]
                  00003b76    00000002     --HOLE-- [fill = 0]
                  00003b78    0000000b     (.cinit..bss.load) [load image, compression = rle]
                  00003b83    00000001     --HOLE-- [fill = 0]
                  00003b84    00000008     (__TI_handler_table)
                  00003b8c    00000010     (__TI_cinit_table)

.init_array 
*          0    00000000    00000000     UNINITIALIZED

.stack     0    20000000    00000200     UNINITIALIZED
                  20000000    00000200     --HOLE--

.data      0    20000200    000001fc     UNINITIALIZED
                  20000200    000000f0     rtsv7M4_T_le_v4SPD16_eabi.lib : defs.obj (.data:_ftable)
                  200002f0    000000d0                                   : lowlev.obj (.data:$O1$$)
                  200003c0    00000010                                   : defs.obj (.data)
                  200003d0    0000000c                                   : exit.obj (.data:$O1$$)
                  200003dc    0000000c                                   : memory.obj (.data:$O1$$)
                  200003e8    00000008                                   : _lock.obj (.data:$O1$$)
                  200003f0    00000004                                   : errno.obj (.data)
                  200003f4    00000004                                   : fopen.obj (.data)
                  200003f8    00000004                                   : stkdepth_vars.obj (.data)

.bss       0    200003fc    000001f0     UNINITIALIZED
                  200003fc    00000120     rtsv7M4_T_le_v4SPD16_eabi.lib : trgmsg.obj (.bss:_CIOBUF_)
                  2000051c    000000a0     (.common:__TI_tmpnams)
                  200005bc    00000008                                   : trgdrv.obj (.bss:parmbuf)
                  200005c4    00000004     (.common:fp)
                  200005c8    00000004     (.common:motor_input)
                  200005cc    00000004     (.common:pui32ADC0Value)
                  200005d0    00000004     (.common:toFileADCRead)
                  200005d4    00000004     (.common:torque_input)
                  200005d8    00000004     (.common:ui32QEIDirection)
                  200005dc    00000004     (.common:ui32QEIPosition)
                  200005e0    00000004     (.common:ui32QEIPositionInitial)
                  200005e4    00000004     (.common:ui32QEIVelocity)
                  200005e8    00000004     (.common:vel_input)

.sysmem    0    200005f0    00000008     UNINITIALIZED
                  200005f0    00000008     rtsv7M4_T_le_v4SPD16_eabi.lib : memory.obj (.sysmem)

MODULE SUMMARY

       Module                         code    ro data   rw data
       ------                         ----    -------   -------
    ./
       tm4c123gh6pm_startup_ccs.obj   12      620       0      
       main.obj                       536     0         0      
       motor_run.obj                  296     0         0      
       loop_tests.obj                 280     0         0      
       sensor_readings.obj            148     0         0      
       configuration.obj              0       0         40     
    +--+------------------------------+-------+---------+---------+
       Total:                         1272    620       40     
                                                               
    /home/er/ti/SW-TM4C-2.1.3.156/driverlib/ccs/Debug/driverlib.lib
       sysctl.obj                     274     0         0      
       adc.obj                        110     0         0      
       pwm.obj                        94      0         0      
       qei.obj                        22      0         0      
       gpio.obj                       6       0         0      
    +--+------------------------------+-------+---------+---------+
       Total:                         506     0         0      
                                                               
    /home/er/ti/ccs613/ccsv6/tools/compiler/ti-cgt-arm_15.12.1.LTS/lib/rtsv7M4_T_le_v4SPD16_eabi.lib
       _printfi.obj                   4368    0         0      
       memory.obj                     988     0         12     
       lowlev.obj                     780     0         208    
       trgdrv.obj                     804     0         8      
       ull_div_t2.obj                 500     0         0      
       fopen.obj                      452     0         4      
       fd_add_t2.obj                  438     0         0      
       defs.obj                       0       0         416    
       trgmsg.obj                     104     0         288    
       fd_div_t2.obj                  310     0         0      
       fputs.obj                      308     0         0      
       fd_cmp_t2.obj                  268     0         0      
       ctype.obj                      0       257       0      
       fd_mul_t2.obj                  252     0         0      
       s_scalbn.obj                   252     0         0      
       setvbuf.obj                    220     0         0      
       fflush.obj                     200     0         0      
       _io_perm.obj                   172     0         0      
       memcpy_t2.obj                  156     0         0      
       fclose.obj                     152     0         0      
       fputc.obj                      152     0         0      
       memset_t2.obj                  122     0         0      
       autoinit.obj                   112     0         0      
       copy_decompress_rle.obj        112     0         0      
       fprintf.obj                    108     0         0      
       fseek.obj                      100     0         0      
       s_frexp.obj                    100     0         0      
       exit.obj                       84      0         12     
       ltoa.obj                       86      0         0      
       boot.obj                       84      0         0      
       atoi.obj                       76      0         0      
       cpy_tbl.obj                    76      0         0      
       fd_toi_t2.obj                  72      0         0      
       fd_tou_t2.obj                  68      0         0      
       strncpy.obj                    48      0         0      
       i_tofd_t2.obj                  46      0         0      
       memchr.obj                     32      0         0      
       u_tofd_t2.obj                  32      0         0      
       _lock.obj                      20      0         8      
       memccpy.obj                    28      0         0      
       args_main.obj                  24      0         0      
       strcmp.obj                     24      0         0      
       strchr.obj                     22      0         0      
       s_copysign.obj                 20      0         0      
       strcpy.obj                     20      0         0      
       strlen.obj                     20      0         0      
       copy_decompress_none.obj       14      0         0      
       errno.obj                      0       0         4      
       pre_init.obj                   4       0         0      
       stkdepth_vars.obj              0       0         4      
       mpu_init.obj                   2       0         0      
       startup.obj                    2       0         0      
    +--+------------------------------+-------+---------+---------+
       Total:                         12434   257       964    
                                                               
       Heap:                          0       0         8      
       Stack:                         0       0         512    
       Linker Generated:              0       161       0      
    +--+------------------------------+-------+---------+---------+
       Grand Total:                   14212   1038      1524   


LINKER GENERATED COPY TABLES

__TI_cinit_table @ 00003b8c records: 2, size/record: 8, table size: 16
	.data: load addr=00003af8, load size=0000007e bytes, run addr=20000200, run size=000001fc bytes, compression=rle
	.bss: load addr=00003b78, load size=0000000b bytes, run addr=200003fc, run size=000001f0 bytes, compression=rle


LINKER GENERATED HANDLER TABLE

__TI_handler_table @ 00003b84 records: 2, size/record: 4, table size: 8
	index: 0, handler: __TI_decompress_rle24
	index: 1, handler: __TI_decompress_none


GLOBAL SYMBOLS: SORTED ALPHABETICALLY BY Name 

address   name                           
-------   ----                           
000039cd  ADCIntClear                    
000037a9  ADCIntStatus                   
0000389d  ADCProcessorTrigger            
00003845  ADCSequenceDataGet             
00003601  C$$EXIT                        
00003453  C$$IO$$                        
000039d7  GPIOPinWrite                   
00001a2f  HOSTclock                      
000019f7  HOSTclose                      
000019b9  HOSTgetenv                     
0000195d  HOSTlseek                      
0000190b  HOSTopen                       
000018bf  HOSTread                       
00001861  HOSTrename                     
00001827  HOSTtime                       
000017dd  HOSTtime64                     
000017a5  HOSTunlink                     
00001759  HOSTwrite                      
000039b5  PWMGenEnable                   
00003965  PWMGenPeriodGet                
00003989  PWMGenPeriodSet                
00003977  PWMOutputState                 
00003863  PWMPulseWidthSet               
00003999  QEIDirectionGet                
000039e9  QEIPositionGet                 
000039ed  QEIVelocityGet                 
000039c1  ResetISR                       
UNDEFED   SHT$$INIT_ARRAY$$Base          
UNDEFED   SHT$$INIT_ARRAY$$Limit         
00002bb1  SysCtlClockSet                 
000039dd  SysCtlDelay                    
000038b5  SysCtlPWMClockGet              
00001f55  TimerIntHandler_Position       
00001f2d  TimerIntHandler_Torque         
00001f41  TimerIntHandler_Velocity       
200003fc  __CIOBUF_                      
20000200  __STACK_END                    
00000200  __STACK_SIZE                   
20000200  __STACK_TOP                    
00000008  __SYSMEM_SIZE                  
00003b8c  __TI_CINIT_Base                
00003b9c  __TI_CINIT_Limit               
00003b84  __TI_Handler_Table_Base        
00003b8c  __TI_Handler_Table_Limit       
000032dd  __TI_auto_init                 
0000225d  __TI_cleanup                   
200003d0  __TI_cleanup_ptr               
00002f91  __TI_closefile                 
000039a7  __TI_decompress_none           
000039e3  __TI_decompress_rle24          
00002d81  __TI_doflush                   
200003d4  __TI_dtors_ptr                 
200003d8  __TI_enable_exit_profile_output
200003c0  __TI_ft_end                    
ffffffff  __TI_pprof_out_hndl            
00001077  __TI_printfi                   
ffffffff  __TI_prof_data_size            
ffffffff  __TI_prof_data_start           
00002eab  __TI_rd_ok                     
00003457  __TI_readmsg                   
00000000  __TI_static_base__             
2000051c  __TI_tmpnams                   
00003425  __TI_writemsg                  
00002e49  __TI_wrt_ok                    
00003155  __aeabi_cdcmpeq                
00003155  __aeabi_cdcmple                
000031db  __aeabi_cdrcmple               
000036ed  __aeabi_d2iz                   
00003735  __aeabi_d2uiz                  
00002363  __aeabi_dadd                   
0000250f  __aeabi_ddiv                   
000029b9  __aeabi_dmul                   
00002359  __aeabi_dsub                   
000037d7  __aeabi_i2d                    
00003261  __aeabi_memclr                 
00003261  __aeabi_memclr4                
00003261  __aeabi_memclr8                
00002ef5  __aeabi_memcpy                 
00002ef5  __aeabi_memcpy4                
00002ef5  __aeabi_memcpy8                
00003263  __aeabi_memset                 
00003263  __aeabi_memset4                
00003263  __aeabi_memset8                
200003cc  __aeabi_stderr                 
200003c4  __aeabi_stdin                  
200003c8  __aeabi_stdout                 
00003825  __aeabi_ui2d                   
00001fa1  __aeabi_uldivmod               
ffffffff  __binit__                      
ffffffff  __c_args__                     
000032db  __mpu_init                     
20000000  __stack                        
000038cd  _args_main                     
000035ad  _c_int00                       
000039f4  _ctypes_                       
20000200  _ftable                        
200003e8  _lock                          
00003923  _nop                           
0000391b  _register_lock                 
00003915  _register_unlock               
200005f0  _sys_memory                    
00003423  _system_post_cinit             
000039f1  _system_pre_init               
200003ec  _unlock                        
00003605  abort                          
00001cdd  add_device                     
00003655  atoi                           
ffffffff  binit                          
00001725  calloc                         
00001c8d  close                          
000036a1  copy_in                        
00003929  copysign                       
00003929  copysignl                      
200003f0  errno                          
0000360d  exit                           
00002ff7  fclose                         
00002dcd  fflush                         
000022b3  fopen                          
200005c4  fp                             
00003355  fprintf                        
00003029  fputc                          
00002645  fputs                          
00001473  free                           
00002289  freopen                        
000034f1  frexp                          
000034f1  frexpl                         
0000348d  fseek                          
00000000  g_pfnVectors                   
000030ef  getCurrent                     
000030e1  getDirection                   
000030c1  getPosition                    
0000296b  getSetPosition                 
000030cf  getVelocity                    
00002ab5  ldexp                          
00002ab5  ldexpl                         
00001c69  lseek                          
00003555  ltoa                           
00001f6d  main                           
200003f8  main_func_sp                   
0000140b  malloc                         
00001641  memalign                       
00003881  memccpy                        
00003805  memchr                         
00002ef5  memcpy                         
00003269  memset                         
0000137d  minit                          
200005c8  motor_input                    
00002779  motor_run                      
00001bbb  open                           
00001d89  pos_PI                         
00002929  pos_loop_test                  
000028a1  position_change_to             
200005cc  pui32ADC0Value                 
00003029  putc                           
000030ad  putchar                        
00002751  puts                           
00001b97  read                           
00001535  realloc                        
00001b0d  remove                         
00001b6f  remove_device                  
00001b31  rename                         
00002ab5  scalbn                         
00002ab5  scalbnl                        
00002ca5  setvbuf                        
000038fd  strchr                         
000038e5  strcmp                         
0000393d  strcpy                         
00003951  strlen                         
00003779  strncpy                        
200005d0  toFileADCRead                  
00001ea1  torque_PI                      
200005d4  torque_input                   
200005d8  ui32QEIDirection               
200005dc  ui32QEIPosition                
200005e0  ui32QEIPositionInitial         
200005e4  ui32QEIVelocity                
00001b0d  unlink                         
00001e15  vel_PI                         
200005e8  vel_input                      
00001a7d  write                          


GLOBAL SYMBOLS: SORTED BY Symbol Address 

address   name                           
-------   ----                           
00000000  __TI_static_base__             
00000000  g_pfnVectors                   
00000008  __SYSMEM_SIZE                  
00000200  __STACK_SIZE                   
00001077  __TI_printfi                   
0000137d  minit                          
0000140b  malloc                         
00001473  free                           
00001535  realloc                        
00001641  memalign                       
00001725  calloc                         
00001759  HOSTwrite                      
000017a5  HOSTunlink                     
000017dd  HOSTtime64                     
00001827  HOSTtime                       
00001861  HOSTrename                     
000018bf  HOSTread                       
0000190b  HOSTopen                       
0000195d  HOSTlseek                      
000019b9  HOSTgetenv                     
000019f7  HOSTclose                      
00001a2f  HOSTclock                      
00001a7d  write                          
00001b0d  remove                         
00001b0d  unlink                         
00001b31  rename                         
00001b6f  remove_device                  
00001b97  read                           
00001bbb  open                           
00001c69  lseek                          
00001c8d  close                          
00001cdd  add_device                     
00001d89  pos_PI                         
00001e15  vel_PI                         
00001ea1  torque_PI                      
00001f2d  TimerIntHandler_Torque         
00001f41  TimerIntHandler_Velocity       
00001f55  TimerIntHandler_Position       
00001f6d  main                           
00001fa1  __aeabi_uldivmod               
0000225d  __TI_cleanup                   
00002289  freopen                        
000022b3  fopen                          
00002359  __aeabi_dsub                   
00002363  __aeabi_dadd                   
0000250f  __aeabi_ddiv                   
00002645  fputs                          
00002751  puts                           
00002779  motor_run                      
000028a1  position_change_to             
00002929  pos_loop_test                  
0000296b  getSetPosition                 
000029b9  __aeabi_dmul                   
00002ab5  ldexp                          
00002ab5  ldexpl                         
00002ab5  scalbn                         
00002ab5  scalbnl                        
00002bb1  SysCtlClockSet                 
00002ca5  setvbuf                        
00002d81  __TI_doflush                   
00002dcd  fflush                         
00002e49  __TI_wrt_ok                    
00002eab  __TI_rd_ok                     
00002ef5  __aeabi_memcpy                 
00002ef5  __aeabi_memcpy4                
00002ef5  __aeabi_memcpy8                
00002ef5  memcpy                         
00002f91  __TI_closefile                 
00002ff7  fclose                         
00003029  fputc                          
00003029  putc                           
000030ad  putchar                        
000030c1  getPosition                    
000030cf  getVelocity                    
000030e1  getDirection                   
000030ef  getCurrent                     
00003155  __aeabi_cdcmpeq                
00003155  __aeabi_cdcmple                
000031db  __aeabi_cdrcmple               
00003261  __aeabi_memclr                 
00003261  __aeabi_memclr4                
00003261  __aeabi_memclr8                
00003263  __aeabi_memset                 
00003263  __aeabi_memset4                
00003263  __aeabi_memset8                
00003269  memset                         
000032db  __mpu_init                     
000032dd  __TI_auto_init                 
00003355  fprintf                        
00003423  _system_post_cinit             
00003425  __TI_writemsg                  
00003453  C$$IO$$                        
00003457  __TI_readmsg                   
0000348d  fseek                          
000034f1  frexp                          
000034f1  frexpl                         
00003555  ltoa                           
000035ad  _c_int00                       
00003601  C$$EXIT                        
00003605  abort                          
0000360d  exit                           
00003655  atoi                           
000036a1  copy_in                        
000036ed  __aeabi_d2iz                   
00003735  __aeabi_d2uiz                  
00003779  strncpy                        
000037a9  ADCIntStatus                   
000037d7  __aeabi_i2d                    
00003805  memchr                         
00003825  __aeabi_ui2d                   
00003845  ADCSequenceDataGet             
00003863  PWMPulseWidthSet               
00003881  memccpy                        
0000389d  ADCProcessorTrigger            
000038b5  SysCtlPWMClockGet              
000038cd  _args_main                     
000038e5  strcmp                         
000038fd  strchr                         
00003915  _register_unlock               
0000391b  _register_lock                 
00003923  _nop                           
00003929  copysign                       
00003929  copysignl                      
0000393d  strcpy                         
00003951  strlen                         
00003965  PWMGenPeriodGet                
00003977  PWMOutputState                 
00003989  PWMGenPeriodSet                
00003999  QEIDirectionGet                
000039a7  __TI_decompress_none           
000039b5  PWMGenEnable                   
000039c1  ResetISR                       
000039cd  ADCIntClear                    
000039d7  GPIOPinWrite                   
000039dd  SysCtlDelay                    
000039e3  __TI_decompress_rle24          
000039e9  QEIPositionGet                 
000039ed  QEIVelocityGet                 
000039f1  _system_pre_init               
000039f4  _ctypes_                       
00003b84  __TI_Handler_Table_Base        
00003b8c  __TI_CINIT_Base                
00003b8c  __TI_Handler_Table_Limit       
00003b9c  __TI_CINIT_Limit               
20000000  __stack                        
20000200  __STACK_END                    
20000200  __STACK_TOP                    
20000200  _ftable                        
200003c0  __TI_ft_end                    
200003c4  __aeabi_stdin                  
200003c8  __aeabi_stdout                 
200003cc  __aeabi_stderr                 
200003d0  __TI_cleanup_ptr               
200003d4  __TI_dtors_ptr                 
200003d8  __TI_enable_exit_profile_output
200003e8  _lock                          
200003ec  _unlock                        
200003f0  errno                          
200003f8  main_func_sp                   
200003fc  __CIOBUF_                      
2000051c  __TI_tmpnams                   
200005c4  fp                             
200005c8  motor_input                    
200005cc  pui32ADC0Value                 
200005d0  toFileADCRead                  
200005d4  torque_input                   
200005d8  ui32QEIDirection               
200005dc  ui32QEIPosition                
200005e0  ui32QEIPositionInitial         
200005e4  ui32QEIVelocity                
200005e8  vel_input                      
200005f0  _sys_memory                    
ffffffff  __TI_pprof_out_hndl            
ffffffff  __TI_prof_data_size            
ffffffff  __TI_prof_data_start           
ffffffff  __binit__                      
ffffffff  __c_args__                     
ffffffff  binit                          
UNDEFED   SHT$$INIT_ARRAY$$Base          
UNDEFED   SHT$$INIT_ARRAY$$Limit         

[180 symbols]
