Archive member included to satisfy reference by file (symbol)

/home/steven/tivaware/usblib/gcc/libusb.a(usbbuffer.o)
                              CMakeFiles/arm_main.axf.dir/arm_main.cpp.obj (USBBufferInit)
/home/steven/tivaware/usblib/gcc/libusb.a(usbdcdc.o)
                              CMakeFiles/arm_main.axf.dir/arm_main.cpp.obj (USBDCDCInit)
/home/steven/tivaware/usblib/gcc/libusb.a(usbdenum.o)
                              /home/steven/tivaware/usblib/gcc/libusb.a(usbdcdc.o) (USBDCDDeviceInfoInit)
/home/steven/tivaware/usblib/gcc/libusb.a(usbdhandler.o)
                              CMakeFiles/arm_main.axf.dir/arm_main.cpp.obj (USB0DeviceIntHandler)
/home/steven/tivaware/usblib/gcc/libusb.a(usbdma.o)
                              /home/steven/tivaware/usblib/gcc/libusb.a(usbdenum.o) (USBLibDMAInit)
/home/steven/tivaware/usblib/gcc/libusb.a(usbmode.o)
                              CMakeFiles/arm_main.axf.dir/arm_main.cpp.obj (USBStackModeSet)
/home/steven/tivaware/usblib/gcc/libusb.a(usbringbuf.o)
                              /home/steven/tivaware/usblib/gcc/libusb.a(usbbuffer.o) (USBRingBufFlush)
/home/steven/tivaware/usblib/gcc/libusb.a(usbtick.o)
                              /home/steven/tivaware/usblib/gcc/libusb.a(usbdcdc.o) (InternalUSBTickInit)
/home/steven/tivaware/usblib/gcc/libusb.a(usbulpi.o)
                              /home/steven/tivaware/usblib/gcc/libusb.a(usbdenum.o) (ULPIConfigSet)
/home/steven/tivaware/usblib/gcc/libusb.a(usbdcdesc.o)
                              /home/steven/tivaware/usblib/gcc/libusb.a(usbdenum.o) (USBDCDConfigDescGetSize)
/home/steven/tivaware/usblib/gcc/libusb.a(usbdconfig.o)
                              /home/steven/tivaware/usblib/gcc/libusb.a(usbdenum.o) (USBDeviceConfig)
/home/steven/tivaware/usblib/gcc/libusb.a(usbdesc.o)
                              /home/steven/tivaware/usblib/gcc/libusb.a(usbdcdesc.o) (USBDescGetNum)
/home/steven/tivaware/usblib/gcc/libusb.a(usbhostenum.o)
                              /home/steven/tivaware/usblib/gcc/libusb.a(usbmode.o) (USBHCDPowerConfigGet)
/home/steven/tivaware/usblib/gcc/libusb.a(usbhhub.o)
                              /home/steven/tivaware/usblib/gcc/libusb.a(usbhostenum.o) (USBHHubMain)
/home/steven/tivaware/driverlib/gcc/libdriver.a(adc.o)
                              CMakeFiles/arm_main.axf.dir/bdc_motor.c.obj (ADCIntClear)
/home/steven/tivaware/driverlib/gcc/libdriver.a(gpio.o)
                              CMakeFiles/arm_main.axf.dir/bdc_motor.c.obj (GPIOPinRead)
/home/steven/tivaware/driverlib/gcc/libdriver.a(interrupt.o)
                              CMakeFiles/arm_main.axf.dir/home/steven/tivaware/utils/ringbuf.c.obj (IntMasterEnable)
/home/steven/tivaware/driverlib/gcc/libdriver.a(pwm.o)
                              CMakeFiles/arm_main.axf.dir/bdc_motor.c.obj (PWMGenConfigure)
/home/steven/tivaware/driverlib/gcc/libdriver.a(sysctl.o)
                              CMakeFiles/arm_main.axf.dir/bdc_motor.c.obj (SysCtlPeripheralReady)
/home/steven/tivaware/driverlib/gcc/libdriver.a(systick.o)
                              CMakeFiles/arm_main.axf.dir/arm_main.cpp.obj (SysTickIntRegister)
/home/steven/tivaware/driverlib/gcc/libdriver.a(udma.o)
                              /home/steven/tivaware/usblib/gcc/libusb.a(usbdma.o) (uDMAChannelEnable)
/home/steven/tivaware/driverlib/gcc/libdriver.a(usb.o)
                              /home/steven/tivaware/usblib/gcc/libusb.a(usbmode.o) (USBHostSuspend)
/home/steven/tivaware/driverlib/gcc/libdriver.a(cpu.o)
                              /home/steven/tivaware/driverlib/gcc/libdriver.a(interrupt.o) (CPUcpsid)
/usr/lib/gcc/arm-none-eabi/6.2.0/armv7e-m/fpu/libgcc.a(_arm_addsubdf3.o)
                              CMakeFiles/arm_main.axf.dir/home/steven/Documents/Robotics/tiva_test/catkin_ws/build/arm/ros_lib/duration.cpp.obj (__aeabi_i2d)
/usr/lib/gcc/arm-none-eabi/6.2.0/armv7e-m/fpu/libgcc.a(_arm_muldivdf3.o)
                              CMakeFiles/arm_main.axf.dir/home/steven/Documents/Robotics/tiva_test/catkin_ws/build/arm/ros_lib/duration.cpp.obj (__aeabi_dmul)
/usr/lib/gcc/arm-none-eabi/6.2.0/armv7e-m/fpu/libgcc.a(_arm_fixdfsi.o)
                              CMakeFiles/arm_main.axf.dir/home/steven/Documents/Robotics/tiva_test/catkin_ws/build/arm/ros_lib/duration.cpp.obj (__aeabi_d2iz)
/usr/lib/gcc/arm-none-eabi/6.2.0/../../../../arm-none-eabi/lib/armv7e-m/fpu/libc.a(lib_a-memcpy.o)
                              CMakeFiles/arm_main.axf.dir/arm_main.cpp.obj (memcpy)
/usr/lib/gcc/arm-none-eabi/6.2.0/../../../../arm-none-eabi/lib/armv7e-m/fpu/libc.a(lib_a-realloc.o)
                              CMakeFiles/arm_main.axf.dir/arm_main.cpp.obj (realloc)
/usr/lib/gcc/arm-none-eabi/6.2.0/../../../../arm-none-eabi/lib/armv7e-m/fpu/libc.a(lib_a-reallocr.o)
                              /usr/lib/gcc/arm-none-eabi/6.2.0/../../../../arm-none-eabi/lib/armv7e-m/fpu/libc.a(lib_a-realloc.o) (_realloc_r)
[...]
Memory Configuration

Name             Origin             Length             Attributes
FLASH            0x0000000000000000 0x0000000000040000 xr
SRAM             0x0000000020000000 0x0000000000008000 xrw
*default*        0x0000000000000000 0xffffffffffffffff

Linker script and memory map

LOAD CMakeFiles/arm_main.axf.dir/arm_main.cpp.obj
LOAD CMakeFiles/arm_main.axf.dir/bdc_motor.c.obj
LOAD CMakeFiles/arm_main.axf.dir/home/steven/Documents/Robotics/tiva_test/catkin_ws/build/arm/ros_lib/startup_gcc.c.obj
LOAD CMakeFiles/arm_main.axf.dir/home/steven/tivaware/utils/ringbuf.c.obj
LOAD CMakeFiles/arm_main.axf.dir/home/steven/Documents/Robotics/tiva_test/catkin_ws/build/arm/ros_lib/duration.cpp.obj
LOAD CMakeFiles/arm_main.axf.dir/home/steven/Documents/Robotics/tiva_test/catkin_ws/build/arm/ros_lib/time.cpp.obj
LOAD CMakeFiles/arm_main.axf.dir/home/steven/Documents/Robotics/tiva_test/catkin_ws/build/arm/ros_lib/tivac_hardware.cpp.obj
LOAD CMakeFiles/arm_main.axf.dir/home/steven/Documents/Robotics/tiva_test/catkin_ws/build/arm/ros_lib/usb_serial_structs.c.obj
LOAD /home/steven/tivaware/usblib/gcc/libusb.a
LOAD /home/steven/tivaware/driverlib/gcc/libdriver.a
LOAD /usr/lib/gcc/arm-none-eabi/6.2.0/../../../../arm-none-eabi/lib/armv7e-m/fpu/libstdc++.a
LOAD /usr/lib/gcc/arm-none-eabi/6.2.0/../../../../arm-none-eabi/lib/armv7e-m/fpu/libm.a
START GROUP
LOAD /usr/lib/gcc/arm-none-eabi/6.2.0/armv7e-m/fpu/libgcc.a
LOAD /usr/lib/gcc/arm-none-eabi/6.2.0/armv7e-m/fpu/libgcc.a
LOAD /usr/lib/gcc/arm-none-eabi/6.2.0/../../../../arm-none-eabi/lib/armv7e-m/fpu/libc.a
LOAD /usr/lib/gcc/arm-none-eabi/6.2.0/../../../../arm-none-eabi/lib/armv7e-m/fpu/libm.a
LOAD /usr/lib/gcc/arm-none-eabi/6.2.0/../../../../arm-none-eabi/lib/armv7e-m/fpu/libnosys.a
END GROUP

.text           0x0000000000000000     0x5388
                0x0000000000000000                . = ALIGN (0x4)
                0x0000000000000000                _text = .
 *(.isr_vector)
 .isr_vector    0x0000000000000000      0x26c CMakeFiles/arm_main.axf.dir/home/steven/Documents/Robotics/tiva_test/catkin_ws/build/arm/ros_lib/startup_gcc.c.obj
                0x0000000000000000                g_pfnVectors
 *(.text .text* .gnu.linkonce.t.*)
 .text._ZNK8std_msgs4Time9serializeEPh
                0x000000000000026c       0x28 CMakeFiles/arm_main.axf.dir/arm_main.cpp.obj
                0x000000000000026c                std_msgs::Time::serialize(unsigned char*) const
 .text._ZN8std_msgs4Time11deserializeEPh
                0x0000000000000294       0x3c CMakeFiles/arm_main.axf.dir/arm_main.cpp.obj
                0x0000000000000294                std_msgs::Time::deserialize(unsigned char*)
 .text._ZN8std_msgs4Time7getTypeEv
                0x00000000000002d0        0x8 CMakeFiles/arm_main.axf.dir/arm_main.cpp.obj
                0x00000000000002d0                std_msgs::Time::getType()
 .text._ZN8std_msgs4Time6getMD5Ev
                0x00000000000002d8        0x8 CMakeFiles/arm_main.axf.dir/arm_main.cpp.obj
                0x00000000000002d8                std_msgs::Time::getMD5()
 .text._ZN14rosserial_msgs9TopicInfo7getTypeEv
                0x00000000000002e0        0x8 CMakeFiles/arm_main.axf.dir/arm_main.cpp.obj
                0x00000000000002e0                rosserial_msgs::TopicInfo::getType()
 .text._ZN14rosserial_msgs9TopicInfo6getMD5Ev
                0x00000000000002e8        0x8 CMakeFiles/arm_main.axf.dir/arm_main.cpp.obj
                0x00000000000002e8                rosserial_msgs::TopicInfo::getMD5()
 .text._ZN14rosserial_msgs3Log7getTypeEv
                0x00000000000002f0        0x8 CMakeFiles/arm_main.axf.dir/arm_main.cpp.obj
                0x00000000000002f0                rosserial_msgs::Log::getType()
 .text._ZN14rosserial_msgs3Log6getMD5Ev
                0x00000000000002f8        0x8 CMakeFiles/arm_main.axf.dir/arm_main.cpp.obj
                0x00000000000002f8                rosserial_msgs::Log::getMD5()
 .text._ZN14rosserial_msgs20RequestParamResponse7getTypeEv
                0x0000000000000300        0x8 CMakeFiles/arm_main.axf.dir/arm_main.cpp.obj
                0x0000000000000300                rosserial_msgs::RequestParamResponse::getType()
 .text._ZN14rosserial_msgs20RequestParamResponse6getMD5Ev
                0x0000000000000308        0x8 CMakeFiles/arm_main.axf.dir/arm_main.cpp.obj
                0x0000000000000308                rosserial_msgs::RequestParamResponse::getMD5()
 .text._ZN13TivaCHardware17SystickIntHandlerEv
                0x0000000000000310       0x10 CMakeFiles/arm_main.axf.dir/arm_main.cpp.obj
                0x0000000000000310                TivaCHardware::SystickIntHandler()
 .text._ZNK8std_msgs5Int329serializeEPh
                0x0000000000000320       0x14 CMakeFiles/arm_main.axf.dir/arm_main.cpp.obj
                0x0000000000000320                std_msgs::Int32::serialize(unsigned char*) const
 .text._ZN8std_msgs5Int3211deserializeEPh
                0x0000000000000334        0x8 CMakeFiles/arm_main.axf.dir/arm_main.cpp.obj
                0x0000000000000334                std_msgs::Int32::deserialize(unsigned char*)
 .text._ZN8std_msgs5Int327getTypeEv
                0x000000000000033c        0x8 CMakeFiles/arm_main.axf.dir/arm_main.cpp.obj
                0x000000000000033c                std_msgs::Int32::getType()
 .text._ZN8std_msgs5Int326getMD5Ev
                0x0000000000000344        0x8 CMakeFiles/arm_main.axf.dir/arm_main.cpp.obj
                0x0000000000000344                std_msgs::Int32::getMD5()
 .text._Z9messageCbRKN8std_msgs5Int32E
                0x000000000000034c       0x10 CMakeFiles/arm_main.axf.dir/arm_main.cpp.obj
                0x000000000000034c                messageCb(std_msgs::Int32 const&)
 .text._ZN3ros10SubscriberIN8std_msgs5Int32EvE8callbackEPh
                0x000000000000035c       0x18 CMakeFiles/arm_main.axf.dir/arm_main.cpp.obj
                0x000000000000035c                ros::Subscriber<std_msgs::Int32, void>::callback(unsigned char*)
 .text._ZN3ros10SubscriberIN8std_msgs5Int32EvE15getEndpointTypeEv
                0x0000000000000374        0x4 CMakeFiles/arm_main.axf.dir/arm_main.cpp.obj
                0x0000000000000374                ros::Subscriber<std_msgs::Int32, void>::getEndpointType()
 .text._ZN3ros10SubscriberIN8std_msgs5Int32EvE10getMsgTypeEv
                0x0000000000000378        0x8 CMakeFiles/arm_main.axf.dir/arm_main.cpp.obj
                0x0000000000000378                ros::Subscriber<std_msgs::Int32, void>::getMsgType()
 .text._ZN3ros10SubscriberIN8std_msgs5Int32EvE9getMsgMD5Ev
                0x0000000000000380        0x8 CMakeFiles/arm_main.axf.dir/arm_main.cpp.obj
                0x0000000000000380                ros::Subscriber<std_msgs::Int32, void>::getMsgMD5()
 .text._ZN3ros11NodeHandle_I13TivaCHardwareLi25ELi25ELi512ELi512EE9connectedEv
                0x0000000000000388        0x6 CMakeFiles/arm_main.axf.dir/arm_main.cpp.obj
                0x0000000000000388                ros::NodeHandle_<TivaCHardware, 25, 25, 512, 512>::connected()
 *fill*         0x000000000000038e        0x2 
 .text._ZN3ros11NodeHandle_I13TivaCHardwareLi25ELi25ELi512ELi512EE7publishEiPKNS_3MsgE
                0x0000000000000390       0xbc CMakeFiles/arm_main.axf.dir/arm_main.cpp.obj
                0x0000000000000390                ros::NodeHandle_<TivaCHardware, 25, 25, 512, 512>::publish(int, ros::Msg const*)
 .text._ZN13TivaCHardware4initEv
                0x000000000000044c       0xc0 CMakeFiles/arm_main.axf.dir/arm_main.cpp.obj
                0x000000000000044c                TivaCHardware::init()
 .text._ZN3ros3Msg8varToArrIPhmEEvT_T0_
                0x000000000000050c       0x14 CMakeFiles/arm_main.axf.dir/arm_main.cpp.obj
                0x000000000000050c                void ros::Msg::varToArr<unsigned char*, unsigned long>(unsigned char*, unsigned long)
 .text._ZNK14rosserial_msgs20RequestParamResponse9serializeEPh
                0x0000000000000520       0xe2 CMakeFiles/arm_main.axf.dir/arm_main.cpp.obj
                0x0000000000000520                rosserial_msgs::RequestParamResponse::serialize(unsigned char*) const
 .text._ZNK14rosserial_msgs3Log9serializeEPh
                0x0000000000000602       0x2c CMakeFiles/arm_main.axf.dir/arm_main.cpp.obj
                0x0000000000000602                rosserial_msgs::Log::serialize(unsigned char*) const
 .text._ZNK14rosserial_msgs9TopicInfo9serializeEPh
                0x000000000000062e       0x86 CMakeFiles/arm_main.axf.dir/arm_main.cpp.obj
                0x000000000000062e                rosserial_msgs::TopicInfo::serialize(unsigned char*) const
 .text._ZN3ros3Msg8arrToVarImPhEEvRT_T0_
                0x00000000000006b4       0x1e CMakeFiles/arm_main.axf.dir/arm_main.cpp.obj
                0x00000000000006b4                void ros::Msg::arrToVar<unsigned long, unsigned char*>(unsigned long&, unsigned char*)
 .text._ZN14rosserial_msgs3Log11deserializeEPh
                0x00000000000006d2       0x36 CMakeFiles/arm_main.axf.dir/arm_main.cpp.obj
                0x00000000000006d2                rosserial_msgs::Log::deserialize(unsigned char*)
 .text._ZN14rosserial_msgs9TopicInfo11deserializeEPh
                0x0000000000000708       0xb6 CMakeFiles/arm_main.axf.dir/arm_main.cpp.obj
                0x0000000000000708                rosserial_msgs::TopicInfo::deserialize(unsigned char*)
 .text._ZN14rosserial_msgs20RequestParamResponse11deserializeEPh
                0x00000000000007be      0x12e CMakeFiles/arm_main.axf.dir/arm_main.cpp.obj
                0x00000000000007be                rosserial_msgs::RequestParamResponse::deserialize(unsigned char*)
 .text._ZN3ros11NodeHandle_I13TivaCHardwareLi25ELi25ELi512ELi512EE15requestSyncTimeEv
                0x00000000000008ec       0x2c CMakeFiles/arm_main.axf.dir/arm_main.cpp.obj
                0x00000000000008ec                ros::NodeHandle_<TivaCHardware, 25, 25, 512, 512>::requestSyncTime()
 .text._ZN3ros11NodeHandle_I13TivaCHardwareLi25ELi25ELi512ELi512EE15negotiateTopicsEv
                0x0000000000000918       0xbc CMakeFiles/arm_main.axf.dir/arm_main.cpp.obj
                0x0000000000000918                ros::NodeHandle_<TivaCHardware, 25, 25, 512, 512>::negotiateTopics()
 .text._ZN3ros11NodeHandle_I13TivaCHardwareLi25ELi25ELi512ELi512EE8spinOnceEv
                0x00000000000009d4      0x25c CMakeFiles/arm_main.axf.dir/arm_main.cpp.obj
                0x00000000000009d4                ros::NodeHandle_<TivaCHardware, 25, 25, 512, 512>::spinOnce()
 .text.startup.main
                0x0000000000000c30      0x12c CMakeFiles/arm_main.axf.dir/arm_main.cpp.obj
                0x0000000000000c30                main
 .text.startup._GLOBAL__sub_I_nh
                0x0000000000000d5c       0xa4 CMakeFiles/arm_main.axf.dir/arm_main.cpp.obj
 .text.bdc_init
                0x0000000000000e00      0x154 CMakeFiles/arm_main.axf.dir/bdc_motor.c.obj
                0x0000000000000e00                bdc_init
 .text.bdc_set_velocity
                0x0000000000000f54       0x86 CMakeFiles/arm_main.axf.dir/bdc_motor.c.obj
                0x0000000000000f54                bdc_set_velocity
 .text.NmiSR    0x0000000000000fda        0x2 CMakeFiles/arm_main.axf.dir/home/steven/Documents/Robotics/tiva_test/catkin_ws/build/arm/ros_lib/startup_gcc.c.obj
 .text.FaultISR
                0x0000000000000fdc        0x2 CMakeFiles/arm_main.axf.dir/home/steven/Documents/Robotics/tiva_test/catkin_ws/build/arm/ros_lib/startup_gcc.c.obj
 .text.IntDefaultHandler
                0x0000000000000fde        0x2 CMakeFiles/arm_main.axf.dir/home/steven/Documents/Robotics/tiva_test/catkin_ws/build/arm/ros_lib/startup_gcc.c.obj
 .text.ResetISR
                0x0000000000000fe0       0x94 CMakeFiles/arm_main.axf.dir/home/steven/Documents/Robotics/tiva_test/catkin_ws/build/arm/ros_lib/startup_gcc.c.obj
                0x0000000000000fe0                ResetISR
 .text._ZN3ros16normalizeSecNSecERmS0_
                0x0000000000001074       0x1c CMakeFiles/arm_main.axf.dir/home/steven/Documents/Robotics/tiva_test/catkin_ws/build/arm/ros_lib/time.cpp.obj
                0x0000000000001074                ros::normalizeSecNSec(unsigned long&, unsigned long&)
 .text.TxHandler
                0x0000000000001090        0x4 CMakeFiles/arm_main.axf.dir/home/steven/Documents/Robotics/tiva_test/catkin_ws/build/arm/ros_lib/usb_serial_structs.c.obj
                0x0000000000001090                TxHandler
 .text.RxHandler
                0x0000000000001094       0x14 CMakeFiles/arm_main.axf.dir/home/steven/Documents/Robotics/tiva_test/catkin_ws/build/arm/ros_lib/usb_serial_structs.c.obj
                0x0000000000001094                RxHandler
 .text.ControlHandler
                0x00000000000010a8       0x34 CMakeFiles/arm_main.axf.dir/home/steven/Documents/Robotics/tiva_test/catkin_ws/build/arm/ros_lib/usb_serial_structs.c.obj
                0x00000000000010a8                ControlHandler
 .text.ScheduleNextTransmission
                0x00000000000010dc       0x9a /home/steven/tivaware/usblib/gcc/libusb.a(usbbuffer.o)
 .text.USBBufferInit
                0x0000000000001176       0x16 /home/steven/tivaware/usblib/gcc/libusb.a(usbbuffer.o)
                0x0000000000001176                USBBufferInit
 .text.USBBufferWrite
                0x000000000000118c       0x2e /home/steven/tivaware/usblib/gcc/libusb.a(usbbuffer.o)
                0x000000000000118c                USBBufferWrite
 .text.USBBufferFlush
                0x00000000000011ba        0x6 /home/steven/tivaware/usblib/gcc/libusb.a(usbbuffer.o)
                0x00000000000011ba                USBBufferFlush
 .text.USBBufferRead
                0x00000000000011c0       0x26 /home/steven/tivaware/usblib/gcc/libusb.a(usbbuffer.o)
                0x00000000000011c0                USBBufferRead
 .text.USBBufferDataAvailable
                0x00000000000011e6        0x6 /home/steven/tivaware/usblib/gcc/libusb.a(usbbuffer.o)
                0x00000000000011e6                USBBufferDataAvailable
 .text.USBBufferEventCallback
                0x00000000000011ec      0x12e /home/steven/tivaware/usblib/gcc/libusb.a(usbbuffer.o)
                0x00000000000011ec                USBBufferEventCallback
 *fill*         0x000000000000131a        0x2 
 .text.SetDeferredOpFlag
                0x000000000000131c       0x1c /home/steven/tivaware/usblib/gcc/libusb.a(usbdcdc.o)
 .text.DeviceConsumedAllData
                0x0000000000001338       0x16 /home/steven/tivaware/usblib/gcc/libusb.a(usbdcdc.o)
 .text.SendBreak
                0x000000000000134e       0x3c /home/steven/tivaware/usblib/gcc/libusb.a(usbdcdc.o)
 .text.SendLineCodingChange
                0x000000000000138a       0x24 /home/steven/tivaware/usblib/gcc/libusb.a(usbdcdc.o)
 .text.SendLineStateChange
                0x00000000000013ae       0x24 /home/steven/tivaware/usblib/gcc/libusb.a(usbdcdc.o)
 .text.HandleConfigChange
                0x00000000000013d2       0x32 /home/steven/tivaware/usblib/gcc/libusb.a(usbdcdc.o)
 .text.HandleDevice
                0x0000000000001404       0xa6 /home/steven/tivaware/usblib/gcc/libusb.a(usbdcdc.o)
 .text.HandleDisconnect
                0x00000000000014aa       0x1e /home/steven/tivaware/usblib/gcc/libusb.a(usbdcdc.o)
 .text.HandleSuspend
                0x00000000000014c8       0x14 /home/steven/tivaware/usblib/gcc/libusb.a(usbdcdc.o)
 .text.HandleResume
                0x00000000000014dc       0x14 /home/steven/tivaware/usblib/gcc/libusb.a(usbdcdc.o)
 .text.SendSerialState
                0x00000000000014f0       0x92 /home/steven/tivaware/usblib/gcc/libusb.a(usbdcdc.o)
 .text.HandleEP0Data
                0x0000000000001582       0x4c /home/steven/tivaware/usblib/gcc/libusb.a(usbdcdc.o)
 .text.HandleRequests
                0x00000000000015ce       0xfc /home/steven/tivaware/usblib/gcc/libusb.a(usbdcdc.o)
 .text.CDCTickHandler
                0x00000000000016ca       0x9e /home/steven/tivaware/usblib/gcc/libusb.a(usbdcdc.o)
 .text.ProcessDataFromHost
                0x0000000000001768       0x74 /home/steven/tivaware/usblib/gcc/libusb.a(usbdcdc.o)
                0x0000000000001768                ProcessDataFromHost
 .text.ProcessNotificationToHost
                0x00000000000017dc       0x34 /home/steven/tivaware/usblib/gcc/libusb.a(usbdcdc.o)
                0x00000000000017dc                ProcessNotificationToHost
 .text.ProcessDataToHost
                0x0000000000001810       0x60 /home/steven/tivaware/usblib/gcc/libusb.a(usbdcdc.o)
                0x0000000000001810                ProcessDataToHost
 .text.HandleEndpoints
                0x0000000000001870       0x4c /home/steven/tivaware/usblib/gcc/libusb.a(usbdcdc.o)
 .text.USBDCDCCompositeInit
                0x00000000000018bc       0xe8 /home/steven/tivaware/usblib/gcc/libusb.a(usbdcdc.o)
                0x00000000000018bc                USBDCDCCompositeInit
 .text.USBDCDCInit
                0x00000000000019a4       0x4c /home/steven/tivaware/usblib/gcc/libusb.a(usbdcdc.o)
                0x00000000000019a4                USBDCDCInit
 .text.USBDCDCPacketWrite
                0x00000000000019f0       0x58 /home/steven/tivaware/usblib/gcc/libusb.a(usbdcdc.o)
                0x00000000000019f0                USBDCDCPacketWrite
 .text.USBDCDCPacketRead
                0x0000000000001a48       0x92 /home/steven/tivaware/usblib/gcc/libusb.a(usbdcdc.o)
                0x0000000000001a48                USBDCDCPacketRead
 *fill*         0x0000000000001ada        0x2 
 .text.USBDCDCTxPacketAvailable
                0x0000000000001adc       0x14 /home/steven/tivaware/usblib/gcc/libusb.a(usbdcdc.o)
                0x0000000000001adc                USBDCDCTxPacketAvailable
 .text.USBDCDCRxPacketAvailable
                0x0000000000001af0       0x30 /home/steven/tivaware/usblib/gcc/libusb.a(usbdcdc.o)
                0x0000000000001af0                USBDCDCRxPacketAvailable
 .text.USBDSetAddress
                0x0000000000001b20       0x24 /home/steven/tivaware/usblib/gcc/libusb.a(usbdenum.o)
 .text.USBDEP0StateTx.isra.0
                0x0000000000001b44       0x70 /home/steven/tivaware/usblib/gcc/libusb.a(usbdenum.o)
 .text.USBDGetConfiguration
                0x0000000000001bb4       0x34 /home/steven/tivaware/usblib/gcc/libusb.a(usbdenum.o)
 .text.USBDEP0StateTxConfig.isra.1
                0x0000000000001be8      0x148 /home/steven/tivaware/usblib/gcc/libusb.a(usbdenum.o)
 .text.USBDCDStallEP0.constprop.7
                0x0000000000001d30       0x1c /home/steven/tivaware/usblib/gcc/libusb.a(usbdenum.o)
 .text.USBDGetStatus
                0x0000000000001d4c       0x6c /home/steven/tivaware/usblib/gcc/libusb.a(usbdenum.o)
 .text.USBDClearFeature
                0x0000000000001db8       0x74 /home/steven/tivaware/usblib/gcc/libusb.a(usbdenum.o)
 .text.USBDSetFeature
                0x0000000000001e2c       0x64 /home/steven/tivaware/usblib/gcc/libusb.a(usbdenum.o)
 .text.USBDGetDescriptor
                0x0000000000001e90      0x124 /home/steven/tivaware/usblib/gcc/libusb.a(usbdenum.o)
 .text.USBDSetDescriptor
                0x0000000000001fb4       0x18 /home/steven/tivaware/usblib/gcc/libusb.a(usbdenum.o)
 .text.USBDSetConfiguration
                0x0000000000001fcc       0x88 /home/steven/tivaware/usblib/gcc/libusb.a(usbdenum.o)
 .text.USBDGetInterface
                0x0000000000002054       0x44 /home/steven/tivaware/usblib/gcc/libusb.a(usbdenum.o)
 .text.USBDSetInterface
                0x0000000000002098       0x98 /home/steven/tivaware/usblib/gcc/libusb.a(usbdenum.o)
 .text.USBDSyncFrame
                0x0000000000002130       0x18 /home/steven/tivaware/usblib/gcc/libusb.a(usbdenum.o)
 .text.USBDReadAndDispatchRequest.isra.2
                0x0000000000002148       0x68 /home/steven/tivaware/usblib/gcc/libusb.a(usbdenum.o)
 .text.USBDCDDeviceInfoInit
                0x00000000000021b0       0x48 /home/steven/tivaware/usblib/gcc/libusb.a(usbdenum.o)
                0x00000000000021b0                USBDCDDeviceInfoInit
 .text.USBDCDInit
                0x00000000000021f8      0x14c /home/steven/tivaware/usblib/gcc/libusb.a(usbdenum.o)
                0x00000000000021f8                USBDCDInit
 .text.USBDCDRequestDataEP0
                0x0000000000002344       0x14 /home/steven/tivaware/usblib/gcc/libusb.a(usbdenum.o)
                0x0000000000002344                USBDCDRequestDataEP0
 .text.USBDCDSendDataEP0
                0x0000000000002358       0x10 /home/steven/tivaware/usblib/gcc/libusb.a(usbdenum.o)
                0x0000000000002358                USBDCDSendDataEP0
 .text.USBDCDStallEP0
                0x0000000000002368       0x1c /home/steven/tivaware/usblib/gcc/libusb.a(usbdenum.o)
                0x0000000000002368                USBDCDStallEP0
 .text.USBDCDFeatureGet
                0x0000000000002384       0x18 /home/steven/tivaware/usblib/gcc/libusb.a(usbdenum.o)
                0x0000000000002384                USBDCDFeatureGet
 .text.USBDeviceResumeTickHandler
                0x000000000000239c       0x50 /home/steven/tivaware/usblib/gcc/libusb.a(usbdenum.o)
                0x000000000000239c                USBDeviceResumeTickHandler
 .text.USBDeviceEnumHandler
                0x00000000000023ec       0xcc /home/steven/tivaware/usblib/gcc/libusb.a(usbdenum.o)
                0x00000000000023ec                USBDeviceEnumHandler
 .text.USBDeviceEnumResetHandler
                0x00000000000024b8       0x44 /home/steven/tivaware/usblib/gcc/libusb.a(usbdenum.o)
                0x00000000000024b8                USBDeviceEnumResetHandler
 .text.USBDeviceIntHandlerInternal
                0x00000000000024fc      0x144 /home/steven/tivaware/usblib/gcc/libusb.a(usbdenum.o)
                0x00000000000024fc                USBDeviceIntHandlerInternal
 .text.USB0DeviceIntHandler
                0x0000000000002640       0x18 /home/steven/tivaware/usblib/gcc/libusb.a(usbdhandler.o)
                0x0000000000002640                USB0DeviceIntHandler
 .text.uDMAUSBChannelStatus
                0x0000000000002658       0x22 /home/steven/tivaware/usblib/gcc/libusb.a(usbdma.o)
 .text.DMAUSBIntStatusClear
                0x000000000000267a        0xe /home/steven/tivaware/usblib/gcc/libusb.a(usbdma.o)
 .text.uDMAUSBChannelIntDisable
                0x0000000000002688        0x2 /home/steven/tivaware/usblib/gcc/libusb.a(usbdma.o)
 .text.iDMAUSBArbSizeSet
                0x000000000000268a        0x2 /home/steven/tivaware/usblib/gcc/libusb.a(usbdma.o)
 .text.DMAUSBStatus
                0x000000000000268c        0x4 /home/steven/tivaware/usblib/gcc/libusb.a(usbdma.o)
 .text.iDMAUSBChannelRelease
                0x0000000000002690       0x3a /home/steven/tivaware/usblib/gcc/libusb.a(usbdma.o)
 .text.iDMAUSBChannelAllocate
                0x00000000000026ca       0x82 /home/steven/tivaware/usblib/gcc/libusb.a(usbdma.o)
 .text.iDMAUSBChannelDisable
                0x000000000000274c       0x32 /home/steven/tivaware/usblib/gcc/libusb.a(usbdma.o)
 .text.iDMAUSBChannelIntDisable
                0x000000000000277e        0x8 /home/steven/tivaware/usblib/gcc/libusb.a(usbdma.o)
 .text.iDMAUSBChannelIntEnable
                0x0000000000002786        0x8 /home/steven/tivaware/usblib/gcc/libusb.a(usbdma.o)
 .text.iDMAUSBChannelEnable
                0x000000000000278e       0x50 /home/steven/tivaware/usblib/gcc/libusb.a(usbdma.o)
 .text.iDMAUSBIntStatus
                0x00000000000027de        0x6 /home/steven/tivaware/usblib/gcc/libusb.a(usbdma.o)
 .text.uDMAUSBUnitSizeSet
                0x00000000000027e4       0x60 /home/steven/tivaware/usblib/gcc/libusb.a(usbdma.o)
 .text.uDMAUSBArbSizeSet
                0x0000000000002844       0x6e /home/steven/tivaware/usblib/gcc/libusb.a(usbdma.o)
 .text.uDMAUSBIntStatus
                0x00000000000028b2       0x2c /home/steven/tivaware/usblib/gcc/libusb.a(usbdma.o)
 .text.uDMAUSBChannelRelease
                0x00000000000028de       0x56 /home/steven/tivaware/usblib/gcc/libusb.a(usbdma.o)
 .text.uDMAUSBChannelEnable
                0x0000000000002934       0x6a /home/steven/tivaware/usblib/gcc/libusb.a(usbdma.o)
 .text.uDMAUSBChannelDisable
                0x000000000000299e       0x4e /home/steven/tivaware/usblib/gcc/libusb.a(usbdma.o)
 .text.uDMAUSBChannelAllocate
                0x00000000000029ec       0xb4 /home/steven/tivaware/usblib/gcc/libusb.a(usbdma.o)
 .text.DMAUSBIntHandler
                0x0000000000002aa0       0x32 /home/steven/tivaware/usblib/gcc/libusb.a(usbdma.o)
 .text.iDMAUSBTransfer
                0x0000000000002ad2       0xde /home/steven/tivaware/usblib/gcc/libusb.a(usbdma.o)
 .text.iDMAUSBChannelStatus
                0x0000000000002bb0       0x34 /home/steven/tivaware/usblib/gcc/libusb.a(usbdma.o)
 .text.uDMAUSBTransfer
                0x0000000000002be4       0xb8 /home/steven/tivaware/usblib/gcc/libusb.a(usbdma.o)
 .text.iDMAUSBUnitSizeSet
                0x0000000000002c9c        0x2 /home/steven/tivaware/usblib/gcc/libusb.a(usbdma.o)
 .text.uDMAUSBChannelIntEnable
                0x0000000000002c9e        0x2 /home/steven/tivaware/usblib/gcc/libusb.a(usbdma.o)
 .text.USBLibDMAInit
                0x0000000000002ca0      0x164 /home/steven/tivaware/usblib/gcc/libusb.a(usbdma.o)
                0x0000000000002ca0                USBLibDMAInit
 .text.USBStackModeSet
                0x0000000000002e04       0x1c /home/steven/tivaware/usblib/gcc/libusb.a(usbmode.o)
                0x0000000000002e04                USBStackModeSet
 .text.UpdateIndexAtomic
                0x0000000000002e20       0x2a /home/steven/tivaware/usblib/gcc/libusb.a(usbringbuf.o)
 .text.USBRingBufFlush
                0x0000000000002e4a       0x18 /home/steven/tivaware/usblib/gcc/libusb.a(usbringbuf.o)
                0x0000000000002e4a                USBRingBufFlush
 .text.USBRingBufUsed
                0x0000000000002e62       0x12 /home/steven/tivaware/usblib/gcc/libusb.a(usbringbuf.o)
                0x0000000000002e62                USBRingBufUsed
 .text.USBRingBufFree
                0x0000000000002e74        0xe /home/steven/tivaware/usblib/gcc/libusb.a(usbringbuf.o)
                0x0000000000002e74                USBRingBufFree
 .text.USBRingBufContigUsed
                0x0000000000002e82       0x10 /home/steven/tivaware/usblib/gcc/libusb.a(usbringbuf.o)
                0x0000000000002e82                USBRingBufContigUsed
 .text.USBRingBufContigFree
                0x0000000000002e92       0x1a /home/steven/tivaware/usblib/gcc/libusb.a(usbringbuf.o)
                0x0000000000002e92                USBRingBufContigFree
 .text.USBRingBufReadOne
                0x0000000000002eac       0x16 /home/steven/tivaware/usblib/gcc/libusb.a(usbringbuf.o)
                0x0000000000002eac                USBRingBufReadOne
 .text.USBRingBufRead
                0x0000000000002ec2       0x1a /home/steven/tivaware/usblib/gcc/libusb.a(usbringbuf.o)
                0x0000000000002ec2                USBRingBufRead
 .text.USBRingBufAdvanceRead
                0x0000000000002edc       0x1c /home/steven/tivaware/usblib/gcc/libusb.a(usbringbuf.o)
                0x0000000000002edc                USBRingBufAdvanceRead
 .text.USBRingBufAdvanceWrite
                0x0000000000002ef8       0x36 /home/steven/tivaware/usblib/gcc/libusb.a(usbringbuf.o)
                0x0000000000002ef8                USBRingBufAdvanceWrite
 .text.USBRingBufWriteOne
                0x0000000000002f2e       0x12 /home/steven/tivaware/usblib/gcc/libusb.a(usbringbuf.o)
                0x0000000000002f2e                USBRingBufWriteOne
 .text.USBRingBufWrite
                0x0000000000002f40       0x1a /home/steven/tivaware/usblib/gcc/libusb.a(usbringbuf.o)
                0x0000000000002f40                USBRingBufWrite
 .text.USBRingBufInit
                0x0000000000002f5a        0xc /home/steven/tivaware/usblib/gcc/libusb.a(usbringbuf.o)
                0x0000000000002f5a                USBRingBufInit
 *fill*         0x0000000000002f66        0x2 
 .text.InternalUSBTickInit
                0x0000000000002f68       0x30 /home/steven/tivaware/usblib/gcc/libusb.a(usbtick.o)
                0x0000000000002f68                InternalUSBTickInit
 .text.InternalUSBRegisterTickHandler
                0x0000000000002f98       0x30 /home/steven/tivaware/usblib/gcc/libusb.a(usbtick.o)
                0x0000000000002f98                InternalUSBRegisterTickHandler
 .text.InternalUSBStartOfFrameTick
                0x0000000000002fc8       0x34 /home/steven/tivaware/usblib/gcc/libusb.a(usbtick.o)
                0x0000000000002fc8                InternalUSBStartOfFrameTick
 .text.ULPIConfigSet
                0x0000000000002ffc       0x54 /home/steven/tivaware/usblib/gcc/libusb.a(usbulpi.o)
                0x0000000000002ffc                ULPIConfigSet
 .text.NextConfigDescGet
                0x0000000000003050       0x34 /home/steven/tivaware/usblib/gcc/libusb.a(usbdcdesc.o)
 .text.USBDCDConfigDescGetSize
                0x0000000000003084       0x1e /home/steven/tivaware/usblib/gcc/libusb.a(usbdcdesc.o)
                0x0000000000003084                USBDCDConfigDescGetSize
 .text.USBDCDConfigDescGetNum
                0x00000000000030a2       0x2a /home/steven/tivaware/usblib/gcc/libusb.a(usbdcdesc.o)
                0x00000000000030a2                USBDCDConfigDescGetNum
 .text.USBDCDConfigDescGet
                0x00000000000030cc       0x58 /home/steven/tivaware/usblib/gcc/libusb.a(usbdcdesc.o)
                0x00000000000030cc                USBDCDConfigDescGet
 .text.USBDCDConfigGetInterface
                0x0000000000003124       0x58 /home/steven/tivaware/usblib/gcc/libusb.a(usbdcdesc.o)
                0x0000000000003124                USBDCDConfigGetInterface
 .text.USBDCDConfigGetInterfaceEndpoint
                0x000000000000317c       0x38 /home/steven/tivaware/usblib/gcc/libusb.a(usbdcdesc.o)
                0x000000000000317c                USBDCDConfigGetInterfaceEndpoint
 .text.GetEPDescriptorType
                0x00000000000031b4       0x44 /home/steven/tivaware/usblib/gcc/libusb.a(usbdconfig.o)
 .text.USBDeviceConfig
                0x00000000000031f8      0x164 /home/steven/tivaware/usblib/gcc/libusb.a(usbdconfig.o)
                0x00000000000031f8                USBDeviceConfig
 .text.USBDeviceConfigAlternate
                0x000000000000335c       0x88 /home/steven/tivaware/usblib/gcc/libusb.a(usbdconfig.o)
                0x000000000000335c                USBDeviceConfigAlternate
 .text.USBDescGetNum
                0x00000000000033e4       0x24 /home/steven/tivaware/usblib/gcc/libusb.a(usbdesc.o)
                0x00000000000033e4                USBDescGetNum
 .text.USBDescGet
                0x0000000000003408       0x28 /home/steven/tivaware/usblib/gcc/libusb.a(usbdesc.o)
                0x0000000000003408                USBDescGet
 .text.ADCIntClear
                0x0000000000003430        0xa /home/steven/tivaware/driverlib/gcc/libdriver.a(adc.o)
                0x0000000000003430                ADCIntClear
 .text.ADCSequenceEnable
                0x000000000000343a        0xe /home/steven/tivaware/driverlib/gcc/libdriver.a(adc.o)
                0x000000000000343a                ADCSequenceEnable
 .text.ADCSequenceConfigure
                0x0000000000003448       0x54 /home/steven/tivaware/driverlib/gcc/libdriver.a(adc.o)
                0x0000000000003448                ADCSequenceConfigure
 .text.ADCSequenceStepConfigure
                0x000000000000349c       0x78 /home/steven/tivaware/driverlib/gcc/libdriver.a(adc.o)
                0x000000000000349c                ADCSequenceStepConfigure
 .text.GPIODirModeSet
                0x0000000000003514       0x26 /home/steven/tivaware/driverlib/gcc/libdriver.a(gpio.o)
                0x0000000000003514                GPIODirModeSet
 .text.GPIOPadConfigSet
                0x000000000000353a      0x106 /home/steven/tivaware/driverlib/gcc/libdriver.a(gpio.o)
                0x000000000000353a                GPIOPadConfigSet
 .text.GPIOPinWrite
                0x0000000000003640        0x6 /home/steven/tivaware/driverlib/gcc/libdriver.a(gpio.o)
                0x0000000000003640                GPIOPinWrite
 .text.GPIOPinTypeGPIOInput
                0x0000000000003646       0x18 /home/steven/tivaware/driverlib/gcc/libdriver.a(gpio.o)
                0x0000000000003646                GPIOPinTypeGPIOInput
 .text.GPIOPinTypeGPIOOutput
                0x000000000000365e       0x18 /home/steven/tivaware/driverlib/gcc/libdriver.a(gpio.o)
                0x000000000000365e                GPIOPinTypeGPIOOutput
 .text.GPIOPinTypeUSBAnalog
                0x0000000000003676       0x18 /home/steven/tivaware/driverlib/gcc/libdriver.a(gpio.o)
                0x0000000000003676                GPIOPinTypeUSBAnalog
 .text.GPIOPinTypeADC
                0x000000000000368e        0x4 /home/steven/tivaware/driverlib/gcc/libdriver.a(gpio.o)
                0x000000000000368e                GPIOPinTypeADC
 .text.GPIOPinTypeUSBDigital
                0x0000000000003692       0x18 /home/steven/tivaware/driverlib/gcc/libdriver.a(gpio.o)
                0x0000000000003692                GPIOPinTypeUSBDigital
 .text.GPIOPinTypePWM
                0x00000000000036aa        0x4 /home/steven/tivaware/driverlib/gcc/libdriver.a(gpio.o)
                0x00000000000036aa                GPIOPinTypePWM
 *fill*         0x00000000000036ae        0x2 
 .text.GPIOPinConfigure
                0x00000000000036b0       0x44 /home/steven/tivaware/driverlib/gcc/libdriver.a(gpio.o)
                0x00000000000036b0                GPIOPinConfigure
 .text.IntMasterEnable
                0x00000000000036f4        0xe /home/steven/tivaware/driverlib/gcc/libdriver.a(interrupt.o)
                0x00000000000036f4                IntMasterEnable
 .text.IntMasterDisable
                0x0000000000003702        0xe /home/steven/tivaware/driverlib/gcc/libdriver.a(interrupt.o)
                0x0000000000003702                IntMasterDisable
 .text.IntRegister
                0x0000000000003710       0x34 /home/steven/tivaware/driverlib/gcc/libdriver.a(interrupt.o)
                0x0000000000003710                IntRegister
 .text.IntEnable
                0x0000000000003744       0x60 /home/steven/tivaware/driverlib/gcc/libdriver.a(interrupt.o)
                0x0000000000003744                IntEnable
 .text.IntDisable
                0x00000000000037a4       0x60 /home/steven/tivaware/driverlib/gcc/libdriver.a(interrupt.o)
                0x00000000000037a4                IntDisable
 .text.IntIsEnabled
                0x0000000000003804       0x64 /home/steven/tivaware/driverlib/gcc/libdriver.a(interrupt.o)
                0x0000000000003804                IntIsEnabled
 .text.PWMGenConfigure
                0x0000000000003868       0x2c /home/steven/tivaware/driverlib/gcc/libdriver.a(pwm.o)
                0x0000000000003868                PWMGenConfigure
 .text.PWMGenPeriodSet
                0x0000000000003894       0x12 /home/steven/tivaware/driverlib/gcc/libdriver.a(pwm.o)
                0x0000000000003894                PWMGenPeriodSet
 .text.PWMGenPeriodGet
                0x00000000000038a6       0x10 /home/steven/tivaware/driverlib/gcc/libdriver.a(pwm.o)
                0x00000000000038a6                PWMGenPeriodGet
 .text.PWMGenEnable
                0x00000000000038b6        0xa /home/steven/tivaware/driverlib/gcc/libdriver.a(pwm.o)
                0x00000000000038b6                PWMGenEnable
 .text.PWMPulseWidthSet
                0x00000000000038c0       0x1e /home/steven/tivaware/driverlib/gcc/libdriver.a(pwm.o)
                0x00000000000038c0                PWMPulseWidthSet
 .text.PWMOutputState
                0x00000000000038de       0x10 /home/steven/tivaware/driverlib/gcc/libdriver.a(pwm.o)
                0x00000000000038de                PWMOutputState
 *fill*         0x00000000000038ee        0x2 
 .text.SysCtlPeripheralReady
                0x00000000000038f0       0x2c /home/steven/tivaware/driverlib/gcc/libdriver.a(sysctl.o)
                0x00000000000038f0                SysCtlPeripheralReady
 .text.SysCtlPeripheralReset
                0x000000000000391c       0x40 /home/steven/tivaware/driverlib/gcc/libdriver.a(sysctl.o)
                0x000000000000391c                SysCtlPeripheralReset
 .text.SysCtlPeripheralEnable
                0x000000000000395c       0x28 /home/steven/tivaware/driverlib/gcc/libdriver.a(sysctl.o)
                0x000000000000395c                SysCtlPeripheralEnable
 .text.SysCtlPWMClockSet
                0x0000000000003984       0x14 /home/steven/tivaware/driverlib/gcc/libdriver.a(sysctl.o)
                0x0000000000003984                SysCtlPWMClockSet
 .text.SysCtlUSBPLLEnable
                0x0000000000003998       0x10 /home/steven/tivaware/driverlib/gcc/libdriver.a(sysctl.o)
                0x0000000000003998                SysCtlUSBPLLEnable
 .text.SysTickIntRegister
                0x00000000000039a8       0x1c /home/steven/tivaware/driverlib/gcc/libdriver.a(systick.o)
                0x00000000000039a8                SysTickIntRegister
 .text.uDMAChannelEnable
                0x00000000000039c4       0x14 /home/steven/tivaware/driverlib/gcc/libdriver.a(udma.o)
                0x00000000000039c4                uDMAChannelEnable
 .text.uDMAChannelDisable
                0x00000000000039d8       0x14 /home/steven/tivaware/driverlib/gcc/libdriver.a(udma.o)
                0x00000000000039d8                uDMAChannelDisable
 .text.uDMAChannelAttributeDisable
                0x00000000000039ec       0x4c /home/steven/tivaware/driverlib/gcc/libdriver.a(udma.o)
                0x00000000000039ec                uDMAChannelAttributeDisable
 .text.uDMAChannelControlSet
                0x0000000000003a38       0x20 /home/steven/tivaware/driverlib/gcc/libdriver.a(udma.o)
                0x0000000000003a38                uDMAChannelControlSet
 .text.uDMAChannelTransferSet
                0x0000000000003a58       0x88 /home/steven/tivaware/driverlib/gcc/libdriver.a(udma.o)
                0x0000000000003a58                uDMAChannelTransferSet
 .text.uDMAChannelModeGet
                0x0000000000003ae0       0x24 /home/steven/tivaware/driverlib/gcc/libdriver.a(udma.o)
                0x0000000000003ae0                uDMAChannelModeGet
 .text._USBIntNumberGet.isra.0
                0x0000000000003b04       0x34 /home/steven/tivaware/driverlib/gcc/libdriver.a(usb.o)
 .text.USBHostResume
                0x0000000000003b38       0x12 /home/steven/tivaware/driverlib/gcc/libdriver.a(usb.o)
                0x0000000000003b38                USBHostResume
 *fill*         0x0000000000003b4a        0x2 
 .text.USBIntEnableControl
                0x0000000000003b4c       0x28 /home/steven/tivaware/driverlib/gcc/libdriver.a(usb.o)
                0x0000000000003b4c                USBIntEnableControl
 .text.USBIntStatusControl
                0x0000000000003b74       0x3c /home/steven/tivaware/driverlib/gcc/libdriver.a(usb.o)
                0x0000000000003b74                USBIntStatusControl
 .text.USBIntEnableEndpoint
                0x0000000000003bb0       0x18 /home/steven/tivaware/driverlib/gcc/libdriver.a(usb.o)
                0x0000000000003bb0                USBIntEnableEndpoint
 .text.USBIntStatusEndpoint
                0x0000000000003bc8        0xc /home/steven/tivaware/driverlib/gcc/libdriver.a(usb.o)
                0x0000000000003bc8                USBIntStatusEndpoint
 .text.USBIntRegister
                0x0000000000003bd4       0x1a /home/steven/tivaware/driverlib/gcc/libdriver.a(usb.o)
                0x0000000000003bd4                USBIntRegister
 .text.USBEndpointStatus
                0x0000000000003bee       0x12 /home/steven/tivaware/driverlib/gcc/libdriver.a(usb.o)
                0x0000000000003bee                USBEndpointStatus
 .text.USBDevEndpointStatusClear
                0x0000000000003c00       0x5a /home/steven/tivaware/driverlib/gcc/libdriver.a(usb.o)
                0x0000000000003c00                USBDevEndpointStatusClear
 .text.USBDevEndpointStall
                0x0000000000003c5a       0x30 /home/steven/tivaware/driverlib/gcc/libdriver.a(usb.o)
                0x0000000000003c5a                USBDevEndpointStall
 .text.USBDevEndpointStallClear
                0x0000000000003c8a       0x40 /home/steven/tivaware/driverlib/gcc/libdriver.a(usb.o)
                0x0000000000003c8a                USBDevEndpointStallClear
 .text.USBDevConnect
                0x0000000000003cca        0xa /home/steven/tivaware/driverlib/gcc/libdriver.a(usb.o)
                0x0000000000003cca                USBDevConnect
 .text.USBDevDisconnect
                0x0000000000003cd4        0xa /home/steven/tivaware/driverlib/gcc/libdriver.a(usb.o)
                0x0000000000003cd4                USBDevDisconnect
 .text.USBDevAddrSet
                0x0000000000003cde        0x6 /home/steven/tivaware/driverlib/gcc/libdriver.a(usb.o)
                0x0000000000003cde                USBDevAddrSet
 .text.USBDevEndpointConfigSet
                0x0000000000003ce4       0x80 /home/steven/tivaware/driverlib/gcc/libdriver.a(usb.o)
                0x0000000000003ce4                USBDevEndpointConfigSet
 .text.USBFIFOConfigSet
                0x0000000000003d64       0x44 /home/steven/tivaware/driverlib/gcc/libdriver.a(usb.o)
                0x0000000000003d64                USBFIFOConfigSet
 .text.USBEndpointDMAConfigSet
                0x0000000000003da8       0x4c /home/steven/tivaware/driverlib/gcc/libdriver.a(usb.o)
                0x0000000000003da8                USBEndpointDMAConfigSet
 .text.USBEndpointDMAEnable
                0x0000000000003df4       0x1e /home/steven/tivaware/driverlib/gcc/libdriver.a(usb.o)
                0x0000000000003df4                USBEndpointDMAEnable
 .text.USBEndpointDMADisable
                0x0000000000003e12       0x1e /home/steven/tivaware/driverlib/gcc/libdriver.a(usb.o)
                0x0000000000003e12                USBEndpointDMADisable
 .text.USBEndpointDataAvail
                0x0000000000003e30       0x20 /home/steven/tivaware/driverlib/gcc/libdriver.a(usb.o)
                0x0000000000003e30                USBEndpointDataAvail
 .text.USBEndpointDataGet
                0x0000000000003e50       0x48 /home/steven/tivaware/driverlib/gcc/libdriver.a(usb.o)
                0x0000000000003e50                USBEndpointDataGet
 .text.USBDevEndpointDataAck
                0x0000000000003e98       0x1e /home/steven/tivaware/driverlib/gcc/libdriver.a(usb.o)
                0x0000000000003e98                USBDevEndpointDataAck
 .text.USBEndpointDataPut
                0x0000000000003eb6       0x32 /home/steven/tivaware/driverlib/gcc/libdriver.a(usb.o)
                0x0000000000003eb6                USBEndpointDataPut
 .text.USBEndpointDataSend
                0x0000000000003ee8       0x2e /home/steven/tivaware/driverlib/gcc/libdriver.a(usb.o)
                0x0000000000003ee8                USBEndpointDataSend
 .text.USBFIFOAddrGet
                0x0000000000003f16        0x8 /home/steven/tivaware/driverlib/gcc/libdriver.a(usb.o)
                0x0000000000003f16                USBFIFOAddrGet
 .text.USBEndpointDMAChannel
                0x0000000000003f1e       0x1e /home/steven/tivaware/driverlib/gcc/libdriver.a(usb.o)
                0x0000000000003f1e                USBEndpointDMAChannel
 .text.USBDevMode
                0x0000000000003f3c        0x8 /home/steven/tivaware/driverlib/gcc/libdriver.a(usb.o)
                0x0000000000003f3c                USBDevMode
 .text.USBOTGMode
                0x0000000000003f44        0x8 /home/steven/tivaware/driverlib/gcc/libdriver.a(usb.o)
                0x0000000000003f44                USBOTGMode
 .text.USBEndpointPacketCountSet
                0x0000000000003f4c       0x12 /home/steven/tivaware/driverlib/gcc/libdriver.a(usb.o)
                0x0000000000003f4c                USBEndpointPacketCountSet
 .text.USBControllerVersion
                0x0000000000003f5e        0xa /home/steven/tivaware/driverlib/gcc/libdriver.a(usb.o)
                0x0000000000003f5e                USBControllerVersion
 .text.USBClockEnable
                0x0000000000003f68        0xa /home/steven/tivaware/driverlib/gcc/libdriver.a(usb.o)
                0x0000000000003f68                USBClockEnable
 .text.USBDMAChannelIntEnable
                0x0000000000003f72       0x10 /home/steven/tivaware/driverlib/gcc/libdriver.a(usb.o)
                0x0000000000003f72                USBDMAChannelIntEnable
 .text.USBDMAChannelIntDisable
                0x0000000000003f82       0x10 /home/steven/tivaware/driverlib/gcc/libdriver.a(usb.o)
                0x0000000000003f82                USBDMAChannelIntDisable
 .text.USBDMAChannelIntStatus
                0x0000000000003f92        0x6 /home/steven/tivaware/driverlib/gcc/libdriver.a(usb.o)
                0x0000000000003f92                USBDMAChannelIntStatus
 .text.USBDMAChannelEnable
                0x0000000000003f98       0x10 /home/steven/tivaware/driverlib/gcc/libdriver.a(usb.o)
                0x0000000000003f98                USBDMAChannelEnable
 .text.USBDMAChannelDisable
                0x0000000000003fa8       0x10 /home/steven/tivaware/driverlib/gcc/libdriver.a(usb.o)
                0x0000000000003fa8                USBDMAChannelDisable
 .text.USBDMAChannelConfigSet
                0x0000000000003fb8       0x12 /home/steven/tivaware/driverlib/gcc/libdriver.a(usb.o)
                0x0000000000003fb8                USBDMAChannelConfigSet
 .text.USBDMAChannelStatus
                0x0000000000003fca        0xe /home/steven/tivaware/driverlib/gcc/libdriver.a(usb.o)
                0x0000000000003fca                USBDMAChannelStatus
 .text.USBDMAChannelAddressSet
                0x0000000000003fd8        0xa /home/steven/tivaware/driverlib/gcc/libdriver.a(usb.o)
                0x0000000000003fd8                USBDMAChannelAddressSet
 .text.USBDMAChannelCountSet
                0x0000000000003fe2        0xa /home/steven/tivaware/driverlib/gcc/libdriver.a(usb.o)
                0x0000000000003fe2                USBDMAChannelCountSet
 .text.USBULPIEnable
                0x0000000000003fec        0xe /home/steven/tivaware/driverlib/gcc/libdriver.a(usb.o)
                0x0000000000003fec                USBULPIEnable
 .text.USBULPIDisable
                0x0000000000003ffa        0xe /home/steven/tivaware/driverlib/gcc/libdriver.a(usb.o)
                0x0000000000003ffa                USBULPIDisable
 .text.USBULPIRegRead
                0x0000000000004008       0x20 /home/steven/tivaware/driverlib/gcc/libdriver.a(usb.o)
                0x0000000000004008                USBULPIRegRead
 .text.USBULPIRegWrite
                0x0000000000004028       0x20 /home/steven/tivaware/driverlib/gcc/libdriver.a(usb.o)
                0x0000000000004028                USBULPIRegWrite
 .text.USBDevLPMConfig
                0x0000000000004048        0x8 /home/steven/tivaware/driverlib/gcc/libdriver.a(usb.o)
                0x0000000000004048                USBDevLPMConfig
 .text.USBDevLPMEnable
                0x0000000000004050        0xe /home/steven/tivaware/driverlib/gcc/libdriver.a(usb.o)
                0x0000000000004050                USBDevLPMEnable
 .text.USBDevLPMDisable
                0x000000000000405e        0xe /home/steven/tivaware/driverlib/gcc/libdriver.a(usb.o)
                0x000000000000405e                USBDevLPMDisable
 .text.USBLPMIntStatus
                0x000000000000406c        0x6 /home/steven/tivaware/driverlib/gcc/libdriver.a(usb.o)
                0x000000000000406c                USBLPMIntStatus
 .text.USBLPMIntEnable
                0x0000000000004072        0xe /home/steven/tivaware/driverlib/gcc/libdriver.a(usb.o)
                0x0000000000004072                USBLPMIntEnable
 .text.CPUcpsid
                0x0000000000004080        0x8 /home/steven/tivaware/driverlib/gcc/libdriver.a(cpu.o)
                0x0000000000004080                CPUcpsid
 .text.CPUcpsie
                0x0000000000004088        0x8 /home/steven/tivaware/driverlib/gcc/libdriver.a(cpu.o)
                0x0000000000004088                CPUcpsie
 .text          0x0000000000004090      0x134 /usr/lib/gcc/arm-none-eabi/6.2.0/../../../../arm-none-eabi/lib/armv7e-m/fpu/libc.a(lib_a-memcpy.o)
                0x0000000000004090                memcpy
 .text          0x00000000000041c4       0x10 /usr/lib/gcc/arm-none-eabi/6.2.0/../../../../arm-none-eabi/lib/armv7e-m/fpu/libc.a(lib_a-realloc.o)
                0x00000000000041c4                realloc
 .text          0x00000000000041d4      0x34c /usr/lib/gcc/arm-none-eabi/6.2.0/../../../../arm-none-eabi/lib/armv7e-m/fpu/libc.a(lib_a-reallocr.o)
                0x00000000000041d4                _realloc_r
 *fill*         0x0000000000004520       0x20 
 .text          0x0000000000004540       0xdc /usr/lib/gcc/arm-none-eabi/6.2.0/../../../../arm-none-eabi/lib/armv7e-m/fpu/libc.a(lib_a-strlen.o)
                0x0000000000004540                strlen
 .text          0x000000000000461c      0x26c /usr/lib/gcc/arm-none-eabi/6.2.0/../../../../arm-none-eabi/lib/armv7e-m/fpu/libc.a(lib_a-freer.o)
                0x000000000000461c                _malloc_trim_r
                0x00000000000046bc                _free_r
 .text          0x0000000000004888      0x554 /usr/lib/gcc/arm-none-eabi/6.2.0/../../../../arm-none-eabi/lib/armv7e-m/fpu/libc.a(lib_a-mallocr.o)
                0x0000000000004888                _malloc_r
 .text          0x0000000000004ddc       0xc8 /usr/lib/gcc/arm-none-eabi/6.2.0/../../../../arm-none-eabi/lib/armv7e-m/fpu/libc.a(lib_a-memmove.o)
                0x0000000000004ddc                memmove
 .text          0x0000000000004ea4        0x8 /usr/lib/gcc/arm-none-eabi/6.2.0/../../../../arm-none-eabi/lib/armv7e-m/fpu/libc.a(lib_a-mlock.o)
                0x0000000000004ea4                __malloc_lock
                0x0000000000004ea8                __malloc_unlock
 .text          0x0000000000004eac       0x24 /usr/lib/gcc/arm-none-eabi/6.2.0/../../../../arm-none-eabi/lib/armv7e-m/fpu/libc.a(lib_a-sbrkr.o)
                0x0000000000004eac                _sbrk_r
 .text          0x0000000000004ed0       0x1c /usr/lib/gcc/arm-none-eabi/6.2.0/../../../../arm-none-eabi/lib/armv7e-m/fpu/libnosys.a(sbrk.o)
                0x0000000000004ed0                _sbrk
 *(.glue_7t)
 .glue_7t       0x0000000000004eec        0x0 linker stubs
 *(.glue_7)
 .glue_7        0x0000000000004eec        0x0 linker stubs
 *(.rodata .rodata* .gnu.linkonce.r.*)
 .rodata._ZTVN8std_msgs4TimeE
                0x0000000000004eec       0x18 CMakeFiles/arm_main.axf.dir/arm_main.cpp.obj
                0x0000000000004eec                vtable for std_msgs::Time
 .rodata._ZTVN14rosserial_msgs9TopicInfoE
                0x0000000000004f04       0x18 CMakeFiles/arm_main.axf.dir/arm_main.cpp.obj
                0x0000000000004f04                vtable for rosserial_msgs::TopicInfo
 .rodata._ZTVN14rosserial_msgs3LogE
                0x0000000000004f1c       0x18 CMakeFiles/arm_main.axf.dir/arm_main.cpp.obj
                0x0000000000004f1c                vtable for rosserial_msgs::Log
 .rodata._ZTVN14rosserial_msgs20RequestParamResponseE
                0x0000000000004f34       0x18 CMakeFiles/arm_main.axf.dir/arm_main.cpp.obj
                0x0000000000004f34                vtable for rosserial_msgs::RequestParamResponse
 .rodata._ZTVN8std_msgs5Int32E
                0x0000000000004f4c       0x18 CMakeFiles/arm_main.axf.dir/arm_main.cpp.obj
                0x0000000000004f4c                vtable for std_msgs::Int32
 .rodata._ZTVN3ros11NodeHandle_I13TivaCHardwareLi25ELi25ELi512ELi512EEE
                0x0000000000004f64       0x14 CMakeFiles/arm_main.axf.dir/arm_main.cpp.obj
                0x0000000000004f64                vtable for ros::NodeHandle_<TivaCHardware, 25, 25, 512, 512>
 .rodata._ZTVN3ros10SubscriberIN8std_msgs5Int32EvEE
                0x0000000000004f78       0x18 CMakeFiles/arm_main.axf.dir/arm_main.cpp.obj
                0x0000000000004f78                vtable for ros::Subscriber<std_msgs::Int32, void>
 .rodata._GLOBAL__sub_I_nh.str1.1
                0x0000000000004f90        0xd CMakeFiles/arm_main.axf.dir/arm_main.cpp.obj
 .rodata._ZN14rosserial_msgs20RequestParamResponse6getMD5Ev.str1.1
                0x0000000000004f9d       0x21 CMakeFiles/arm_main.axf.dir/arm_main.cpp.obj
 .rodata._ZN14rosserial_msgs3Log6getMD5Ev.str1.1
                0x0000000000004fbe       0x21 CMakeFiles/arm_main.axf.dir/arm_main.cpp.obj
 .rodata._ZN14rosserial_msgs3Log7getTypeEv.str1.1
                0x0000000000004fdf       0x13 CMakeFiles/arm_main.axf.dir/arm_main.cpp.obj
 .rodata._ZN14rosserial_msgs9TopicInfo6getMD5Ev.str1.1
                0x0000000000004ff2       0x21 CMakeFiles/arm_main.axf.dir/arm_main.cpp.obj
 .rodata._ZN14rosserial_msgs9TopicInfo7getTypeEv.str1.1
                0x0000000000005013       0x19 CMakeFiles/arm_main.axf.dir/arm_main.cpp.obj
 .rodata._ZN14rosserial_msgsL12REQUESTPARAME
                0x000000000000502c       0x1c CMakeFiles/arm_main.axf.dir/arm_main.cpp.obj
 .rodata._ZN3ros11NodeHandle_I13TivaCHardwareLi25ELi25ELi512ELi512EE15negotiateTopicsEv.str1.1
                0x0000000000005048       0x19 CMakeFiles/arm_main.axf.dir/arm_main.cpp.obj
                                          0x1 (size before relaxing)
 .rodata._ZN3ros11NodeHandle_I13TivaCHardwareLi25ELi25ELi512ELi512EE7publishEiPKNS_3MsgE.str1.1
                0x0000000000005048       0x39 CMakeFiles/arm_main.axf.dir/arm_main.cpp.obj
 .rodata._ZN8std_msgs4Time6getMD5Ev.str1.1
                0x0000000000005081       0x21 CMakeFiles/arm_main.axf.dir/arm_main.cpp.obj
 .rodata._ZN8std_msgs4Time7getTypeEv.str1.1
                0x00000000000050a2        0xe CMakeFiles/arm_main.axf.dir/arm_main.cpp.obj
 .rodata._ZN8std_msgs5Int326getMD5Ev.str1.1
                0x00000000000050b0       0x21 CMakeFiles/arm_main.axf.dir/arm_main.cpp.obj
 .rodata._ZN8std_msgs5Int327getTypeEv.str1.1
                0x00000000000050d1        0xf CMakeFiles/arm_main.axf.dir/arm_main.cpp.obj
 .rodata.g_ppui8StringDescriptors
                0x00000000000050e0       0x18 CMakeFiles/arm_main.axf.dir/home/steven/Documents/Robotics/tiva_test/catkin_ws/build/arm/ros_lib/usb_serial_structs.c.obj
                0x00000000000050e0                g_ppui8StringDescriptors
 .rodata.g_pui8ConfigString
                0x00000000000050f8       0x36 CMakeFiles/arm_main.axf.dir/home/steven/Documents/Robotics/tiva_test/catkin_ws/build/arm/ros_lib/usb_serial_structs.c.obj
                0x00000000000050f8                g_pui8ConfigString
 .rodata.g_pui8ControlInterfaceString
                0x000000000000512e       0x2c CMakeFiles/arm_main.axf.dir/home/steven/Documents/Robotics/tiva_test/catkin_ws/build/arm/ros_lib/usb_serial_structs.c.obj
                0x000000000000512e                g_pui8ControlInterfaceString
 .rodata.g_pui8LangDescriptor
                0x000000000000515a        0x4 CMakeFiles/arm_main.axf.dir/home/steven/Documents/Robotics/tiva_test/catkin_ws/build/arm/ros_lib/usb_serial_structs.c.obj
                0x000000000000515a                g_pui8LangDescriptor
 .rodata.g_pui8ManufacturerString
                0x000000000000515e       0x24 CMakeFiles/arm_main.axf.dir/home/steven/Documents/Robotics/tiva_test/catkin_ws/build/arm/ros_lib/usb_serial_structs.c.obj
                0x000000000000515e                g_pui8ManufacturerString
 .rodata.g_pui8ProductString
                0x0000000000005182       0x22 CMakeFiles/arm_main.axf.dir/home/steven/Documents/Robotics/tiva_test/catkin_ws/build/arm/ros_lib/usb_serial_structs.c.obj
                0x0000000000005182                g_pui8ProductString
 .rodata.g_pui8SerialNumberString
                0x00000000000051a4       0x12 CMakeFiles/arm_main.axf.dir/home/steven/Documents/Robotics/tiva_test/catkin_ws/build/arm/ros_lib/usb_serial_structs.c.obj
                0x00000000000051a4                g_pui8SerialNumberString
 *fill*         0x00000000000051b6        0x2 
 .rodata.g_pCDCCompSerConfigDescriptors
                0x00000000000051b8        0x4 /home/steven/tivaware/usblib/gcc/libusb.a(usbdcdc.o)
                0x00000000000051b8                g_pCDCCompSerConfigDescriptors
 .rodata.g_pCDCCompSerConfigDescriptorsHS
                0x00000000000051bc        0x4 /home/steven/tivaware/usblib/gcc/libusb.a(usbdcdc.o)
                0x00000000000051bc                g_pCDCCompSerConfigDescriptorsHS
 .rodata.g_ppCDCSerConfigDescriptors
                0x00000000000051c0        0x4 /home/steven/tivaware/usblib/gcc/libusb.a(usbdcdc.o)
                0x00000000000051c0                g_ppCDCSerConfigDescriptors
 .rodata.g_ppCDCSerConfigDescriptorsHS
                0x00000000000051c4        0x4 /home/steven/tivaware/usblib/gcc/libusb.a(usbdcdc.o)
                0x00000000000051c4                g_ppCDCSerConfigDescriptorsHS
 .rodata.g_pui8CDCSerCommInterface
                0x00000000000051c8       0x23 /home/steven/tivaware/usblib/gcc/libusb.a(usbdcdc.o)
                0x00000000000051c8                g_pui8CDCSerCommInterface
 .rodata.g_pui8CDCSerDataInterface
                0x00000000000051eb       0x17 /home/steven/tivaware/usblib/gcc/libusb.a(usbdcdc.o)
                0x00000000000051eb                g_pui8CDCSerDataInterface
 .rodata.g_pui8CDCSerDataInterfaceHS
                0x0000000000005202       0x17 /home/steven/tivaware/usblib/gcc/libusb.a(usbdcdc.o)
                0x0000000000005202                g_pui8CDCSerDataInterfaceHS
 *fill*         0x0000000000005219        0x3 
 .rodata.g_sCDCCompSerConfigHeader
                0x000000000000521c        0x8 /home/steven/tivaware/usblib/gcc/libusb.a(usbdcdc.o)
                0x000000000000521c                g_sCDCCompSerConfigHeader
 .rodata.g_sCDCCompSerConfigHeaderHS
                0x0000000000005224        0x8 /home/steven/tivaware/usblib/gcc/libusb.a(usbdcdc.o)
                0x0000000000005224                g_sCDCCompSerConfigHeaderHS
 .rodata.g_sCDCHandlers
                0x000000000000522c       0x30 /home/steven/tivaware/usblib/gcc/libusb.a(usbdcdc.o)
                0x000000000000522c                g_sCDCHandlers
 .rodata.g_sCDCSerCommInterfaceSection
                0x000000000000525c        0x8 /home/steven/tivaware/usblib/gcc/libusb.a(usbdcdc.o)
                0x000000000000525c                g_sCDCSerCommInterfaceSection
 .rodata.g_sCDCSerConfigHeader
                0x0000000000005264        0x8 /home/steven/tivaware/usblib/gcc/libusb.a(usbdcdc.o)
                0x0000000000005264                g_sCDCSerConfigHeader
 .rodata.g_sCDCSerConfigHeaderHS
                0x000000000000526c        0x8 /home/steven/tivaware/usblib/gcc/libusb.a(usbdcdc.o)
                0x000000000000526c                g_sCDCSerConfigHeaderHS
 .rodata.g_sCDCSerConfigSection
                0x0000000000005274        0x8 /home/steven/tivaware/usblib/gcc/libusb.a(usbdcdc.o)
                0x0000000000005274                g_sCDCSerConfigSection
 .rodata.g_sCDCSerDataInterfaceSection
                0x000000000000527c        0x8 /home/steven/tivaware/usblib/gcc/libusb.a(usbdcdc.o)
                0x000000000000527c                g_sCDCSerDataInterfaceSection
 .rodata.g_sCDCSerDataInterfaceSectionHS
                0x0000000000005284        0x8 /home/steven/tivaware/usblib/gcc/libusb.a(usbdcdc.o)
                0x0000000000005284                g_sCDCSerDataInterfaceSectionHS
 .rodata.g_sIADSerConfigSection
                0x000000000000528c        0x8 /home/steven/tivaware/usblib/gcc/libusb.a(usbdcdc.o)
                0x000000000000528c                g_sIADSerConfigSection
 .rodata.g_psUSBDStdRequests
                0x0000000000005294       0x34 /home/steven/tivaware/usblib/gcc/libusb.a(usbdenum.o)
 .rodata.g_pui32GPIOBaseAddrs
                0x00000000000052c8       0x90 /home/steven/tivaware/driverlib/gcc/libdriver.a(gpio.o)
 .rodata.g_pui32Dii16Regs
                0x0000000000005358       0x14 /home/steven/tivaware/driverlib/gcc/libdriver.a(interrupt.o)
 .rodata.g_pui32EnRegs
                0x000000000000536c       0x14 /home/steven/tivaware/driverlib/gcc/libdriver.a(interrupt.o)
 .rodata.str1.4
                0x0000000000005380        0x4 /usr/lib/gcc/arm-none-eabi/6.2.0/../../../../arm-none-eabi/lib/armv7e-m/fpu/libc.a(lib_a-impure.o)
                                          0x2 (size before relaxing)
 *(.ARM.extab* .gnu.linkonce.armextab.*)
                0x0000000000005384                . = ALIGN (0x4)
 *(.init)
                0x0000000000005384                . = ALIGN (0x4)
                0x0000000000005384                __preinit_array_start = .
 *(SORT(.preinit_array*))
 *(.preinit_array)
                0x0000000000005384                __preinit_array_end = .
                0x0000000000005384                . = ALIGN (0x4)
                0x0000000000005384                __init_array_start = .
 *(SORT(.init_array.*))
 *(.init_array)
 .init_array    0x0000000000005384        0x4 CMakeFiles/arm_main.axf.dir/arm_main.cpp.obj
                0x0000000000005388                __init_array_end = .
                0x0000000000005388                . = ALIGN (0x4)
 *(.fini)
                0x0000000000005388                . = ALIGN (0x4)
                0x0000000000005388                __fini_array_start = .
 *(.fini_array)
 *(SORT(.fini_array.*))
                0x0000000000005388                __fini_array_end = .
                0x0000000000005388                . = ALIGN (0x4)
                0x0000000000005388                _etext = .

.vfp11_veneer   0x0000000000005388        0x0
 .vfp11_veneer  0x0000000000005388        0x0 linker stubs

.v4_bx          0x0000000000005388        0x0
 .v4_bx         0x0000000000005388        0x0 linker stubs

.iplt           0x0000000000005388        0x0
 .iplt          0x0000000000005388        0x0 CMakeFiles/arm_main.axf.dir/arm_main.cpp.obj

.rel.dyn        0x0000000000005388        0x0
 .rel.iplt      0x0000000000005388        0x0 CMakeFiles/arm_main.axf.dir/arm_main.cpp.obj

.data           0x0000000020000000      0xbe8 load address 0x0000000000005388
                0x0000000020000000                . = ALIGN (0x4)
                0x0000000020000000                _data = .
 *(vtable)
 vtable         0x0000000020000000      0x26c /home/steven/tivaware/driverlib/gcc/libdriver.a(interrupt.o)
 *(.data .data* .gnu.linkonce.d.*)
 .data.g_sCDCDevice
                0x000000002000026c       0x60 CMakeFiles/arm_main.axf.dir/home/steven/Documents/Robotics/tiva_test/catkin_ws/build/arm/ros_lib/usb_serial_structs.c.obj
                0x000000002000026c                g_sCDCDevice
 .data.g_sRxBuffer
                0x00000000200002cc       0x38 CMakeFiles/arm_main.axf.dir/home/steven/Documents/Robotics/tiva_test/catkin_ws/build/arm/ros_lib/usb_serial_structs.c.obj
                0x00000000200002cc                g_sRxBuffer
 .data.g_sTxBuffer
                0x0000000020000304       0x38 CMakeFiles/arm_main.axf.dir/home/steven/Documents/Robotics/tiva_test/catkin_ws/build/arm/ros_lib/usb_serial_structs.c.obj
                0x0000000020000304                g_sTxBuffer
 .data.g_psCDCCompSerSections
                0x000000002000033c       0x10 /home/steven/tivaware/usblib/gcc/libusb.a(usbdcdc.o)
                0x000000002000033c                g_psCDCCompSerSections
 .data.g_psCDCCompSerSectionsHS
                0x000000002000034c       0x10 /home/steven/tivaware/usblib/gcc/libusb.a(usbdcdc.o)
                0x000000002000034c                g_psCDCCompSerSectionsHS
 .data.g_psCDCSerSections
                0x000000002000035c        0xc /home/steven/tivaware/usblib/gcc/libusb.a(usbdcdc.o)
                0x000000002000035c                g_psCDCSerSections
 .data.g_psCDCSerSectionsHS
                0x0000000020000368        0xc /home/steven/tivaware/usblib/gcc/libusb.a(usbdcdc.o)
                0x0000000020000368                g_psCDCSerSectionsHS
 .data.g_pui8CDCSerDescriptor
                0x0000000020000374        0x9 /home/steven/tivaware/usblib/gcc/libusb.a(usbdcdc.o)
                0x0000000020000374                g_pui8CDCSerDescriptor
 .data.g_pui8CDCSerDeviceDescriptor
                0x000000002000037d       0x12 /home/steven/tivaware/usblib/gcc/libusb.a(usbdcdc.o)
                0x000000002000037d                g_pui8CDCSerDeviceDescriptor
 .data.g_pui8IADSerDescriptor
                0x000000002000038f        0x8 /home/steven/tivaware/usblib/gcc/libusb.a(usbdcdc.o)
                0x000000002000038f                g_pui8IADSerDescriptor
 *fill*         0x0000000020000397        0x1 
 .data.g_ui16MaxPacketSize
                0x0000000020000398        0x2 /home/steven/tivaware/usblib/gcc/libusb.a(usbdcdc.o)
 *fill*         0x000000002000039a        0x2 
 .data.g_ui32PLLDiv
                0x000000002000039c        0x4 /home/steven/tivaware/usblib/gcc/libusb.a(usbdenum.o)
 .data.g_iUSBMode
                0x00000000200003a0        0x1 /home/steven/tivaware/usblib/gcc/libusb.a(usbmode.o)
                0x00000000200003a0                g_iUSBMode
 *fill*         0x00000000200003a1        0x7 
 .data          0x00000000200003a8      0x430 /usr/lib/gcc/arm-none-eabi/6.2.0/../../../../arm-none-eabi/lib/armv7e-m/fpu/libc.a(lib_a-impure.o)
                0x00000000200003a8                _impure_ptr
 .data          0x00000000200007d8      0x410 /usr/lib/gcc/arm-none-eabi/6.2.0/../../../../arm-none-eabi/lib/armv7e-m/fpu/libc.a(lib_a-mallocr.o)
                0x00000000200007d8                __malloc_av_
                0x0000000020000be0                __malloc_sbrk_base
                0x0000000020000be4                __malloc_trim_threshold
                0x0000000020000be8                _edata = .

.igot.plt       0x0000000020000be8        0x0 load address 0x0000000000005f70
 .igot.plt      0x0000000020000be8        0x0 CMakeFiles/arm_main.axf.dir/arm_main.cpp.obj

.bss            0x0000000020000be8      0x980 load address 0x0000000000005f70
                0x0000000020000be8                . = ALIGN (0x4)
                0x0000000020000be8                _bss = .
                0x0000000020000be8                __bss_start__ = _bss
 *(.bss*)
 .bss.nh        0x0000000020000be8      0x52c CMakeFiles/arm_main.axf.dir/arm_main.cpp.obj
                0x0000000020000be8                nh
 .bss.sub       0x0000000020001114       0x1c CMakeFiles/arm_main.axf.dir/arm_main.cpp.obj
                0x0000000020001114                sub
 .bss.vel1      0x0000000020001130        0x4 CMakeFiles/arm_main.axf.dir/arm_main.cpp.obj
                0x0000000020001130                vel1
 .bss.g_ui32milliseconds
                0x0000000020001134        0x4 CMakeFiles/arm_main.axf.dir/home/steven/Documents/Robotics/tiva_test/catkin_ws/build/arm/ros_lib/tivac_hardware.cpp.obj
                0x0000000020001134                g_ui32milliseconds
 .bss.g_bUSBConfigured
                0x0000000020001138        0x1 CMakeFiles/arm_main.axf.dir/home/steven/Documents/Robotics/tiva_test/catkin_ws/build/arm/ros_lib/usb_serial_structs.c.obj
 .bss.g_pui8DataBufferIn
                0x0000000020001139       0x40 /home/steven/tivaware/usblib/gcc/libusb.a(usbdenum.o)
 *fill*         0x0000000020001179        0x3 
 .bss.g_ui32ULPISupport
                0x000000002000117c        0x4 /home/steven/tivaware/usblib/gcc/libusb.a(usbdenum.o)
 .bss.ui32SOFDivide.6391
                0x0000000020001180        0x4 /home/steven/tivaware/usblib/gcc/libusb.a(usbdenum.o)
 .bss.g_psUSBDMAInst
                0x0000000020001184      0x110 /home/steven/tivaware/usblib/gcc/libusb.a(usbdma.o)
 .bss.g_pfnUSBModeCallback
                0x0000000020001294        0x4 /home/steven/tivaware/usblib/gcc/libusb.a(usbmode.o)
 .bss.g_bUSBTimerInitialized
                0x0000000020001298        0x1 /home/steven/tivaware/usblib/gcc/libusb.a(usbtick.o)
                0x0000000020001298                g_bUSBTimerInitialized
 *fill*         0x0000000020001299        0x3 
 .bss.g_ui32CurrentUSBTick
                0x000000002000129c        0x4 /home/steven/tivaware/usblib/gcc/libusb.a(usbtick.o)
                0x000000002000129c                g_ui32CurrentUSBTick
 .bss.g_ui32USBSOFCount
                0x00000000200012a0        0x4 /home/steven/tivaware/usblib/gcc/libusb.a(usbtick.o)
                0x00000000200012a0                g_ui32USBSOFCount
 .bss           0x00000000200012a4       0x34 /usr/lib/gcc/arm-none-eabi/6.2.0/../../../../arm-none-eabi/lib/armv7e-m/fpu/libc.a(lib_a-mallocr.o)
                0x00000000200012a4                __malloc_top_pad
                0x00000000200012a8                __malloc_current_mallinfo
                0x00000000200012d0                __malloc_max_sbrked_mem
                0x00000000200012d4                __malloc_max_total_mem
 .bss           0x00000000200012d8        0x4 /usr/lib/gcc/arm-none-eabi/6.2.0/../../../../arm-none-eabi/lib/armv7e-m/fpu/libnosys.a(sbrk.o)
 *(COMMON)
 COMMON         0x00000000200012dc      0x200 CMakeFiles/arm_main.axf.dir/home/steven/Documents/Robotics/tiva_test/catkin_ws/build/arm/ros_lib/usb_serial_structs.c.obj
                0x00000000200012dc                g_pui8USBRxBuffer
                0x00000000200013dc                g_pui8USBTxBuffer
 COMMON         0x00000000200014dc       0x54 /home/steven/tivaware/usblib/gcc/libusb.a(usbdenum.o)
                0x00000000200014dc                g_psDCDInst
                0x000000002000152c                g_ppsDevInfo
 COMMON         0x0000000020001530       0x30 /home/steven/tivaware/usblib/gcc/libusb.a(usbtick.o)
                0x0000000020001530                g_pvTickInstance
                0x0000000020001548                g_pfnTickHandlers
 COMMON         0x0000000020001560        0x4 /usr/lib/gcc/arm-none-eabi/6.2.0/../../../../arm-none-eabi/lib/armv7e-m/fpu/libc.a(lib_a-reent.o)
                0x0000000020001560                errno
                0x0000000020001564                . = ALIGN (0x4)
                0x0000000020001564                _ebss = .
                0x0000000020001564                __bss_end__ = _ebss
                0x0000000020001568                . = ALIGN (0x8)
 *fill*         0x0000000020001564        0x4 
                [!provide]                        PROVIDE (__exidx_start, .)

.ARM.exidx
 *(.ARM.exidx* .gnu.linkonce.armexidx.*)
                [!provide]                        PROVIDE (__exidx_end, .)
                0x0000000020001568                . = ALIGN (0x4)
                0x0000000020001568                _end = .
                0x0000000020001568                PROVIDE (end, _end)
                0x0000000020008000                PROVIDE (_estack, (ORIGIN (SRAM) + LENGTH (SRAM)))
OUTPUT(/home/steven/Documents/Robotics/tiva_test/catkin_ws/devel/arm_main.axf elf32-littlearm)

.comment        0x0000000000000000       0x42
 .comment       0x0000000000000000       0x21 CMakeFiles/arm_main.axf.dir/arm_main.cpp.obj
                                         0x22 (size before relaxing)
 .comment       0x0000000000000021       0x22 CMakeFiles/arm_main.axf.dir/bdc_motor.c.obj
 .comment       0x0000000000000021       0x22 CMakeFiles/arm_main.axf.dir/home/steven/Documents/Robotics/tiva_test/catkin_ws/build/arm/ros_lib/startup_gcc.c.obj
 .comment       0x0000000000000021       0x22 CMakeFiles/arm_main.axf.dir/home/steven/Documents/Robotics/tiva_test/catkin_ws/build/arm/ros_lib/time.cpp.obj
 .comment       0x0000000000000021       0x22 CMakeFiles/arm_main.axf.dir/home/steven/Documents/Robotics/tiva_test/catkin_ws/build/arm/ros_lib/tivac_hardware.cpp.obj
 .comment       0x0000000000000021       0x22 CMakeFiles/arm_main.axf.dir/home/steven/Documents/Robotics/tiva_test/catkin_ws/build/arm/ros_lib/usb_serial_structs.c.obj
 .comment       0x0000000000000021       0x22 /home/steven/tivaware/usblib/gcc/libusb.a(usbbuffer.o)
 .comment       0x0000000000000021       0x22 /home/steven/tivaware/usblib/gcc/libusb.a(usbdcdc.o)
 .comment       0x0000000000000021       0x22 /home/steven/tivaware/usblib/gcc/libusb.a(usbdenum.o)
 .comment       0x0000000000000021       0x22 /home/steven/tivaware/usblib/gcc/libusb.a(usbdhandler.o)
 .comment       0x0000000000000021       0x22 /home/steven/tivaware/usblib/gcc/libusb.a(usbdma.o)
 .comment       0x0000000000000021       0x22 /home/steven/tivaware/usblib/gcc/libusb.a(usbmode.o)
 .comment       0x0000000000000021       0x22 /home/steven/tivaware/usblib/gcc/libusb.a(usbringbuf.o)
 .comment       0x0000000000000021       0x22 /home/steven/tivaware/usblib/gcc/libusb.a(usbtick.o)
 .comment       0x0000000000000021       0x22 /home/steven/tivaware/usblib/gcc/libusb.a(usbulpi.o)
 .comment       0x0000000000000021       0x22 /home/steven/tivaware/usblib/gcc/libusb.a(usbdcdesc.o)
 .comment       0x0000000000000021       0x22 /home/steven/tivaware/usblib/gcc/libusb.a(usbdconfig.o)
 .comment       0x0000000000000021       0x22 /home/steven/tivaware/usblib/gcc/libusb.a(usbdesc.o)
 .comment       0x0000000000000021       0x22 /home/steven/tivaware/driverlib/gcc/libdriver.a(adc.o)
 .comment       0x0000000000000021       0x22 /home/steven/tivaware/driverlib/gcc/libdriver.a(gpio.o)
 .comment       0x0000000000000021       0x22 /home/steven/tivaware/driverlib/gcc/libdriver.a(interrupt.o)
 .comment       0x0000000000000021       0x22 /home/steven/tivaware/driverlib/gcc/libdriver.a(pwm.o)
 .comment       0x0000000000000021       0x22 /home/steven/tivaware/driverlib/gcc/libdriver.a(sysctl.o)
 .comment       0x0000000000000021       0x22 /home/steven/tivaware/driverlib/gcc/libdriver.a(systick.o)
 .comment       0x0000000000000021       0x22 /home/steven/tivaware/driverlib/gcc/libdriver.a(udma.o)
 .comment       0x0000000000000021       0x22 /home/steven/tivaware/driverlib/gcc/libdriver.a(usb.o)
 .comment       0x0000000000000021       0x22 /home/steven/tivaware/driverlib/gcc/libdriver.a(cpu.o)
 .comment       0x0000000000000021       0x21 /usr/lib/gcc/arm-none-eabi/6.2.0/../../../../arm-none-eabi/lib/armv7e-m/fpu/libc.a(lib_a-realloc.o)
                                         0x22 (size before relaxing)
 .comment       0x0000000000000042       0x22 /usr/lib/gcc/arm-none-eabi/6.2.0/../../../../arm-none-eabi/lib/armv7e-m/fpu/libc.a(lib_a-reallocr.o)
 .comment       0x0000000000000042       0x22 /usr/lib/gcc/arm-none-eabi/6.2.0/../../../../arm-none-eabi/lib/armv7e-m/fpu/libc.a(lib_a-freer.o)
 .comment       0x0000000000000042       0x22 /usr/lib/gcc/arm-none-eabi/6.2.0/../../../../arm-none-eabi/lib/armv7e-m/fpu/libc.a(lib_a-impure.o)
 .comment       0x0000000000000042       0x22 /usr/lib/gcc/arm-none-eabi/6.2.0/../../../../arm-none-eabi/lib/armv7e-m/fpu/libc.a(lib_a-mallocr.o)
 .comment       0x0000000000000042       0x22 /usr/lib/gcc/arm-none-eabi/6.2.0/../../../../arm-none-eabi/lib/armv7e-m/fpu/libc.a(lib_a-memmove.o)
 .comment       0x0000000000000042       0x22 /usr/lib/gcc/arm-none-eabi/6.2.0/../../../../arm-none-eabi/lib/armv7e-m/fpu/libc.a(lib_a-mlock.o)
 .comment       0x0000000000000042       0x22 /usr/lib/gcc/arm-none-eabi/6.2.0/../../../../arm-none-eabi/lib/armv7e-m/fpu/libc.a(lib_a-sbrkr.o)
 .comment       0x0000000000000042       0x22 /usr/lib/gcc/arm-none-eabi/6.2.0/../../../../arm-none-eabi/lib/armv7e-m/fpu/libc.a(lib_a-reent.o)
 .comment       0x0000000000000042       0x22 /usr/lib/gcc/arm-none-eabi/6.2.0/../../../../arm-none-eabi/lib/armv7e-m/fpu/libnosys.a(sbrk.o)

.ARM.attributes
                0x0000000000000000       0x37
 .ARM.attributes
                0x0000000000000000       0x39 CMakeFiles/arm_main.axf.dir/arm_main.cpp.obj
 .ARM.attributes
                0x0000000000000039       0x39 CMakeFiles/arm_main.axf.dir/bdc_motor.c.obj
 .ARM.attributes
                0x0000000000000072       0x39 CMakeFiles/arm_main.axf.dir/home/steven/Documents/Robotics/tiva_test/catkin_ws/build/arm/ros_lib/startup_gcc.c.obj
 .ARM.attributes
                0x00000000000000ab       0x39 CMakeFiles/arm_main.axf.dir/home/steven/Documents/Robotics/tiva_test/catkin_ws/build/arm/ros_lib/time.cpp.obj
 .ARM.attributes
                0x00000000000000e4       0x39 CMakeFiles/arm_main.axf.dir/home/steven/Documents/Robotics/tiva_test/catkin_ws/build/arm/ros_lib/tivac_hardware.cpp.obj
 .ARM.attributes
                0x000000000000011d       0x39 CMakeFiles/arm_main.axf.dir/home/steven/Documents/Robotics/tiva_test/catkin_ws/build/arm/ros_lib/usb_serial_structs.c.obj
 .ARM.attributes
                0x0000000000000156       0x39 /home/steven/tivaware/usblib/gcc/libusb.a(usbbuffer.o)
 .ARM.attributes
                0x000000000000018f       0x39 /home/steven/tivaware/usblib/gcc/libusb.a(usbdcdc.o)
 .ARM.attributes
                0x00000000000001c8       0x39 /home/steven/tivaware/usblib/gcc/libusb.a(usbdenum.o)
 .ARM.attributes
                0x0000000000000201       0x39 /home/steven/tivaware/usblib/gcc/libusb.a(usbdhandler.o)
 .ARM.attributes
                0x000000000000023a       0x39 /home/steven/tivaware/usblib/gcc/libusb.a(usbdma.o)
 .ARM.attributes
                0x0000000000000273       0x39 /home/steven/tivaware/usblib/gcc/libusb.a(usbmode.o)
 .ARM.attributes
                0x00000000000002ac       0x39 /home/steven/tivaware/usblib/gcc/libusb.a(usbringbuf.o)
 .ARM.attributes
                0x00000000000002e5       0x39 /home/steven/tivaware/usblib/gcc/libusb.a(usbtick.o)
 .ARM.attributes
                0x000000000000031e       0x39 /home/steven/tivaware/usblib/gcc/libusb.a(usbulpi.o)
 .ARM.attributes
                0x0000000000000357       0x39 /home/steven/tivaware/usblib/gcc/libusb.a(usbdcdesc.o)
 .ARM.attributes
                0x0000000000000390       0x39 /home/steven/tivaware/usblib/gcc/libusb.a(usbdconfig.o)
 .ARM.attributes
                0x00000000000003c9       0x39 /home/steven/tivaware/usblib/gcc/libusb.a(usbdesc.o)
 .ARM.attributes
                0x0000000000000402       0x39 /home/steven/tivaware/driverlib/gcc/libdriver.a(adc.o)
 .ARM.attributes
                0x000000000000043b       0x39 /home/steven/tivaware/driverlib/gcc/libdriver.a(gpio.o)
 .ARM.attributes
                0x0000000000000474       0x39 /home/steven/tivaware/driverlib/gcc/libdriver.a(interrupt.o)
 .ARM.attributes
                0x00000000000004ad       0x39 /home/steven/tivaware/driverlib/gcc/libdriver.a(pwm.o)
 .ARM.attributes
                0x00000000000004e6       0x39 /home/steven/tivaware/driverlib/gcc/libdriver.a(sysctl.o)
 .ARM.attributes
                0x000000000000051f       0x39 /home/steven/tivaware/driverlib/gcc/libdriver.a(systick.o)
 .ARM.attributes
                0x0000000000000558       0x39 /home/steven/tivaware/driverlib/gcc/libdriver.a(udma.o)
 .ARM.attributes
                0x0000000000000591       0x39 /home/steven/tivaware/driverlib/gcc/libdriver.a(usb.o)
 .ARM.attributes
                0x00000000000005ca       0x39 /home/steven/tivaware/driverlib/gcc/libdriver.a(cpu.o)
 .ARM.attributes
                0x0000000000000603       0x20 /usr/lib/gcc/arm-none-eabi/6.2.0/../../../../arm-none-eabi/lib/armv7e-m/fpu/libc.a(lib_a-memcpy.o)
 .ARM.attributes
                0x0000000000000623       0x34 /usr/lib/gcc/arm-none-eabi/6.2.0/../../../../arm-none-eabi/lib/armv7e-m/fpu/libc.a(lib_a-realloc.o)
 .ARM.attributes
                0x0000000000000657       0x34 /usr/lib/gcc/arm-none-eabi/6.2.0/../../../../arm-none-eabi/lib/armv7e-m/fpu/libc.a(lib_a-reallocr.o)
 .ARM.attributes
                0x000000000000068b       0x20 /usr/lib/gcc/arm-none-eabi/6.2.0/../../../../arm-none-eabi/lib/armv7e-m/fpu/libc.a(lib_a-strlen.o)
 .ARM.attributes
                0x00000000000006ab       0x34 /usr/lib/gcc/arm-none-eabi/6.2.0/../../../../arm-none-eabi/lib/armv7e-m/fpu/libc.a(lib_a-freer.o)
 .ARM.attributes
                0x00000000000006df       0x34 /usr/lib/gcc/arm-none-eabi/6.2.0/../../../../arm-none-eabi/lib/armv7e-m/fpu/libc.a(lib_a-impure.o)
 .ARM.attributes
                0x0000000000000713       0x34 /usr/lib/gcc/arm-none-eabi/6.2.0/../../../../arm-none-eabi/lib/armv7e-m/fpu/libc.a(lib_a-mallocr.o)
 .ARM.attributes
                0x0000000000000747       0x34 /usr/lib/gcc/arm-none-eabi/6.2.0/../../../../arm-none-eabi/lib/armv7e-m/fpu/libc.a(lib_a-memmove.o)
 .ARM.attributes
                0x000000000000077b       0x34 /usr/lib/gcc/arm-none-eabi/6.2.0/../../../../arm-none-eabi/lib/armv7e-m/fpu/libc.a(lib_a-mlock.o)
 .ARM.attributes
                0x00000000000007af       0x34 /usr/lib/gcc/arm-none-eabi/6.2.0/../../../../arm-none-eabi/lib/armv7e-m/fpu/libc.a(lib_a-sbrkr.o)
 .ARM.attributes
                0x00000000000007e3       0x34 /usr/lib/gcc/arm-none-eabi/6.2.0/../../../../arm-none-eabi/lib/armv7e-m/fpu/libc.a(lib_a-reent.o)
 .ARM.attributes
                0x0000000000000817       0x34 /usr/lib/gcc/arm-none-eabi/6.2.0/../../../../arm-none-eabi/lib/armv7e-m/fpu/libnosys.a(sbrk.o)

.debug_line     0x0000000000000000     0x1130
 .debug_line    0x0000000000000000       0xbb /usr/lib/gcc/arm-none-eabi/6.2.0/../../../../arm-none-eabi/lib/armv7e-m/fpu/libc.a(lib_a-memcpy.o)
 .debug_line    0x00000000000000bb      0x142 /usr/lib/gcc/arm-none-eabi/6.2.0/../../../../arm-none-eabi/lib/armv7e-m/fpu/libc.a(lib_a-realloc.o)
 .debug_line    0x00000000000001fd      0x262 /usr/lib/gcc/arm-none-eabi/6.2.0/../../../../arm-none-eabi/lib/armv7e-m/fpu/libc.a(lib_a-reallocr.o)
 .debug_line    0x000000000000045f       0xac /usr/lib/gcc/arm-none-eabi/6.2.0/../../../../arm-none-eabi/lib/armv7e-m/fpu/libc.a(lib_a-strlen.o)
 .debug_line    0x000000000000050b      0x259 /usr/lib/gcc/arm-none-eabi/6.2.0/../../../../arm-none-eabi/lib/armv7e-m/fpu/libc.a(lib_a-freer.o)
 .debug_line    0x0000000000000764       0xe1 /usr/lib/gcc/arm-none-eabi/6.2.0/../../../../arm-none-eabi/lib/armv7e-m/fpu/libc.a(lib_a-impure.o)
 .debug_line    0x0000000000000845      0x381 /usr/lib/gcc/arm-none-eabi/6.2.0/../../../../arm-none-eabi/lib/armv7e-m/fpu/libc.a(lib_a-mallocr.o)
 .debug_line    0x0000000000000bc6      0x16c /usr/lib/gcc/arm-none-eabi/6.2.0/../../../../arm-none-eabi/lib/armv7e-m/fpu/libc.a(lib_a-memmove.o)
 .debug_line    0x0000000000000d32       0xf0 /usr/lib/gcc/arm-none-eabi/6.2.0/../../../../arm-none-eabi/lib/armv7e-m/fpu/libc.a(lib_a-mlock.o)
 .debug_line    0x0000000000000e22      0x14a /usr/lib/gcc/arm-none-eabi/6.2.0/../../../../arm-none-eabi/lib/armv7e-m/fpu/libc.a(lib_a-sbrkr.o)
 .debug_line    0x0000000000000f6c      0x169 /usr/lib/gcc/arm-none-eabi/6.2.0/../../../../arm-none-eabi/lib/armv7e-m/fpu/libc.a(lib_a-reent.o)
 .debug_line    0x00000000000010d5       0x5b /usr/lib/gcc/arm-none-eabi/6.2.0/../../../../arm-none-eabi/lib/armv7e-m/fpu/libnosys.a(sbrk.o)

.debug_info     0x0000000000000000     0x6176
 .debug_info    0x0000000000000000       0xc9 /usr/lib/gcc/arm-none-eabi/6.2.0/../../../../arm-none-eabi/lib/armv7e-m/fpu/libc.a(lib_a-memcpy.o)
 .debug_info    0x00000000000000c9      0x8f6 /usr/lib/gcc/arm-none-eabi/6.2.0/../../../../arm-none-eabi/lib/armv7e-m/fpu/libc.a(lib_a-realloc.o)
 .debug_info    0x00000000000009bf      0xdac /usr/lib/gcc/arm-none-eabi/6.2.0/../../../../arm-none-eabi/lib/armv7e-m/fpu/libc.a(lib_a-reallocr.o)
 .debug_info    0x000000000000176b       0xc8 /usr/lib/gcc/arm-none-eabi/6.2.0/../../../../arm-none-eabi/lib/armv7e-m/fpu/libc.a(lib_a-strlen.o)
 .debug_info    0x0000000000001833      0xca9 /usr/lib/gcc/arm-none-eabi/6.2.0/../../../../arm-none-eabi/lib/armv7e-m/fpu/libc.a(lib_a-freer.o)
 .debug_info    0x00000000000024dc      0x8a5 /usr/lib/gcc/arm-none-eabi/6.2.0/../../../../arm-none-eabi/lib/armv7e-m/fpu/libc.a(lib_a-impure.o)
 .debug_info    0x0000000000002d81      0xdf1 /usr/lib/gcc/arm-none-eabi/6.2.0/../../../../arm-none-eabi/lib/armv7e-m/fpu/libc.a(lib_a-mallocr.o)
 .debug_info    0x0000000000003b72      0x92a /usr/lib/gcc/arm-none-eabi/6.2.0/../../../../arm-none-eabi/lib/armv7e-m/fpu/libc.a(lib_a-memmove.o)
 .debug_info    0x000000000000449c      0x8d8 /usr/lib/gcc/arm-none-eabi/6.2.0/../../../../arm-none-eabi/lib/armv7e-m/fpu/libc.a(lib_a-mlock.o)
 .debug_info    0x0000000000004d74      0x95a /usr/lib/gcc/arm-none-eabi/6.2.0/../../../../arm-none-eabi/lib/armv7e-m/fpu/libc.a(lib_a-sbrkr.o)
 .debug_info    0x00000000000056ce      0xa18 /usr/lib/gcc/arm-none-eabi/6.2.0/../../../../arm-none-eabi/lib/armv7e-m/fpu/libc.a(lib_a-reent.o)
 .debug_info    0x00000000000060e6       0x90 /usr/lib/gcc/arm-none-eabi/6.2.0/../../../../arm-none-eabi/lib/armv7e-m/fpu/libnosys.a(sbrk.o)

.debug_abbrev   0x0000000000000000     0x13e1
 .debug_abbrev  0x0000000000000000       0x14 /usr/lib/gcc/arm-none-eabi/6.2.0/../../../../arm-none-eabi/lib/armv7e-m/fpu/libc.a(lib_a-memcpy.o)
 .debug_abbrev  0x0000000000000014      0x1eb /usr/lib/gcc/arm-none-eabi/6.2.0/../../../../arm-none-eabi/lib/armv7e-m/fpu/libc.a(lib_a-realloc.o)
 .debug_abbrev  0x00000000000001ff      0x260 /usr/lib/gcc/arm-none-eabi/6.2.0/../../../../arm-none-eabi/lib/armv7e-m/fpu/libc.a(lib_a-reallocr.o)
 .debug_abbrev  0x000000000000045f       0x14 /usr/lib/gcc/arm-none-eabi/6.2.0/../../../../arm-none-eabi/lib/armv7e-m/fpu/libc.a(lib_a-strlen.o)
 .debug_abbrev  0x0000000000000473      0x27a /usr/lib/gcc/arm-none-eabi/6.2.0/../../../../arm-none-eabi/lib/armv7e-m/fpu/libc.a(lib_a-freer.o)
 .debug_abbrev  0x00000000000006ed      0x189 /usr/lib/gcc/arm-none-eabi/6.2.0/../../../../arm-none-eabi/lib/armv7e-m/fpu/libc.a(lib_a-impure.o)
 .debug_abbrev  0x0000000000000876      0x2c4 /usr/lib/gcc/arm-none-eabi/6.2.0/../../../../arm-none-eabi/lib/armv7e-m/fpu/libc.a(lib_a-mallocr.o)
 .debug_abbrev  0x0000000000000b3a      0x1d2 /usr/lib/gcc/arm-none-eabi/6.2.0/../../../../arm-none-eabi/lib/armv7e-m/fpu/libc.a(lib_a-memmove.o)
 .debug_abbrev  0x0000000000000d0c      0x1ca /usr/lib/gcc/arm-none-eabi/6.2.0/../../../../arm-none-eabi/lib/armv7e-m/fpu/libc.a(lib_a-mlock.o)
 .debug_abbrev  0x0000000000000ed6      0x20c /usr/lib/gcc/arm-none-eabi/6.2.0/../../../../arm-none-eabi/lib/armv7e-m/fpu/libc.a(lib_a-sbrkr.o)
 .debug_abbrev  0x00000000000010e2      0x26d /usr/lib/gcc/arm-none-eabi/6.2.0/../../../../arm-none-eabi/lib/armv7e-m/fpu/libc.a(lib_a-reent.o)
 .debug_abbrev  0x000000000000134f       0x92 /usr/lib/gcc/arm-none-eabi/6.2.0/../../../../arm-none-eabi/lib/armv7e-m/fpu/libnosys.a(sbrk.o)

.debug_aranges  0x0000000000000000      0x178
 .debug_aranges
                0x0000000000000000       0x20 /usr/lib/gcc/arm-none-eabi/6.2.0/../../../../arm-none-eabi/lib/armv7e-m/fpu/libc.a(lib_a-memcpy.o)
 .debug_aranges
                0x0000000000000020       0x20 /usr/lib/gcc/arm-none-eabi/6.2.0/../../../../arm-none-eabi/lib/armv7e-m/fpu/libc.a(lib_a-realloc.o)
 .debug_aranges
                0x0000000000000040       0x20 /usr/lib/gcc/arm-none-eabi/6.2.0/../../../../arm-none-eabi/lib/armv7e-m/fpu/libc.a(lib_a-reallocr.o)
 .debug_aranges
                0x0000000000000060       0x20 /usr/lib/gcc/arm-none-eabi/6.2.0/../../../../arm-none-eabi/lib/armv7e-m/fpu/libc.a(lib_a-strlen.o)
 .debug_aranges
                0x0000000000000080       0x20 /usr/lib/gcc/arm-none-eabi/6.2.0/../../../../arm-none-eabi/lib/armv7e-m/fpu/libc.a(lib_a-freer.o)
 .debug_aranges
                0x00000000000000a0       0x18 /usr/lib/gcc/arm-none-eabi/6.2.0/../../../../arm-none-eabi/lib/armv7e-m/fpu/libc.a(lib_a-impure.o)
 .debug_aranges
                0x00000000000000b8       0x20 /usr/lib/gcc/arm-none-eabi/6.2.0/../../../../arm-none-eabi/lib/armv7e-m/fpu/libc.a(lib_a-mallocr.o)
 .debug_aranges
                0x00000000000000d8       0x20 /usr/lib/gcc/arm-none-eabi/6.2.0/../../../../arm-none-eabi/lib/armv7e-m/fpu/libc.a(lib_a-memmove.o)
 .debug_aranges
                0x00000000000000f8       0x20 /usr/lib/gcc/arm-none-eabi/6.2.0/../../../../arm-none-eabi/lib/armv7e-m/fpu/libc.a(lib_a-mlock.o)
 .debug_aranges
                0x0000000000000118       0x20 /usr/lib/gcc/arm-none-eabi/6.2.0/../../../../arm-none-eabi/lib/armv7e-m/fpu/libc.a(lib_a-sbrkr.o)
 .debug_aranges
                0x0000000000000138       0x20 /usr/lib/gcc/arm-none-eabi/6.2.0/../../../../arm-none-eabi/lib/armv7e-m/fpu/libc.a(lib_a-reent.o)
 .debug_aranges
                0x0000000000000158       0x20 /usr/lib/gcc/arm-none-eabi/6.2.0/../../../../arm-none-eabi/lib/armv7e-m/fpu/libnosys.a(sbrk.o)

.debug_loc      0x0000000000000000     0x256f
 .debug_loc     0x0000000000000000       0x58 /usr/lib/gcc/arm-none-eabi/6.2.0/../../../../arm-none-eabi/lib/armv7e-m/fpu/libc.a(lib_a-realloc.o)
 .debug_loc     0x0000000000000058      0xeb0 /usr/lib/gcc/arm-none-eabi/6.2.0/../../../../arm-none-eabi/lib/armv7e-m/fpu/libc.a(lib_a-reallocr.o)
 .debug_loc     0x0000000000000f08      0x568 /usr/lib/gcc/arm-none-eabi/6.2.0/../../../../arm-none-eabi/lib/armv7e-m/fpu/libc.a(lib_a-freer.o)
 .debug_loc     0x0000000000001470      0xcf4 /usr/lib/gcc/arm-none-eabi/6.2.0/../../../../arm-none-eabi/lib/armv7e-m/fpu/libc.a(lib_a-mallocr.o)
 .debug_loc     0x0000000000002164      0x269 /usr/lib/gcc/arm-none-eabi/6.2.0/../../../../arm-none-eabi/lib/armv7e-m/fpu/libc.a(lib_a-memmove.o)
 .debug_loc     0x00000000000023cd       0x4d /usr/lib/gcc/arm-none-eabi/6.2.0/../../../../arm-none-eabi/lib/armv7e-m/fpu/libc.a(lib_a-sbrkr.o)
 .debug_loc     0x000000000000241a      0x11d /usr/lib/gcc/arm-none-eabi/6.2.0/../../../../arm-none-eabi/lib/armv7e-m/fpu/libc.a(lib_a-reent.o)
 .debug_loc     0x0000000000002537       0x38 /usr/lib/gcc/arm-none-eabi/6.2.0/../../../../arm-none-eabi/lib/armv7e-m/fpu/libnosys.a(sbrk.o)

.debug_str      0x0000000000000000      0xb79
 .debug_str     0x0000000000000000      0x54f /usr/lib/gcc/arm-none-eabi/6.2.0/../../../../arm-none-eabi/lib/armv7e-m/fpu/libc.a(lib_a-realloc.o)
                                        0x5c6 (size before relaxing)
 .debug_str     0x000000000000054f      0x219 /usr/lib/gcc/arm-none-eabi/6.2.0/../../../../arm-none-eabi/lib/armv7e-m/fpu/libc.a(lib_a-reallocr.o)
                                        0x7c3 (size before relaxing)
 .debug_str     0x0000000000000768       0x4b /usr/lib/gcc/arm-none-eabi/6.2.0/../../../../arm-none-eabi/lib/armv7e-m/fpu/libc.a(lib_a-freer.o)
                                        0x785 (size before relaxing)
 .debug_str     0x00000000000007b3       0x99 /usr/lib/gcc/arm-none-eabi/6.2.0/../../../../arm-none-eabi/lib/armv7e-m/fpu/libc.a(lib_a-impure.o)
                                        0x5a4 (size before relaxing)
 .debug_str     0x000000000000084c       0x97 /usr/lib/gcc/arm-none-eabi/6.2.0/../../../../arm-none-eabi/lib/armv7e-m/fpu/libc.a(lib_a-mallocr.o)
                                        0x80c (size before relaxing)
 .debug_str     0x00000000000008e3       0xc1 /usr/lib/gcc/arm-none-eabi/6.2.0/../../../../arm-none-eabi/lib/armv7e-m/fpu/libc.a(lib_a-memmove.o)
                                        0x5db (size before relaxing)
 .debug_str     0x00000000000009a4       0x45 /usr/lib/gcc/arm-none-eabi/6.2.0/../../../../arm-none-eabi/lib/armv7e-m/fpu/libc.a(lib_a-mlock.o)
                                        0x5cc (size before relaxing)
 .debug_str     0x00000000000009e9       0x44 /usr/lib/gcc/arm-none-eabi/6.2.0/../../../../arm-none-eabi/lib/armv7e-m/fpu/libc.a(lib_a-sbrkr.o)
                                        0x5e7 (size before relaxing)
 .debug_str     0x0000000000000a2d       0x5b /usr/lib/gcc/arm-none-eabi/6.2.0/../../../../arm-none-eabi/lib/armv7e-m/fpu/libc.a(lib_a-reent.o)
                                        0x5e0 (size before relaxing)
 .debug_str     0x0000000000000a88       0xf1 /usr/lib/gcc/arm-none-eabi/6.2.0/../../../../arm-none-eabi/lib/armv7e-m/fpu/libnosys.a(sbrk.o)
                                        0x10a (size before relaxing)

.debug_frame    0x0000000000000000      0x258
 .debug_frame   0x0000000000000000       0x20 /usr/lib/gcc/arm-none-eabi/6.2.0/../../../../arm-none-eabi/lib/armv7e-m/fpu/libc.a(lib_a-realloc.o)
 .debug_frame   0x0000000000000020       0x68 /usr/lib/gcc/arm-none-eabi/6.2.0/../../../../arm-none-eabi/lib/armv7e-m/fpu/libc.a(lib_a-reallocr.o)
 .debug_frame   0x0000000000000088       0x74 /usr/lib/gcc/arm-none-eabi/6.2.0/../../../../arm-none-eabi/lib/armv7e-m/fpu/libc.a(lib_a-freer.o)
 .debug_frame   0x00000000000000fc       0x58 /usr/lib/gcc/arm-none-eabi/6.2.0/../../../../arm-none-eabi/lib/armv7e-m/fpu/libc.a(lib_a-mallocr.o)
 .debug_frame   0x0000000000000154       0x30 /usr/lib/gcc/arm-none-eabi/6.2.0/../../../../arm-none-eabi/lib/armv7e-m/fpu/libc.a(lib_a-memmove.o)
 .debug_frame   0x0000000000000184       0x30 /usr/lib/gcc/arm-none-eabi/6.2.0/../../../../arm-none-eabi/lib/armv7e-m/fpu/libc.a(lib_a-mlock.o)
 .debug_frame   0x00000000000001b4       0x2c /usr/lib/gcc/arm-none-eabi/6.2.0/../../../../arm-none-eabi/lib/armv7e-m/fpu/libc.a(lib_a-sbrkr.o)
 .debug_frame   0x00000000000001e0       0x58 /usr/lib/gcc/arm-none-eabi/6.2.0/../../../../arm-none-eabi/lib/armv7e-m/fpu/libc.a(lib_a-reent.o)
 .debug_frame   0x0000000000000238       0x20 /usr/lib/gcc/arm-none-eabi/6.2.0/../../../../arm-none-eabi/lib/armv7e-m/fpu/libnosys.a(sbrk.o)

.debug_ranges   0x0000000000000000      0x148
 .debug_ranges  0x0000000000000000      0x108 /usr/lib/gcc/arm-none-eabi/6.2.0/../../../../arm-none-eabi/lib/armv7e-m/fpu/libc.a(lib_a-reallocr.o)
 .debug_ranges  0x0000000000000108       0x40 /usr/lib/gcc/arm-none-eabi/6.2.0/../../../../arm-none-eabi/lib/armv7e-m/fpu/libc.a(lib_a-mallocr.o)